Archive member included to satisfy reference by file (symbol)

/usr/lib/gcc/arm-none-eabi/4.9.3/../../../arm-none-eabi/lib/armv7e-m/fpu/libc_nano.a(lib_a-atexit.o)
                              /usr/lib/gcc/arm-none-eabi/4.9.3/../../../arm-none-eabi/lib/armv7e-m/fpu/crt0.o (atexit)
/usr/lib/gcc/arm-none-eabi/4.9.3/../../../arm-none-eabi/lib/armv7e-m/fpu/libc_nano.a(lib_a-ctype_.o)
                              _build/nrf52832_xxaa/nrf_log_str_formatter.c.o (__ctype_ptr__)
/usr/lib/gcc/arm-none-eabi/4.9.3/../../../arm-none-eabi/lib/armv7e-m/fpu/libc_nano.a(lib_a-exit.o)
                              /usr/lib/gcc/arm-none-eabi/4.9.3/../../../arm-none-eabi/lib/armv7e-m/fpu/crt0.o (exit)
/usr/lib/gcc/arm-none-eabi/4.9.3/../../../arm-none-eabi/lib/armv7e-m/fpu/libc_nano.a(lib_a-fini.o)
                              /usr/lib/gcc/arm-none-eabi/4.9.3/../../../arm-none-eabi/lib/armv7e-m/fpu/crt0.o (__libc_fini_array)
/usr/lib/gcc/arm-none-eabi/4.9.3/../../../arm-none-eabi/lib/armv7e-m/fpu/libc_nano.a(lib_a-impure.o)
                              /usr/lib/gcc/arm-none-eabi/4.9.3/../../../arm-none-eabi/lib/armv7e-m/fpu/libc_nano.a(lib_a-exit.o) (_global_impure_ptr)
/usr/lib/gcc/arm-none-eabi/4.9.3/../../../arm-none-eabi/lib/armv7e-m/fpu/libc_nano.a(lib_a-init.o)
                              /usr/lib/gcc/arm-none-eabi/4.9.3/../../../arm-none-eabi/lib/armv7e-m/fpu/crt0.o (__libc_init_array)
/usr/lib/gcc/arm-none-eabi/4.9.3/../../../arm-none-eabi/lib/armv7e-m/fpu/libc_nano.a(lib_a-memcpy.o)
                              _build/nrf52832_xxaa/nrf_log_frontend.c.o (memcpy)
/usr/lib/gcc/arm-none-eabi/4.9.3/../../../arm-none-eabi/lib/armv7e-m/fpu/libc_nano.a(lib_a-memset.o)
                              /usr/lib/gcc/arm-none-eabi/4.9.3/../../../arm-none-eabi/lib/armv7e-m/fpu/crt0.o (memset)
/usr/lib/gcc/arm-none-eabi/4.9.3/../../../arm-none-eabi/lib/armv7e-m/fpu/libc_nano.a(lib_a-strcpy.o)
                              _build/nrf52832_xxaa/SEGGER_RTT.c.o (strcpy)
/usr/lib/gcc/arm-none-eabi/4.9.3/../../../arm-none-eabi/lib/armv7e-m/fpu/libc_nano.a(lib_a-strlen.o)
                              _build/nrf52832_xxaa/nrf_log_frontend.c.o (strlen)
/usr/lib/gcc/arm-none-eabi/4.9.3/../../../arm-none-eabi/lib/armv7e-m/fpu/libc_nano.a(lib_a-__atexit.o)
                              /usr/lib/gcc/arm-none-eabi/4.9.3/../../../arm-none-eabi/lib/armv7e-m/fpu/libc_nano.a(lib_a-atexit.o) (__register_exitproc)
/usr/lib/gcc/arm-none-eabi/4.9.3/../../../arm-none-eabi/lib/armv7e-m/fpu/libc_nano.a(lib_a-__call_atexit.o)
                              /usr/lib/gcc/arm-none-eabi/4.9.3/../../../arm-none-eabi/lib/armv7e-m/fpu/libc_nano.a(lib_a-__atexit.o) (__call_exitprocs)
/usr/lib/gcc/arm-none-eabi/4.9.3/../../../arm-none-eabi/lib/armv7e-m/fpu/libnosys.a(_exit.o)
                              /usr/lib/gcc/arm-none-eabi/4.9.3/../../../arm-none-eabi/lib/armv7e-m/fpu/libc_nano.a(lib_a-exit.o) (_exit)
/usr/lib/gcc/arm-none-eabi/4.9.3/armv7e-m/fpu/libgcc.a(_aeabi_uldivmod.o)
                              _build/nrf52832_xxaa/bsp.c.o (__aeabi_uldivmod)
/usr/lib/gcc/arm-none-eabi/4.9.3/armv7e-m/fpu/libgcc.a(bpabi.o)
                              /usr/lib/gcc/arm-none-eabi/4.9.3/armv7e-m/fpu/libgcc.a(_aeabi_uldivmod.o) (__gnu_uldivmod_helper)
/usr/lib/gcc/arm-none-eabi/4.9.3/armv7e-m/fpu/libgcc.a(_dvmd_tls.o)
                              /usr/lib/gcc/arm-none-eabi/4.9.3/armv7e-m/fpu/libgcc.a(_aeabi_uldivmod.o) (__aeabi_ldiv0)
/usr/lib/gcc/arm-none-eabi/4.9.3/armv7e-m/fpu/libgcc.a(_divdi3.o)
                              /usr/lib/gcc/arm-none-eabi/4.9.3/armv7e-m/fpu/libgcc.a(bpabi.o) (__divdi3)
/usr/lib/gcc/arm-none-eabi/4.9.3/armv7e-m/fpu/libgcc.a(_udivdi3.o)
                              /usr/lib/gcc/arm-none-eabi/4.9.3/armv7e-m/fpu/libgcc.a(bpabi.o) (__udivdi3)

Allocating common symbols
Common symbol       size              file

nrf_nvic_state      0xc               _build/nrf52832_xxaa/app_util_platform.c.o
player              0x10              _build/nrf52832_xxaa/come_on_game.c.o
_SEGGER_RTT         0x78              _build/nrf52832_xxaa/SEGGER_RTT.c.o

Discarded input sections

 .text          0x0000000000000000        0x0 /usr/lib/gcc/arm-none-eabi/4.9.3/armv7e-m/fpu/crti.o
 .data          0x0000000000000000        0x0 /usr/lib/gcc/arm-none-eabi/4.9.3/armv7e-m/fpu/crti.o
 .bss           0x0000000000000000        0x0 /usr/lib/gcc/arm-none-eabi/4.9.3/armv7e-m/fpu/crti.o
 .data          0x0000000000000000        0x4 /usr/lib/gcc/arm-none-eabi/4.9.3/armv7e-m/fpu/crtbegin.o
 .data          0x0000000000000000        0x0 /usr/lib/gcc/arm-none-eabi/4.9.3/../../../arm-none-eabi/lib/armv7e-m/fpu/crt0.o
 .bss           0x0000000000000000        0x0 /usr/lib/gcc/arm-none-eabi/4.9.3/../../../arm-none-eabi/lib/armv7e-m/fpu/crt0.o
 .ARM.extab     0x0000000000000000        0x0 /usr/lib/gcc/arm-none-eabi/4.9.3/../../../arm-none-eabi/lib/armv7e-m/fpu/crt0.o
 .group         0x0000000000000000        0x8 _build/nrf52832_xxaa/nrf_log_backend_rtt.c.o
[...]
Memory Configuration

Name             Origin             Length             Attributes
FLASH            0x0000000000023000 0x000000000005d000 xr
RAM              0x0000000020002180 0x000000000000de80 xrw
*default*        0x0000000000000000 0xffffffffffffffff

Linker script and memory map


.text           0x0000000000023000     0xa5bc
 *(.isr_vector)
 .isr_vector    0x0000000000023000      0x200 _build/nrf52832_xxaa/gcc_startup_nrf52.S.o
                0x0000000000023000                __isr_vector
 *(.text*)
 .text          0x0000000000023200       0xa4 /usr/lib/gcc/arm-none-eabi/4.9.3/armv7e-m/fpu/crtbegin.o
 .text          0x00000000000232a4       0x68 /usr/lib/gcc/arm-none-eabi/4.9.3/../../../arm-none-eabi/lib/armv7e-m/fpu/crt0.o
                0x00000000000232a4                _mainCRTStartup
                0x00000000000232a4                _start
 .text.nrf_log_backend_serial_put
                0x000000000002330c       0xe0 _build/nrf52832_xxaa/nrf_log_backend_serial.c.o
                0x000000000002330c                nrf_log_backend_serial_put
 .text.uart_evt_handler
                0x00000000000233ec        0xc _build/nrf52832_xxaa/nrf_log_backend_uart.c.o
 .text.nrf_log_backend_uart_flush
                0x00000000000233f8        0x4 _build/nrf52832_xxaa/nrf_log_backend_uart.c.o
 .text.nrf_log_backend_uart_panic_set
                0x00000000000233fc       0x54 _build/nrf52832_xxaa/nrf_log_backend_uart.c.o
 .text.nrf_log_backend_uart_put
                0x0000000000023450       0x20 _build/nrf52832_xxaa/nrf_log_backend_uart.c.o
 .text.serial_tx
                0x0000000000023470       0x34 _build/nrf52832_xxaa/nrf_log_backend_uart.c.o
 .text.nrf_log_backend_uart_init
                0x00000000000234a4       0x54 _build/nrf52832_xxaa/nrf_log_backend_uart.c.o
                0x00000000000234a4                nrf_log_backend_uart_init
 .text.nrf_log_default_backends_init
                0x00000000000234f8       0x1c _build/nrf52832_xxaa/nrf_log_default_backends.c.o
                0x00000000000234f8                nrf_log_default_backends_init
 .text.nrf_log_init
                0x0000000000023514       0x58 _build/nrf52832_xxaa/nrf_log_frontend.c.o
                0x0000000000023514                nrf_log_init
 .text.nrf_log_module_name_get
                0x000000000002356c       0x58 _build/nrf52832_xxaa/nrf_log_frontend.c.o
                0x000000000002356c                nrf_log_module_name_get
 .text.nrf_log_color_id_get
                0x00000000000235c4       0x2c _build/nrf52832_xxaa/nrf_log_frontend.c.o
                0x00000000000235c4                nrf_log_color_id_get
 .text.nrf_log_frontend_dequeue
                0x00000000000235f0      0x22c _build/nrf52832_xxaa/nrf_log_frontend.c.o
                0x00000000000235f0                nrf_log_frontend_dequeue
 .text.nrf_log_frontend_std_0
                0x000000000002381c      0x17c _build/nrf52832_xxaa/nrf_log_frontend.c.o
                0x000000000002381c                nrf_log_frontend_std_0
 .text.nrf_log_frontend_std_1
                0x0000000000023998      0x18c _build/nrf52832_xxaa/nrf_log_frontend.c.o
                0x0000000000023998                nrf_log_frontend_std_1
 .text.nrf_log_frontend_std_2
                0x0000000000023b24      0x1a0 _build/nrf52832_xxaa/nrf_log_frontend.c.o
                0x0000000000023b24                nrf_log_frontend_std_2
 .text.nrf_log_backend_add
                0x0000000000023cc4       0x58 _build/nrf52832_xxaa/nrf_log_frontend.c.o
                0x0000000000023cc4                nrf_log_backend_add
 .text.nrf_log_panic
                0x0000000000023d1c       0x28 _build/nrf52832_xxaa/nrf_log_frontend.c.o
                0x0000000000023d1c                nrf_log_panic
 .text.nrf_log_std_entry_process
                0x0000000000023d44      0x130 _build/nrf52832_xxaa/nrf_log_str_formatter.c.o
                0x0000000000023d44                nrf_log_std_entry_process
 .text.nrf_log_hexdump_entry_process
                0x0000000000023e74      0x124 _build/nrf52832_xxaa/nrf_log_str_formatter.c.o
                0x0000000000023e74                nrf_log_hexdump_entry_process
 .text.detection_delay_timeout_handler
                0x0000000000023f98       0xa4 _build/nrf52832_xxaa/app_button.c.o
 .text.gpiote_event_handler
                0x000000000002403c       0x5c _build/nrf52832_xxaa/app_button.c.o
 .text.app_button_init
                0x0000000000024098       0xb0 _build/nrf52832_xxaa/app_button.c.o
                0x0000000000024098                app_button_init
 .text.app_button_enable
                0x0000000000024148       0x2c _build/nrf52832_xxaa/app_button.c.o
                0x0000000000024148                app_button_enable
 .text.app_button_disable
                0x0000000000024174       0x34 _build/nrf52832_xxaa/app_button.c.o
                0x0000000000024174                app_button_disable
 .text.app_error_handler_bare
                0x00000000000241a8       0x20 _build/nrf52832_xxaa/app_error.c.o
                0x00000000000241a8                app_error_handler_bare
 .text.app_error_fault_handler
                0x00000000000241c8       0x68 _build/nrf52832_xxaa/app_error_weak.c.o
                0x00000000000241c8                app_error_fault_handler
 .text.app_sched_init
                0x0000000000024230       0x5c _build/nrf52832_xxaa/app_scheduler.c.o
                0x0000000000024230                app_sched_init
 .text.app_sched_event_put
                0x000000000002428c       0xd0 _build/nrf52832_xxaa/app_scheduler.c.o
                0x000000000002428c                app_sched_event_put
 .text.app_sched_execute
                0x000000000002435c       0x7c _build/nrf52832_xxaa/app_scheduler.c.o
                0x000000000002435c                app_sched_execute
 .text.RTC1_IRQHandler
                0x00000000000243d8       0xa0 _build/nrf52832_xxaa/app_timer.c.o
                0x00000000000243d8                RTC1_IRQHandler
 .text.SWI0_EGU0_IRQHandler
                0x0000000000024478      0x610 _build/nrf52832_xxaa/app_timer.c.o
                0x0000000000024478                SWI0_EGU0_IRQHandler
 .text.app_timer_init
                0x0000000000024a88      0x194 _build/nrf52832_xxaa/app_timer.c.o
                0x0000000000024a88                app_timer_init
 .text.app_timer_create
                0x0000000000024c1c       0x24 _build/nrf52832_xxaa/app_timer.c.o
                0x0000000000024c1c                app_timer_create
 .text.app_timer_start
                0x0000000000024c40       0xb4 _build/nrf52832_xxaa/app_timer.c.o
                0x0000000000024c40                app_timer_start
 .text.app_timer_stop
                0x0000000000024cf4       0x78 _build/nrf52832_xxaa/app_timer.c.o
                0x0000000000024cf4                app_timer_stop
 .text.app_util_critical_region_enter
                0x0000000000024d6c       0x50 _build/nrf52832_xxaa/app_util_platform.c.o
                0x0000000000024d6c                app_util_critical_region_enter
 .text.app_util_critical_region_exit
                0x0000000000024dbc       0x30 _build/nrf52832_xxaa/app_util_platform.c.o
                0x0000000000024dbc                app_util_critical_region_exit
 .text.nrf_balloc_init
                0x0000000000024dec       0x38 _build/nrf52832_xxaa/nrf_balloc.c.o
                0x0000000000024dec                nrf_balloc_init
 .text.nrf_balloc_alloc
                0x0000000000024e24       0x50 _build/nrf52832_xxaa/nrf_balloc.c.o
                0x0000000000024e24                nrf_balloc_alloc
 .text.nrf_balloc_free
                0x0000000000024e74       0x38 _build/nrf52832_xxaa/nrf_balloc.c.o
                0x0000000000024e74                nrf_balloc_free
 .text.nrf_fprintf_buffer_flush
                0x0000000000024eac       0x18 _build/nrf52832_xxaa/nrf_fprintf.c.o
                0x0000000000024eac                nrf_fprintf_buffer_flush
 .text.nrf_fprintf
                0x0000000000024ec4       0x20 _build/nrf52832_xxaa/nrf_fprintf.c.o
                0x0000000000024ec4                nrf_fprintf
 .text.unsigned_print
                0x0000000000024ee4      0x108 _build/nrf52832_xxaa/nrf_fprintf_format.c.o
 .text.nrf_fprintf_fmt
                0x0000000000024fec      0x500 _build/nrf52832_xxaa/nrf_fprintf_format.c.o
                0x0000000000024fec                nrf_fprintf_fmt
 .text.nrf_memobj_pool_init
                0x00000000000254ec        0x4 _build/nrf52832_xxaa/nrf_memobj.c.o
                0x00000000000254ec                nrf_memobj_pool_init
 .text.nrf_memobj_alloc
                0x00000000000254f0       0x8c _build/nrf52832_xxaa/nrf_memobj.c.o
                0x00000000000254f0                nrf_memobj_alloc
 .text.nrf_memobj_get
                0x000000000002557c       0x20 _build/nrf52832_xxaa/nrf_memobj.c.o
                0x000000000002557c                nrf_memobj_get
 .text.nrf_memobj_put
                0x000000000002559c       0x4c _build/nrf52832_xxaa/nrf_memobj.c.o
                0x000000000002559c                nrf_memobj_put
 .text.nrf_memobj_write
                0x00000000000255e8       0x50 _build/nrf52832_xxaa/nrf_memobj.c.o
                0x00000000000255e8                nrf_memobj_write
 .text.nrf_memobj_read
                0x0000000000025638       0x50 _build/nrf52832_xxaa/nrf_memobj.c.o
                0x0000000000025638                nrf_memobj_read
 .text.nrf_section_iter_init
                0x0000000000025688       0x14 _build/nrf52832_xxaa/nrf_section_iter.c.o
                0x0000000000025688                nrf_section_iter_init
 .text.nrf_section_iter_next
                0x000000000002569c       0x18 _build/nrf52832_xxaa/nrf_section_iter.c.o
                0x000000000002569c                nrf_section_iter_next
 .text.nrf_strerror_get
                0x00000000000256b4       0x6c _build/nrf52832_xxaa/nrf_strerror.c.o
                0x00000000000256b4                nrf_strerror_get
 .text.sdk_mapped_flags_first_key_index_get
                0x0000000000025720       0x2c _build/nrf52832_xxaa/sdk_mapped_flags.c.o
                0x0000000000025720                sdk_mapped_flags_first_key_index_get
 .text.sdk_mapped_flags_update_by_key
                0x000000000002574c       0x3c _build/nrf52832_xxaa/sdk_mapped_flags.c.o
                0x000000000002574c                sdk_mapped_flags_update_by_key
 .text.sdk_mapped_flags_bulk_update_by_key
                0x0000000000025788       0x58 _build/nrf52832_xxaa/sdk_mapped_flags.c.o
                0x0000000000025788                sdk_mapped_flags_bulk_update_by_key
 .text.sdk_mapped_flags_key_list_get
                0x00000000000257e0       0x34 _build/nrf52832_xxaa/sdk_mapped_flags.c.o
                0x00000000000257e0                sdk_mapped_flags_key_list_get
 .text.bsp_board_led_on
                0x0000000000025814       0x18 _build/nrf52832_xxaa/boards.c.o
                0x0000000000025814                bsp_board_led_on
 .text.bsp_board_led_off
                0x000000000002582c       0x18 _build/nrf52832_xxaa/boards.c.o
                0x000000000002582c                bsp_board_led_off
 .text.bsp_board_led_invert
                0x0000000000025844       0x24 _build/nrf52832_xxaa/boards.c.o
                0x0000000000025844                bsp_board_led_invert
 .text.bsp_board_leds_init
                0x0000000000025868       0x3c _build/nrf52832_xxaa/boards.c.o
                0x0000000000025868                bsp_board_leds_init
 .text.soc_evt_handler
                0x00000000000258a4       0x24 _build/nrf52832_xxaa/nrf_drv_clock.c.o
 .text.sd_state_evt_handler
                0x00000000000258c8       0xc0 _build/nrf52832_xxaa/nrf_drv_clock.c.o
 .text.POWER_CLOCK_IRQHandler
                0x0000000000025988       0x84 _build/nrf52832_xxaa/nrf_drv_clock.c.o
                0x0000000000025988                POWER_CLOCK_IRQHandler
 .text.nrf_drv_common_irq_enable
                0x0000000000025a0c       0x50 _build/nrf52832_xxaa/nrf_drv_common.c.o
                0x0000000000025a0c                nrf_drv_common_irq_enable
 .text.nrf_drv_gpiote_init
                0x0000000000025a5c       0x84 _build/nrf52832_xxaa/nrf_drv_gpiote.c.o
                0x0000000000025a5c                nrf_drv_gpiote_init
 .text.nrf_drv_gpiote_is_init
                0x0000000000025ae0       0x14 _build/nrf52832_xxaa/nrf_drv_gpiote.c.o
                0x0000000000025ae0                nrf_drv_gpiote_is_init
 .text.nrf_drv_gpiote_in_init
                0x0000000000025af4      0x194 _build/nrf52832_xxaa/nrf_drv_gpiote.c.o
                0x0000000000025af4                nrf_drv_gpiote_in_init
 .text.nrf_drv_gpiote_in_event_enable
                0x0000000000025c88       0xc4 _build/nrf52832_xxaa/nrf_drv_gpiote.c.o
                0x0000000000025c88                nrf_drv_gpiote_in_event_enable
 .text.nrf_drv_gpiote_in_event_disable
                0x0000000000025d4c       0x60 _build/nrf52832_xxaa/nrf_drv_gpiote.c.o
                0x0000000000025d4c                nrf_drv_gpiote_in_event_disable
 .text.nrf_drv_gpiote_in_is_set
                0x0000000000025dac       0x14 _build/nrf52832_xxaa/nrf_drv_gpiote.c.o
                0x0000000000025dac                nrf_drv_gpiote_in_is_set
 .text.GPIOTE_IRQHandler
                0x0000000000025dc0      0x2c8 _build/nrf52832_xxaa/nrf_drv_gpiote.c.o
                0x0000000000025dc0                GPIOTE_IRQHandler
 .text.nrf_drv_spi_init
                0x0000000000026088      0x154 _build/nrf52832_xxaa/nrf_drv_spi.c.o
                0x0000000000026088                nrf_drv_spi_init
 .text.nrf_drv_spi_transfer
                0x00000000000261dc      0x114 _build/nrf52832_xxaa/nrf_drv_spi.c.o
                0x00000000000261dc                nrf_drv_spi_transfer
 .text.SPIM0_SPIS0_TWIM0_TWIS0_SPI0_TWI0_IRQHandler
                0x00000000000262f0       0x50 _build/nrf52832_xxaa/nrf_drv_spi.c.o
                0x00000000000262f0                SPIM0_SPIS0_TWIM0_TWIS0_SPI0_TWI0_IRQHandler
 .text.SPIM1_SPIS1_TWIM1_TWIS1_SPI1_TWI1_IRQHandler
                0x0000000000026340       0x54 _build/nrf52832_xxaa/nrf_drv_spi.c.o
                0x0000000000026340                SPIM1_SPIS1_TWIM1_TWIS1_SPI1_TWI1_IRQHandler
 .text.nrf_drv_uart_init
                0x0000000000026394      0x1dc _build/nrf52832_xxaa/nrf_drv_uart.c.o
                0x0000000000026394                nrf_drv_uart_init
 .text.nrf_drv_uart_uninit
                0x0000000000026570      0x10c _build/nrf52832_xxaa/nrf_drv_uart.c.o
                0x0000000000026570                nrf_drv_uart_uninit
 .text.nrf_drv_uart_tx
                0x000000000002667c      0x174 _build/nrf52832_xxaa/nrf_drv_uart.c.o
                0x000000000002667c                nrf_drv_uart_tx
 .text.UARTE0_UART0_IRQHandler
                0x00000000000267f0      0x2fc _build/nrf52832_xxaa/nrf_drv_uart.c.o
                0x00000000000267f0                UARTE0_UART0_IRQHandler
 .text.TIMER0_IRQHandler
                0x0000000000026aec       0xc8 _build/nrf52832_xxaa/nrf_drv_timer.c.o
                0x0000000000026aec                TIMER0_IRQHandler
 .text.sd_app_evt_wait
                0x0000000000026bb4        0x4 _build/nrf52832_xxaa/main.c.o
 .text.startup.main
                0x0000000000026bb8       0x20 _build/nrf52832_xxaa/main.c.o
                0x0000000000026bb8                main
 .text.spi_event_handler
                0x0000000000026bd8        0xc _build/nrf52832_xxaa/come_on_spi.c.o
 .text.st7586_write.constprop.3
                0x0000000000026be4       0xd4 _build/nrf52832_xxaa/come_on_spi.c.o
 .text.st7586_write.constprop.2
                0x0000000000026cb8       0xd4 _build/nrf52832_xxaa/come_on_spi.c.o
 .text.st7586_write
                0x0000000000026d8c       0xe0 _build/nrf52832_xxaa/come_on_spi.c.o
                0x0000000000026d8c                st7586_write
 .text.lcd_init
                0x0000000000026e6c      0x4c0 _build/nrf52832_xxaa/come_on_spi.c.o
                0x0000000000026e6c                lcd_init
 .text.sd_ble_gap_adv_start
                0x000000000002732c        0x4 _build/nrf52832_xxaa/come_on_ble.c.o
 .text.sd_ble_gap_disconnect
                0x0000000000027330        0x4 _build/nrf52832_xxaa/come_on_ble.c.o
 .text.sd_ble_gap_ppcp_set
                0x0000000000027334        0x4 _build/nrf52832_xxaa/come_on_ble.c.o
 .text.sd_ble_gap_device_name_set
                0x0000000000027338        0x4 _build/nrf52832_xxaa/come_on_ble.c.o
 .text.sd_ble_gap_sec_params_reply
                0x000000000002733c        0x4 _build/nrf52832_xxaa/come_on_ble.c.o
 .text.sd_ble_gap_phy_update
                0x0000000000027340        0x4 _build/nrf52832_xxaa/come_on_ble.c.o
 .text.sd_ble_gatts_rw_authorize_reply
                0x0000000000027344        0x4 _build/nrf52832_xxaa/come_on_ble.c.o
 .text.sd_ble_gatts_sys_attr_set
                0x0000000000027348        0x4 _build/nrf52832_xxaa/come_on_ble.c.o
 .text.sd_ble_user_mem_reply
                0x000000000002734c        0x4 _build/nrf52832_xxaa/come_on_ble.c.o
 .text.p2_timer_scheduler
                0x0000000000027350        0x8 _build/nrf52832_xxaa/come_on_ble.c.o
 .text.p1_timer_scheduler
                0x0000000000027358        0x8 _build/nrf52832_xxaa/come_on_ble.c.o
 .text.conn_params_error_handler
                0x0000000000027360        0x4 _build/nrf52832_xxaa/come_on_ble.c.o
 .text.p2_timer_handler
                0x0000000000027364       0x14 _build/nrf52832_xxaa/come_on_ble.c.o
 .text.p1_timer_handler
                0x0000000000027378       0x14 _build/nrf52832_xxaa/come_on_ble.c.o
 .text.game_timer_handler
                0x000000000002738c       0x14 _build/nrf52832_xxaa/come_on_ble.c.o
 .text.button_event_handler
                0x00000000000273a0       0x34 _build/nrf52832_xxaa/come_on_ble.c.o
 .text.game_ready_scheduler
                0x00000000000273d4        0x4 _build/nrf52832_xxaa/come_on_ble.c.o
 .text.game_timer_scheduler
                0x00000000000273d8       0x44 _build/nrf52832_xxaa/come_on_ble.c.o
 .text.button_pressed_scheduler_event_handler
                0x000000000002741c       0xbc _build/nrf52832_xxaa/come_on_ble.c.o
 .text.led_write_handler
                0x00000000000274d8       0x6c _build/nrf52832_xxaa/come_on_ble.c.o
 .text.p2_btn_scheduler
                0x0000000000027544       0x94 _build/nrf52832_xxaa/come_on_ble.c.o
 .text.on_conn_params_evt
                0x00000000000275d8       0x24 _build/nrf52832_xxaa/come_on_ble.c.o
 .text.button_released_scheduler_event_handler
                0x00000000000275fc       0x78 _build/nrf52832_xxaa/come_on_ble.c.o
 .text.ble_evt_handler
                0x0000000000027674      0x18c _build/nrf52832_xxaa/come_on_ble.c.o
                0x0000000000027674                ble_evt_handler
 .text.ble_start_game_timer
                0x0000000000027800       0x10 _build/nrf52832_xxaa/come_on_ble.c.o
                0x0000000000027800                ble_start_game_timer
 .text.stop_p1_timer
                0x0000000000027810       0x18 _build/nrf52832_xxaa/come_on_ble.c.o
                0x0000000000027810                stop_p1_timer
 .text.ble_start
                0x0000000000027828      0x208 _build/nrf52832_xxaa/come_on_ble.c.o
                0x0000000000027828                ble_start
 .text.draw_ready_p
                0x0000000000027a30       0xb4 _build/nrf52832_xxaa/come_on_draw.c.o
                0x0000000000027a30                draw_ready_p
 .text.draw_walk_a
                0x0000000000027ae4       0xb4 _build/nrf52832_xxaa/come_on_draw.c.o
                0x0000000000027ae4                draw_walk_a
 .text.draw_walk_b
                0x0000000000027b98       0xb4 _build/nrf52832_xxaa/come_on_draw.c.o
                0x0000000000027b98                draw_walk_b
 .text.draw_jump
                0x0000000000027c4c       0xbc _build/nrf52832_xxaa/come_on_draw.c.o
                0x0000000000027c4c                draw_jump
 .text.draw_hp  0x0000000000027d08      0x1c4 _build/nrf52832_xxaa/come_on_draw.c.o
                0x0000000000027d08                draw_hp
 .text.draw_circle
                0x0000000000027ecc      0x190 _build/nrf52832_xxaa/come_on_draw.c.o
                0x0000000000027ecc                draw_circle
 .text.draw_ready
                0x000000000002805c       0x80 _build/nrf52832_xxaa/come_on_draw.c.o
                0x000000000002805c                draw_ready
 .text.draw_go  0x00000000000280dc       0xf0 _build/nrf52832_xxaa/come_on_draw.c.o
                0x00000000000280dc                draw_go
 .text.draw_clear
                0x00000000000281cc       0x8c _build/nrf52832_xxaa/come_on_draw.c.o
                0x00000000000281cc                draw_clear
 .text.draw_clear_rectangle
                0x0000000000028258       0xbc _build/nrf52832_xxaa/come_on_draw.c.o
                0x0000000000028258                draw_clear_rectangle
 .text.draw_time
                0x0000000000028314      0x128 _build/nrf52832_xxaa/come_on_draw.c.o
                0x0000000000028314                draw_time
 .text.draw_splash
                0x000000000002843c       0x80 _build/nrf52832_xxaa/come_on_draw.c.o
                0x000000000002843c                draw_splash
 .text.game_next_step
                0x00000000000284bc      0x170 _build/nrf52832_xxaa/come_on_game.c.o
                0x00000000000284bc                game_next_step
 .text.game_ready
                0x000000000002862c      0x11c _build/nrf52832_xxaa/come_on_game.c.o
                0x000000000002862c                game_ready
 .text.sd_ble_gap_addr_get
                0x0000000000028748        0x4 _build/nrf52832_xxaa/ble_advdata.c.o
 .text.sd_ble_gap_adv_data_set
                0x000000000002874c        0x4 _build/nrf52832_xxaa/ble_advdata.c.o
 .text.sd_ble_gap_appearance_get
                0x0000000000028750        0x4 _build/nrf52832_xxaa/ble_advdata.c.o
 .text.sd_ble_gap_device_name_get
                0x0000000000028754        0x4 _build/nrf52832_xxaa/ble_advdata.c.o
 .text.sd_ble_uuid_encode
                0x0000000000028758        0x4 _build/nrf52832_xxaa/ble_advdata.c.o
 .text.name_encode
                0x000000000002875c       0x90 _build/nrf52832_xxaa/ble_advdata.c.o
 .text.uuid_list_sized_encode
                0x00000000000287ec       0xc0 _build/nrf52832_xxaa/ble_advdata.c.o
 .text.ble_advdata_encode
                0x00000000000288ac      0x37c _build/nrf52832_xxaa/ble_advdata.c.o
                0x00000000000288ac                ble_advdata_encode
 .text.ble_advdata_set
                0x0000000000028c28      0x460 _build/nrf52832_xxaa/ble_advdata.c.o
                0x0000000000028c28                ble_advdata_set
 .text.sd_ble_gap_conn_param_update
                0x0000000000029088        0x4 _build/nrf52832_xxaa/ble_conn_params.c.o
 .text.sd_ble_gap_disconnect
                0x000000000002908c        0x4 _build/nrf52832_xxaa/ble_conn_params.c.o
 .text.sd_ble_gap_ppcp_set
                0x0000000000029090        0x4 _build/nrf52832_xxaa/ble_conn_params.c.o
 .text.sd_ble_gap_ppcp_get
                0x0000000000029094        0x4 _build/nrf52832_xxaa/ble_conn_params.c.o
 .text.update_timeout_handler
                0x0000000000029098       0x80 _build/nrf52832_xxaa/ble_conn_params.c.o
 .text.ble_evt_handler
                0x0000000000029118      0x200 _build/nrf52832_xxaa/ble_conn_params.c.o
 .text.ble_conn_params_init
                0x0000000000029318       0x80 _build/nrf52832_xxaa/ble_conn_params.c.o
                0x0000000000029318                ble_conn_params_init
 .text.ble_evt_handler
                0x0000000000029398      0x110 _build/nrf52832_xxaa/ble_conn_state.c.o
 .text.ble_srv_is_notification_enabled
                0x00000000000294a8        0x8 _build/nrf52832_xxaa/ble_srv_common.c.o
                0x00000000000294a8                ble_srv_is_notification_enabled
 .text.sd_ble_gap_data_length_update
                0x00000000000294b0        0x4 _build/nrf52832_xxaa/nrf_ble_gatt.c.o
 .text.sd_ble_gattc_exchange_mtu_request
                0x00000000000294b4        0x4 _build/nrf52832_xxaa/nrf_ble_gatt.c.o
 .text.sd_ble_gatts_exchange_mtu_reply
                0x00000000000294b8        0x4 _build/nrf52832_xxaa/nrf_ble_gatt.c.o
 .text.nrf_ble_gatt_init
                0x00000000000294bc       0x2c _build/nrf52832_xxaa/nrf_ble_gatt.c.o
                0x00000000000294bc                nrf_ble_gatt_init
 .text.nrf_ble_gatt_on_ble_evt
                0x00000000000294e8      0x210 _build/nrf52832_xxaa/nrf_ble_gatt.c.o
                0x00000000000294e8                nrf_ble_gatt_on_ble_evt
 .text          0x00000000000296f8       0x3c _build/nrf52832_xxaa/gcc_startup_nrf52.S.o
                0x00000000000296f8                Reset_Handler
                0x0000000000029720                NMI_Handler
                0x0000000000029722                HardFault_Handler
                0x0000000000029724                MemoryManagement_Handler
                0x0000000000029726                BusFault_Handler
                0x0000000000029728                UsageFault_Handler
                0x000000000002972a                SVC_Handler
                0x000000000002972c                DebugMon_Handler
                0x000000000002972e                PendSV_Handler
                0x0000000000029730                SysTick_Handler
                0x0000000000029732                TIMER2_IRQHandler
                0x0000000000029732                RTC0_IRQHandler
                0x0000000000029732                PWM1_IRQHandler
                0x0000000000029732                RADIO_IRQHandler
                0x0000000000029732                PDM_IRQHandler
                0x0000000000029732                TEMP_IRQHandler
                0x0000000000029732                QDEC_IRQHandler
                0x0000000000029732                TIMER3_IRQHandler
                0x0000000000029732                FPU_IRQHandler
                0x0000000000029732                TIMER4_IRQHandler
                0x0000000000029732                I2S_IRQHandler
                0x0000000000029732                SWI4_EGU4_IRQHandler
                0x0000000000029732                TIMER1_IRQHandler
                0x0000000000029732                PWM2_IRQHandler
                0x0000000000029732                ECB_IRQHandler
                0x0000000000029732                Default_Handler
                0x0000000000029732                SAADC_IRQHandler
                0x0000000000029732                CCM_AAR_IRQHandler
                0x0000000000029732                WDT_IRQHandler
                0x0000000000029732                SWI5_EGU5_IRQHandler
                0x0000000000029732                RNG_IRQHandler
                0x0000000000029732                RTC2_IRQHandler
                0x0000000000029732                PWM0_IRQHandler
                0x0000000000029732                SWI3_EGU3_IRQHandler
                0x0000000000029732                SWI1_EGU1_IRQHandler
                0x0000000000029732                SPIM2_SPIS2_SPI2_IRQHandler
                0x0000000000029732                NFCT_IRQHandler
                0x0000000000029732                MWU_IRQHandler
                0x0000000000029732                COMP_LPCOMP_IRQHandler
 .text.SystemInit
                0x0000000000029734      0x384 _build/nrf52832_xxaa/system_nrf52.c.o
                0x0000000000029734                SystemInit
 .text.sd_ble_gatts_service_add
                0x0000000000029ab8        0x4 _build/nrf52832_xxaa/ble_lbs.c.o
 .text.sd_ble_gatts_characteristic_add
                0x0000000000029abc        0x4 _build/nrf52832_xxaa/ble_lbs.c.o
 .text.sd_ble_gatts_hvx
                0x0000000000029ac0        0x4 _build/nrf52832_xxaa/ble_lbs.c.o
 .text.sd_ble_uuid_vs_add
                0x0000000000029ac4        0x4 _build/nrf52832_xxaa/ble_lbs.c.o
 .text.ble_lbs_on_ble_evt
                0x0000000000029ac8       0x34 _build/nrf52832_xxaa/ble_lbs.c.o
                0x0000000000029ac8                ble_lbs_on_ble_evt
 .text.ble_lbs_init
                0x0000000000029afc      0x1d4 _build/nrf52832_xxaa/ble_lbs.c.o
                0x0000000000029afc                ble_lbs_init
 .text.ble_lbs_on_button_change
                0x0000000000029cd0       0x40 _build/nrf52832_xxaa/ble_lbs.c.o
                0x0000000000029cd0                ble_lbs_on_button_change
 .text.sd_softdevice_enable
                0x0000000000029d10        0x4 _build/nrf52832_xxaa/nrf_sdh.c.o
 .text.nrf_sdh_enable_request
                0x0000000000029d14       0xfc _build/nrf52832_xxaa/nrf_sdh.c.o
                0x0000000000029d14                nrf_sdh_enable_request
 .text.nrf_sdh_is_enabled
                0x0000000000029e10        0xc _build/nrf52832_xxaa/nrf_sdh.c.o
                0x0000000000029e10                nrf_sdh_is_enabled
 .text.SWI2_EGU2_IRQHandler
                0x0000000000029e1c       0x2c _build/nrf52832_xxaa/nrf_sdh.c.o
                0x0000000000029e1c                SWI2_EGU2_IRQHandler
 .text.sd_ble_enable
                0x0000000000029e48        0x4 _build/nrf52832_xxaa/nrf_sdh_ble.c.o
 .text.sd_ble_cfg_set
                0x0000000000029e4c        0x4 _build/nrf52832_xxaa/nrf_sdh_ble.c.o
 .text.sd_ble_evt_get
                0x0000000000029e50        0x4 _build/nrf52832_xxaa/nrf_sdh_ble.c.o
 .text.nrf_sdh_ble_evts_poll
                0x0000000000029e54       0x4c _build/nrf52832_xxaa/nrf_sdh_ble.c.o
 .text.nrf_sdh_ble_default_cfg_set
                0x0000000000029ea0      0x168 _build/nrf52832_xxaa/nrf_sdh_ble.c.o
                0x0000000000029ea0                nrf_sdh_ble_default_cfg_set
 .text.nrf_sdh_ble_enable
                0x000000000002a008       0x74 _build/nrf52832_xxaa/nrf_sdh_ble.c.o
                0x000000000002a008                nrf_sdh_ble_enable
 .text.sd_evt_get
                0x000000000002a07c        0x4 _build/nrf52832_xxaa/nrf_sdh_soc.c.o
 .text.nrf_sdh_soc_evts_poll
                0x000000000002a080       0x4c _build/nrf52832_xxaa/nrf_sdh_soc.c.o
 .text.atexit   0x000000000002a0cc        0xc /usr/lib/gcc/arm-none-eabi/4.9.3/../../../arm-none-eabi/lib/armv7e-m/fpu/libc_nano.a(lib_a-atexit.o)
                0x000000000002a0cc                atexit
 .text.exit     0x000000000002a0d8       0x28 /usr/lib/gcc/arm-none-eabi/4.9.3/../../../arm-none-eabi/lib/armv7e-m/fpu/libc_nano.a(lib_a-exit.o)
                0x000000000002a0d8                exit
 .text.__libc_fini_array
                0x000000000002a100       0x28 /usr/lib/gcc/arm-none-eabi/4.9.3/../../../arm-none-eabi/lib/armv7e-m/fpu/libc_nano.a(lib_a-fini.o)
                0x000000000002a100                __libc_fini_array
 .text.__libc_init_array
                0x000000000002a128       0x4c /usr/lib/gcc/arm-none-eabi/4.9.3/../../../arm-none-eabi/lib/armv7e-m/fpu/libc_nano.a(lib_a-init.o)
                0x000000000002a128                __libc_init_array
 .text.memcpy   0x000000000002a174       0x16 /usr/lib/gcc/arm-none-eabi/4.9.3/../../../arm-none-eabi/lib/armv7e-m/fpu/libc_nano.a(lib_a-memcpy.o)
                0x000000000002a174                memcpy
 .text.memset   0x000000000002a18a       0x10 /usr/lib/gcc/arm-none-eabi/4.9.3/../../../arm-none-eabi/lib/armv7e-m/fpu/libc_nano.a(lib_a-memset.o)
                0x000000000002a18a                memset
 .text.strlen   0x000000000002a19a       0x10 /usr/lib/gcc/arm-none-eabi/4.9.3/../../../arm-none-eabi/lib/armv7e-m/fpu/libc_nano.a(lib_a-strlen.o)
                0x000000000002a19a                strlen
 *fill*         0x000000000002a1aa        0x2 
 .text.__register_exitproc
                0x000000000002a1ac       0xb8 /usr/lib/gcc/arm-none-eabi/4.9.3/../../../arm-none-eabi/lib/armv7e-m/fpu/libc_nano.a(lib_a-__atexit.o)
                0x000000000002a1ac                __register_exitproc
 .text.__call_exitprocs
                0x000000000002a264       0xd4 /usr/lib/gcc/arm-none-eabi/4.9.3/../../../arm-none-eabi/lib/armv7e-m/fpu/libc_nano.a(lib_a-__call_atexit.o)
                0x000000000002a264                __call_exitprocs
 .text._exit    0x000000000002a338        0x4 /usr/lib/gcc/arm-none-eabi/4.9.3/../../../arm-none-eabi/lib/armv7e-m/fpu/libnosys.a(_exit.o)
                0x000000000002a338                _exit
 *(.init)
 .init          0x000000000002a33c        0x4 /usr/lib/gcc/arm-none-eabi/4.9.3/armv7e-m/fpu/crti.o
                0x000000000002a33c                _init
 .init          0x000000000002a340        0x8 /usr/lib/gcc/arm-none-eabi/4.9.3/armv7e-m/fpu/crtn.o
 *(.fini)
 .fini          0x000000000002a348        0x4 /usr/lib/gcc/arm-none-eabi/4.9.3/armv7e-m/fpu/crti.o
                0x000000000002a348                _fini
 .fini          0x000000000002a34c        0x8 /usr/lib/gcc/arm-none-eabi/4.9.3/armv7e-m/fpu/crtn.o
 *crtbegin.o(.ctors)
 *crtbegin?.o(.ctors)
 *(EXCLUDE_FILE(*crtend.o *crtend?.o) .ctors)
 *(SORT(.ctors.*))
 *(.ctors)
 *crtbegin.o(.dtors)
 *crtbegin?.o(.dtors)
 *(EXCLUDE_FILE(*crtend.o *crtend?.o) .dtors)
 *(SORT(.dtors.*))
 *(.dtors)
 *(.rodata*)
 .rodata        0x000000000002a354       0x20 _build/nrf52832_xxaa/nrf_log_backend_uart.c.o
 .rodata.nrf_log_backend_uart_api
                0x000000000002a374        0xc _build/nrf52832_xxaa/nrf_log_backend_uart.c.o
                0x000000000002a374                nrf_log_backend_uart_api
 .rodata.str1.4
                0x000000000002a380        0x4 _build/nrf52832_xxaa/nrf_log_frontend.c.o
 .rodata.mempool
                0x000000000002a384       0x14 _build/nrf52832_xxaa/nrf_log_frontend.c.o
 .rodata.severity_names
                0x000000000002a398       0x14 _build/nrf52832_xxaa/nrf_log_str_formatter.c.o
 .rodata.m_colors
                0x000000000002a3ac       0x24 _build/nrf52832_xxaa/nrf_log_str_formatter.c.o
 .rodata.str1.4
                0x000000000002a3d0       0x8e _build/nrf52832_xxaa/nrf_log_str_formatter.c.o
                                         0x92 (size before relaxing)
 *fill*         0x000000000002a45e        0x2 
 .rodata.m_detection_delay_timer_id
                0x000000000002a460        0x4 _build/nrf52832_xxaa/app_button.c.o
 .rodata.str1.4
                0x000000000002a464       0x19 _build/nrf52832_xxaa/app_error_weak.c.o
 *fill*         0x000000000002a47d        0x3 
 .rodata.str1.4
                0x000000000002a480        0x7 _build/nrf52832_xxaa/nrf_balloc.c.o
 *fill*         0x000000000002a487        0x1 
 .rodata._aV2C.6815
                0x000000000002a488       0x10 _build/nrf52832_xxaa/nrf_fprintf_format.c.o
 .rodata.str1.4
                0x000000000002a498        0x9 _build/nrf52832_xxaa/nrf_pwr_mgmt.c.o
 *fill*         0x000000000002a4a1        0x3 
 .rodata.str1.4
                0x000000000002a4a4      0x308 _build/nrf52832_xxaa/nrf_strerror.c.o
 .rodata.nrf_strerror_array
                0x000000000002a7ac       0xf0 _build/nrf52832_xxaa/nrf_strerror.c.o
 .rodata.m_unknown_str
                0x000000000002a89c       0x13 _build/nrf52832_xxaa/nrf_strerror.c.o
 *fill*         0x000000000002a8af        0x1 
 .rodata.m_board_led_list
                0x000000000002a8b0        0x4 _build/nrf52832_xxaa/boards.c.o
 .rodata.str1.4
                0x000000000002a8b4        0x6 _build/nrf52832_xxaa/nrf_drv_clock.c.o
 *fill*         0x000000000002a8ba        0x2 
 .rodata.str1.4
                0x000000000002a8bc        0x7 _build/nrf52832_xxaa/nrf_drv_gpiote.c.o
 *fill*         0x000000000002a8c3        0x1 
 .rodata.str1.4
                0x000000000002a8c4        0x4 _build/nrf52832_xxaa/nrf_drv_spi.c.o
 .rodata.str1.4
                0x000000000002a8c8        0x5 _build/nrf52832_xxaa/nrf_drv_uart.c.o
 *fill*         0x000000000002a8cd        0x3 
 .rodata.str1.4
                0x000000000002a8d0        0x6 _build/nrf52832_xxaa/nrf_drv_timer.c.o
 *fill*         0x000000000002a8d6        0x2 
 .rodata        0x000000000002a8d8       0x10 _build/nrf52832_xxaa/come_on_spi.c.o
 .rodata.st7586_spi
                0x000000000002a8e8        0x8 _build/nrf52832_xxaa/come_on_spi.c.o
 .rodata.m_p2_timer_id
                0x000000000002a8f0        0x4 _build/nrf52832_xxaa/come_on_ble.c.o
 .rodata.str1.4
                0x000000000002a8f4       0x25 _build/nrf52832_xxaa/come_on_ble.c.o
 *fill*         0x000000000002a919        0x3 
 .rodata.m_p1_timer_id
                0x000000000002a91c        0x4 _build/nrf52832_xxaa/come_on_ble.c.o
 .rodata.m_game_timer_id
                0x000000000002a920        0x4 _build/nrf52832_xxaa/come_on_ble.c.o
 .rodata.walk_b.10576
                0x000000000002a924       0xf0 _build/nrf52832_xxaa/come_on_draw.c.o
 .rodata.draw_READY.10662
                0x000000000002aa14      0x1f4 _build/nrf52832_xxaa/come_on_draw.c.o
 .rodata.walk_am.10567
                0x000000000002ac08       0xf0 _build/nrf52832_xxaa/come_on_draw.c.o
 .rodata.jump_m.10587
                0x000000000002acf8      0x12c _build/nrf52832_xxaa/come_on_draw.c.o
 .rodata.walk_a.10566
                0x000000000002ae24       0xf0 _build/nrf52832_xxaa/come_on_draw.c.o
 .rodata.ready.10556
                0x000000000002af14       0xf0 _build/nrf52832_xxaa/come_on_draw.c.o
 .rodata.draw_GO.10671
                0x000000000002b004       0xdc _build/nrf52832_xxaa/come_on_draw.c.o
 .rodata.jump.10586
                0x000000000002b0e0      0x12c _build/nrf52832_xxaa/come_on_draw.c.o
 .rodata.filled_circle.10653
                0x000000000002b20c       0x1e _build/nrf52832_xxaa/come_on_draw.c.o
 *fill*         0x000000000002b22a        0x2 
 .rodata.num.10698
                0x000000000002b22c      0x1e0 _build/nrf52832_xxaa/come_on_draw.c.o
 .rodata.onepunchman.10707
                0x000000000002b40c     0x1ae0 _build/nrf52832_xxaa/come_on_draw.c.o
 .rodata.ready_m.10557
                0x000000000002ceec       0xf0 _build/nrf52832_xxaa/come_on_draw.c.o
 .rodata.walk_bm.10577
                0x000000000002cfdc       0xf0 _build/nrf52832_xxaa/come_on_draw.c.o
 .rodata.empty_circle.10652
                0x000000000002d0cc       0x1e _build/nrf52832_xxaa/come_on_draw.c.o
 *fill*         0x000000000002d0ea        0x2 
 .rodata.CSWTCH.4
                0x000000000002d0ec       0x1c _build/nrf52832_xxaa/come_on_game.c.o
 .rodata.str1.4
                0x000000000002d108      0x139 _build/nrf52832_xxaa/nrf_ble_gatt.c.o
 *fill*         0x000000000002d241        0x3 
 .rodata        0x000000000002d244       0x10 _build/nrf52832_xxaa/ble_lbs.c.o
 .rodata        0x000000000002d254        0x4 _build/nrf52832_xxaa/nrf_sdh.c.o
 .rodata.sdh_req_observers
                0x000000000002d258        0xc _build/nrf52832_xxaa/nrf_sdh.c.o
 .rodata.sdh_state_observers
                0x000000000002d264        0xc _build/nrf52832_xxaa/nrf_sdh.c.o
 .rodata.str1.4
                0x000000000002d270        0x8 _build/nrf52832_xxaa/nrf_sdh.c.o
 .rodata.sdh_stack_observers
                0x000000000002d278        0xc _build/nrf52832_xxaa/nrf_sdh.c.o
 .rodata.sdh_ble_observers
                0x000000000002d284        0xc _build/nrf52832_xxaa/nrf_sdh_ble.c.o
 .rodata.str1.4
                0x000000000002d290      0x208 _build/nrf52832_xxaa/nrf_sdh_ble.c.o
 .rodata.sdh_soc_observers
                0x000000000002d498        0xc _build/nrf52832_xxaa/nrf_sdh_soc.c.o
 .rodata.str1.4
                0x000000000002d4a4        0xc _build/nrf52832_xxaa/nrf_sdh_soc.c.o
 .rodata._ctype_
                0x000000000002d4b0      0x101 /usr/lib/gcc/arm-none-eabi/4.9.3/../../../arm-none-eabi/lib/armv7e-m/fpu/libc_nano.a(lib_a-ctype_.o)
                0x000000000002d4b0                _ctype_
 .rodata.str1.1
                0x000000000002d5b1        0x2 /usr/lib/gcc/arm-none-eabi/4.9.3/../../../arm-none-eabi/lib/armv7e-m/fpu/libc_nano.a(lib_a-impure.o)
 *fill*         0x000000000002d5b3        0x1 
 .rodata._global_impure_ptr
                0x000000000002d5b4        0x4 /usr/lib/gcc/arm-none-eabi/4.9.3/../../../arm-none-eabi/lib/armv7e-m/fpu/libc_nano.a(lib_a-impure.o)
                0x000000000002d5b4                _global_impure_ptr
 *(.eh_frame*)
 .eh_frame      0x000000000002d5b8        0x0 /usr/lib/gcc/arm-none-eabi/4.9.3/armv7e-m/fpu/crtbegin.o
 .eh_frame      0x000000000002d5b8        0x4 /usr/lib/gcc/arm-none-eabi/4.9.3/armv7e-m/fpu/crtend.o

.glue_7         0x000000000002d5bc        0x0
 .glue_7        0x000000000002d5bc        0x0 linker stubs

.glue_7t        0x000000000002d5bc        0x0
 .glue_7t       0x000000000002d5bc        0x0 linker stubs

.vfp11_veneer   0x000000000002d5bc        0x0
 .vfp11_veneer  0x000000000002d5bc        0x0 linker stubs

.v4_bx          0x000000000002d5bc        0x0
 .v4_bx         0x000000000002d5bc        0x0 linker stubs

.iplt           0x000000000002d5bc        0x0
 .iplt          0x000000000002d5bc        0x0 /usr/lib/gcc/arm-none-eabi/4.9.3/armv7e-m/fpu/crtbegin.o

.mem_section_dummy_rom

.sdh_soc_observers
                0x000000000002d5bc        0x8
                0x000000000002d5bc                PROVIDE (__start_sdh_soc_observers, .)
 *(SORT(.sdh_soc_observers*))
 .sdh_soc_observers0
                0x000000000002d5bc        0x8 _build/nrf52832_xxaa/nrf_drv_clock.c.o
                0x000000000002d5c4                PROVIDE (__stop_sdh_soc_observers, .)

.pwr_mgmt_data  0x000000000002d5c4        0x0
                0x000000000002d5c4                PROVIDE (__start_pwr_mgmt_data, .)
 *(SORT(.pwr_mgmt_data*))
                0x000000000002d5c4                PROVIDE (__stop_pwr_mgmt_data, .)

.sdh_ble_observers
                0x000000000002d5c4       0x28
                0x000000000002d5c4                PROVIDE (__start_sdh_ble_observers, .)
 *(SORT(.sdh_ble_observers*))
 .sdh_ble_observers0
                0x000000000002d5c4        0x8 _build/nrf52832_xxaa/ble_conn_state.c.o
 .sdh_ble_observers1
                0x000000000002d5cc        0x8 _build/nrf52832_xxaa/come_on_ble.c.o
 .sdh_ble_observers1
                0x000000000002d5d4        0x8 _build/nrf52832_xxaa/ble_conn_params.c.o
 .sdh_ble_observers2
                0x000000000002d5dc        0x8 _build/nrf52832_xxaa/come_on_ble.c.o
 .sdh_ble_observers3
                0x000000000002d5e4        0x8 _build/nrf52832_xxaa/come_on_ble.c.o
                0x000000000002d5ec                PROVIDE (__stop_sdh_ble_observers, .)

.log_const_data
                0x000000000002d5ec       0x60
                0x000000000002d5ec                PROVIDE (__start_log_const_data, .)
 *(SORT(.log_const_data*))
 .log_const_data_app
                0x000000000002d5ec        0x8 _build/nrf52832_xxaa/nrf_log_frontend.c.o
                0x000000000002d5ec                m_nrf_log_app_logs_data_const
 .log_const_data_balloc
                0x000000000002d5f4        0x8 _build/nrf52832_xxaa/nrf_balloc.c.o
                0x000000000002d5f4                m_nrf_log_balloc_logs_data_const
 .log_const_data_ble_gatt
                0x000000000002d5fc        0x8 _build/nrf52832_xxaa/nrf_ble_gatt.c.o
                0x000000000002d5fc                m_nrf_log_ble_gatt_logs_data_const
 .log_const_data_clock
                0x000000000002d604        0x8 _build/nrf52832_xxaa/nrf_drv_clock.c.o
                0x000000000002d604                m_nrf_log_clock_logs_data_const
 .log_const_data_gpiote
                0x000000000002d60c        0x8 _build/nrf52832_xxaa/nrf_drv_gpiote.c.o
                0x000000000002d60c                m_nrf_log_gpiote_logs_data_const
 .log_const_data_nrf_sdh
                0x000000000002d614        0x8 _build/nrf52832_xxaa/nrf_sdh.c.o
                0x000000000002d614                m_nrf_log_nrf_sdh_logs_data_const
 .log_const_data_nrf_sdh_ble
                0x000000000002d61c        0x8 _build/nrf52832_xxaa/nrf_sdh_ble.c.o
                0x000000000002d61c                m_nrf_log_nrf_sdh_ble_logs_data_const
 .log_const_data_nrf_sdh_soc
                0x000000000002d624        0x8 _build/nrf52832_xxaa/nrf_sdh_soc.c.o
                0x000000000002d624                m_nrf_log_nrf_sdh_soc_logs_data_const
 .log_const_data_pwr_mgmt
                0x000000000002d62c        0x8 _build/nrf52832_xxaa/nrf_pwr_mgmt.c.o
                0x000000000002d62c                m_nrf_log_pwr_mgmt_logs_data_const
 .log_const_data_spi
                0x000000000002d634        0x8 _build/nrf52832_xxaa/nrf_drv_spi.c.o
                0x000000000002d634                m_nrf_log_spi_logs_data_const
 .log_const_data_timer
                0x000000000002d63c        0x8 _build/nrf52832_xxaa/nrf_drv_timer.c.o
                0x000000000002d63c                m_nrf_log_timer_logs_data_const
 .log_const_data_uart
                0x000000000002d644        0x8 _build/nrf52832_xxaa/nrf_drv_uart.c.o
                0x000000000002d644                m_nrf_log_uart_logs_data_const
                0x000000000002d64c                PROVIDE (__stop_log_const_data, .)

.sdh_req_observers
                0x000000000002d64c        0x0
                0x000000000002d64c                PROVIDE (__start_sdh_req_observers, .)
 *(SORT(.sdh_req_observers*))
                0x000000000002d64c                PROVIDE (__stop_sdh_req_observers, .)

.sdh_state_observers
                0x000000000002d64c        0x8
                0x000000000002d64c                PROVIDE (__start_sdh_state_observers, .)
 *(SORT(.sdh_state_observers*))
 .sdh_state_observers0
                0x000000000002d64c        0x8 _build/nrf52832_xxaa/nrf_drv_clock.c.o
                0x000000000002d654                PROVIDE (__stop_sdh_state_observers, .)

.sdh_stack_observers
                0x000000000002d654       0x10
                0x000000000002d654                PROVIDE (__start_sdh_stack_observers, .)
 *(SORT(.sdh_stack_observers*))
 .sdh_stack_observers0
                0x000000000002d654        0x8 _build/nrf52832_xxaa/nrf_sdh_ble.c.o
 .sdh_stack_observers0
                0x000000000002d65c        0x8 _build/nrf52832_xxaa/nrf_sdh_soc.c.o
                0x000000000002d664                PROVIDE (__stop_sdh_stack_observers, .)

.cli_command    0x000000000002d664        0x0
                [!provide]                        PROVIDE (__start_cli_command, .)
 *(.cli_command)
                [!provide]                        PROVIDE (__stop_cli_command, .)

.ARM.extab
 *(.ARM.extab* .gnu.linkonce.armextab.*)
                0x000000000002d664                __exidx_start = .

.ARM.exidx      0x000000000002d664        0x8
 *(.ARM.exidx* .gnu.linkonce.armexidx.*)
 .ARM.exidx     0x000000000002d664        0x8 /usr/lib/gcc/arm-none-eabi/4.9.3/../../../arm-none-eabi/lib/armv7e-m/fpu/crt0.o
                0x000000000002d66c                __exidx_end = .
                0x000000000002d66c                __etext = .

.rel.dyn        0x000000000002d66c        0x0
 .rel.iplt      0x000000000002d66c        0x0 /usr/lib/gcc/arm-none-eabi/4.9.3/armv7e-m/fpu/crtbegin.o

.data           0x0000000020002180       0xb0 load address 0x000000000002d66c
                0x0000000020002180                __data_start__ = .
 *(vtable)
 *(.data*)
 .data.m_uart   0x0000000020002180        0x8 _build/nrf52832_xxaa/nrf_log_backend_uart.c.o
                0x0000000020002180                m_uart
 .data.uart_log_backend
                0x0000000020002188        0xc _build/nrf52832_xxaa/nrf_log_default_backends.c.o
 .data.game_time
                0x0000000020002194        0x1 _build/nrf52832_xxaa/come_on_ble.c.o
                0x0000000020002194                game_time
 *fill*         0x0000000020002195        0x3 
 .data.buttons.10623
                0x0000000020002198       0x20 _build/nrf52832_xxaa/come_on_ble.c.o
 .data.m_conn_handle
                0x00000000200021b8        0x2 _build/nrf52832_xxaa/come_on_ble.c.o
 *fill*         0x00000000200021ba        0x2 
 .data.SystemCoreClock
                0x00000000200021bc        0x4 _build/nrf52832_xxaa/system_nrf52.c.o
                0x00000000200021bc                SystemCoreClock
 .data.__ctype_ptr__
                0x00000000200021c0        0x4 /usr/lib/gcc/arm-none-eabi/4.9.3/../../../arm-none-eabi/lib/armv7e-m/fpu/libc_nano.a(lib_a-ctype_.o)
                0x00000000200021c0                __ctype_ptr__
 .data.impure_data
                0x00000000200021c4       0x60 /usr/lib/gcc/arm-none-eabi/4.9.3/../../../arm-none-eabi/lib/armv7e-m/fpu/libc_nano.a(lib_a-impure.o)
                0x0000000020002224                . = ALIGN (0x4)
                0x0000000020002224                PROVIDE (__preinit_array_start, .)
 *(.preinit_array)
                0x0000000020002224                PROVIDE (__preinit_array_end, .)
                0x0000000020002224                . = ALIGN (0x4)
                0x0000000020002224                PROVIDE (__init_array_start, .)
 *(SORT(.init_array.*))
 *(.init_array)
 .init_array    0x0000000020002224        0x4 /usr/lib/gcc/arm-none-eabi/4.9.3/armv7e-m/fpu/crtbegin.o
                0x0000000020002228                PROVIDE (__init_array_end, .)
                0x0000000020002228                . = ALIGN (0x4)
                0x0000000020002228                PROVIDE (__fini_array_start, .)
 *(SORT(.fini_array.*))
 *(.fini_array)
 .fini_array    0x0000000020002228        0x4 /usr/lib/gcc/arm-none-eabi/4.9.3/armv7e-m/fpu/crtbegin.o
                0x000000002000222c                PROVIDE (__fini_array_end, .)
 *(.jcr*)
 .jcr           0x000000002000222c        0x0 /usr/lib/gcc/arm-none-eabi/4.9.3/armv7e-m/fpu/crtbegin.o
 .jcr           0x000000002000222c        0x4 /usr/lib/gcc/arm-none-eabi/4.9.3/armv7e-m/fpu/crtend.o
                0x0000000020002230                . = ALIGN (0x4)
                0x0000000020002230                __data_end__ = .
LOAD /usr/lib/gcc/arm-none-eabi/4.9.3/armv7e-m/fpu/crti.o
LOAD /usr/lib/gcc/arm-none-eabi/4.9.3/armv7e-m/fpu/crtbegin.o
LOAD /usr/lib/gcc/arm-none-eabi/4.9.3/../../../arm-none-eabi/lib/armv7e-m/fpu/crt0.o
LOAD _build/nrf52832_xxaa/nrf_log_backend_rtt.c.o
LOAD _build/nrf52832_xxaa/nrf_log_backend_serial.c.o
LOAD _build/nrf52832_xxaa/nrf_log_backend_uart.c.o
LOAD _build/nrf52832_xxaa/nrf_log_default_backends.c.o
LOAD _build/nrf52832_xxaa/nrf_log_frontend.c.o
LOAD _build/nrf52832_xxaa/nrf_log_str_formatter.c.o
LOAD _build/nrf52832_xxaa/app_button.c.o
LOAD _build/nrf52832_xxaa/app_error.c.o
LOAD _build/nrf52832_xxaa/app_error_weak.c.o
LOAD _build/nrf52832_xxaa/app_scheduler.c.o
LOAD _build/nrf52832_xxaa/app_timer.c.o
LOAD _build/nrf52832_xxaa/app_util_platform.c.o
LOAD _build/nrf52832_xxaa/hardfault_implementation.c.o
LOAD _build/nrf52832_xxaa/nrf_assert.c.o
LOAD _build/nrf52832_xxaa/nrf_atfifo.c.o
LOAD _build/nrf52832_xxaa/nrf_balloc.c.o
LOAD _build/nrf52832_xxaa/nrf_fprintf.c.o
LOAD _build/nrf52832_xxaa/nrf_fprintf_format.c.o
LOAD _build/nrf52832_xxaa/nrf_memobj.c.o
LOAD _build/nrf52832_xxaa/nrf_pwr_mgmt.c.o
LOAD _build/nrf52832_xxaa/nrf_section_iter.c.o
LOAD _build/nrf52832_xxaa/nrf_strerror.c.o
LOAD _build/nrf52832_xxaa/sdk_mapped_flags.c.o
LOAD _build/nrf52832_xxaa/boards.c.o
LOAD _build/nrf52832_xxaa/nrf_drv_clock.c.o
LOAD _build/nrf52832_xxaa/nrf_drv_common.c.o
LOAD _build/nrf52832_xxaa/nrf_drv_gpiote.c.o
LOAD _build/nrf52832_xxaa/nrf_drv_spi.c.o
LOAD _build/nrf52832_xxaa/nrf_drv_uart.c.o
LOAD _build/nrf52832_xxaa/bsp.c.o
LOAD _build/nrf52832_xxaa/bsp_nfc.c.o
LOAD _build/nrf52832_xxaa/nrf_drv_timer.c.o
LOAD _build/nrf52832_xxaa/main.c.o
LOAD _build/nrf52832_xxaa/come_on_spi.c.o
LOAD _build/nrf52832_xxaa/come_on_ble.c.o
LOAD _build/nrf52832_xxaa/come_on_draw.c.o
LOAD _build/nrf52832_xxaa/come_on_game.c.o
LOAD _build/nrf52832_xxaa/SEGGER_RTT.c.o
LOAD _build/nrf52832_xxaa/SEGGER_RTT_Syscalls_GCC.c.o
LOAD _build/nrf52832_xxaa/SEGGER_RTT_printf.c.o
LOAD _build/nrf52832_xxaa/ble_advdata.c.o
LOAD _build/nrf52832_xxaa/ble_conn_params.c.o
LOAD _build/nrf52832_xxaa/ble_conn_state.c.o
LOAD _build/nrf52832_xxaa/ble_srv_common.c.o
LOAD _build/nrf52832_xxaa/nrf_ble_gatt.c.o
LOAD _build/nrf52832_xxaa/gcc_startup_nrf52.S.o
LOAD _build/nrf52832_xxaa/system_nrf52.c.o
LOAD _build/nrf52832_xxaa/ble_lbs.c.o
LOAD _build/nrf52832_xxaa/nrf_sdh.c.o
LOAD _build/nrf52832_xxaa/nrf_sdh_ble.c.o
LOAD _build/nrf52832_xxaa/nrf_sdh_soc.c.o
LOAD /usr/lib/gcc/arm-none-eabi/4.9.3/../../../arm-none-eabi/lib/armv7e-m/fpu/libc_nano.a
LOAD /usr/lib/gcc/arm-none-eabi/4.9.3/../../../arm-none-eabi/lib/armv7e-m/fpu/libnosys.a
LOAD /usr/lib/gcc/arm-none-eabi/4.9.3/../../../arm-none-eabi/lib/armv7e-m/fpu/libm.a
START GROUP
LOAD /usr/lib/gcc/arm-none-eabi/4.9.3/armv7e-m/fpu/libgcc.a
LOAD /usr/lib/gcc/arm-none-eabi/4.9.3/../../../arm-none-eabi/lib/armv7e-m/fpu/libg_nano.a
LOAD /usr/lib/gcc/arm-none-eabi/4.9.3/../../../arm-none-eabi/lib/armv7e-m/fpu/libc_nano.a
END GROUP
START GROUP
LOAD /usr/lib/gcc/arm-none-eabi/4.9.3/armv7e-m/fpu/libgcc.a
LOAD /usr/lib/gcc/arm-none-eabi/4.9.3/../../../arm-none-eabi/lib/armv7e-m/fpu/libc_nano.a
END GROUP
LOAD /usr/lib/gcc/arm-none-eabi/4.9.3/armv7e-m/fpu/crtend.o
LOAD /usr/lib/gcc/arm-none-eabi/4.9.3/armv7e-m/fpu/crtn.o
START GROUP
LOAD /usr/lib/gcc/arm-none-eabi/4.9.3/armv7e-m/fpu/libgcc.a
LOAD /usr/lib/gcc/arm-none-eabi/4.9.3/../../../arm-none-eabi/lib/armv7e-m/fpu/libc.a
LOAD /usr/lib/gcc/arm-none-eabi/4.9.3/../../../arm-none-eabi/lib/armv7e-m/fpu/libnosys.a
END GROUP

.tm_clone_table
                0x0000000020002230        0x0 load address 0x000000000002d71c
 .tm_clone_table
                0x0000000020002230        0x0 /usr/lib/gcc/arm-none-eabi/4.9.3/armv7e-m/fpu/crtbegin.o
 .tm_clone_table
                0x0000000020002230        0x0 /usr/lib/gcc/arm-none-eabi/4.9.3/armv7e-m/fpu/crtend.o

.igot.plt       0x0000000020002230        0x0 load address 0x000000000002d71c
 .igot.plt      0x0000000020002230        0x0 /usr/lib/gcc/arm-none-eabi/4.9.3/armv7e-m/fpu/crtbegin.o
                0x0000000020002230                . = ALIGN (0x4)

.mem_section_dummy_ram

.log_dynamic_data
                0x0000000020002230       0x90 load address 0x000000000002d71c
                0x0000000020002230                PROVIDE (__start_log_dynamic_data, .)
 *(SORT(.log_dynamic_data*))
 .log_dynamic_data_app
                0x0000000020002230        0xc _build/nrf52832_xxaa/nrf_log_frontend.c.o
                0x0000000020002230                m_nrf_log_app_logs_data_dynamic
 .log_dynamic_data_balloc
                0x000000002000223c        0xc _build/nrf52832_xxaa/nrf_balloc.c.o
                0x000000002000223c                m_nrf_log_balloc_logs_data_dynamic
 .log_dynamic_data_ble_gatt
                0x0000000020002248        0xc _build/nrf52832_xxaa/nrf_ble_gatt.c.o
                0x0000000020002248                m_nrf_log_ble_gatt_logs_data_dynamic
 .log_dynamic_data_clock
                0x0000000020002254        0xc _build/nrf52832_xxaa/nrf_drv_clock.c.o
                0x0000000020002254                m_nrf_log_clock_logs_data_dynamic
 .log_dynamic_data_gpiote
                0x0000000020002260        0xc _build/nrf52832_xxaa/nrf_drv_gpiote.c.o
                0x0000000020002260                m_nrf_log_gpiote_logs_data_dynamic
 .log_dynamic_data_nrf_sdh
                0x000000002000226c        0xc _build/nrf52832_xxaa/nrf_sdh.c.o
                0x000000002000226c                m_nrf_log_nrf_sdh_logs_data_dynamic
 .log_dynamic_data_nrf_sdh_ble
                0x0000000020002278        0xc _build/nrf52832_xxaa/nrf_sdh_ble.c.o
                0x0000000020002278                m_nrf_log_nrf_sdh_ble_logs_data_dynamic
 .log_dynamic_data_nrf_sdh_soc
                0x0000000020002284        0xc _build/nrf52832_xxaa/nrf_sdh_soc.c.o
                0x0000000020002284                m_nrf_log_nrf_sdh_soc_logs_data_dynamic
 .log_dynamic_data_pwr_mgmt
                0x0000000020002290        0xc _build/nrf52832_xxaa/nrf_pwr_mgmt.c.o
                0x0000000020002290                m_nrf_log_pwr_mgmt_logs_data_dynamic
 .log_dynamic_data_spi
                0x000000002000229c        0xc _build/nrf52832_xxaa/nrf_drv_spi.c.o
                0x000000002000229c                m_nrf_log_spi_logs_data_dynamic
 .log_dynamic_data_timer
                0x00000000200022a8        0xc _build/nrf52832_xxaa/nrf_drv_timer.c.o
                0x00000000200022a8                m_nrf_log_timer_logs_data_dynamic
 .log_dynamic_data_uart
                0x00000000200022b4        0xc _build/nrf52832_xxaa/nrf_drv_uart.c.o
                0x00000000200022b4                m_nrf_log_uart_logs_data_dynamic
                [!provide]                        PROVIDE (__stop_log_dynamic_data, .)

.cli_sorted_cmd_ptrs
                0x00000000200022c0        0x0
                [!provide]                        PROVIDE (__start_cli_sorted_cmd_ptrs, .)
 *(.cli_sorted_cmd_ptrs)
                [!provide]                        PROVIDE (__stop_cli_sorted_cmd_ptrs, .)

.fs_data        0x00000000200022c0        0x0
                [!provide]                        PROVIDE (__start_fs_data, .)
 *(.fs_data)
                [!provide]                        PROVIDE (__stop_fs_data, .)

.bss            0x00000000200022c0      0xa80 load address 0x000000000002d7ac
                0x00000000200022c0                . = ALIGN (0x4)
                0x00000000200022c0                __bss_start__ = .
 *(.bss*)
 .bss           0x00000000200022c0       0x1c /usr/lib/gcc/arm-none-eabi/4.9.3/armv7e-m/fpu/crtbegin.o
 .bss.m_xfer_done
                0x00000000200022dc        0x1 _build/nrf52832_xxaa/nrf_log_backend_uart.c.o
 .bss.m_async_mode
                0x00000000200022dd        0x1 _build/nrf52832_xxaa/nrf_log_backend_uart.c.o
 *fill*         0x00000000200022de        0x2 
 .bss.m_string_buff
                0x00000000200022e0       0x40 _build/nrf52832_xxaa/nrf_log_backend_uart.c.o
 .bss.m_log_data
                0x0000000020002320      0x420 _build/nrf52832_xxaa/nrf_log_frontend.c.o
 .bss.mempool_nrf_balloc_cb
                0x0000000020002740        0x8 _build/nrf52832_xxaa/nrf_log_frontend.c.o
 .bss.mempool_nrf_balloc_pool_stack
                0x0000000020002748        0x8 _build/nrf52832_xxaa/nrf_log_frontend.c.o
 .bss.mempool_nrf_balloc_pool_mem
                0x0000000020002750       0xc0 _build/nrf52832_xxaa/nrf_log_frontend.c.o
 .bss.m_detection_delay
                0x0000000020002810        0x4 _build/nrf52832_xxaa/app_button.c.o
 .bss.mp_buttons
                0x0000000020002814        0x4 _build/nrf52832_xxaa/app_button.c.o
 .bss.m_button_count
                0x0000000020002818        0x1 _build/nrf52832_xxaa/app_button.c.o
 *fill*         0x0000000020002819        0x3 
 .bss.m_detection_delay_timer_id_data
                0x000000002000281c       0x20 _build/nrf52832_xxaa/app_button.c.o
 .bss.m_pin_state
                0x000000002000283c        0x4 _build/nrf52832_xxaa/app_button.c.o
 .bss.m_pin_transition
                0x0000000020002840        0x4 _build/nrf52832_xxaa/app_button.c.o
 .bss.m_queue_event_headers
                0x0000000020002844        0x4 _build/nrf52832_xxaa/app_scheduler.c.o
 .bss.m_queue_event_data
                0x0000000020002848        0x4 _build/nrf52832_xxaa/app_scheduler.c.o
 .bss.m_queue_event_size
                0x000000002000284c        0x2 _build/nrf52832_xxaa/app_scheduler.c.o
 .bss.m_queue_start_index
                0x000000002000284e        0x1 _build/nrf52832_xxaa/app_scheduler.c.o
 .bss.m_queue_end_index
                0x000000002000284f        0x1 _build/nrf52832_xxaa/app_scheduler.c.o
 .bss.m_queue_size
                0x0000000020002850        0x2 _build/nrf52832_xxaa/app_scheduler.c.o
 *fill*         0x0000000020002852        0x2 
 .bss.m_ticks_latest
                0x0000000020002854        0x4 _build/nrf52832_xxaa/app_timer.c.o
 .bss.mp_timer_id_head
                0x0000000020002858        0x4 _build/nrf52832_xxaa/app_timer.c.o
 .bss.m_ticks_elapsed_q_read_ind
                0x000000002000285c        0x1 _build/nrf52832_xxaa/app_timer.c.o
 .bss.m_ticks_elapsed_q_write_ind
                0x000000002000285d        0x1 _build/nrf52832_xxaa/app_timer.c.o
 .bss.m_rtc1_reset
                0x000000002000285e        0x1 _build/nrf52832_xxaa/app_timer.c.o
 *fill*         0x000000002000285f        0x1 
 .bss.m_op_queue
                0x0000000020002860      0x10c _build/nrf52832_xxaa/app_timer.c.o
 .bss.m_ticks_elapsed
                0x000000002000296c        0x8 _build/nrf52832_xxaa/app_timer.c.o
 .bss.m_rtc1_running
                0x0000000020002974        0x1 _build/nrf52832_xxaa/app_timer.c.o
 *fill*         0x0000000020002975        0x3 
 .bss.m_clock_cb
                0x0000000020002978       0x14 _build/nrf52832_xxaa/nrf_drv_clock.c.o
 .bss.m_cb      0x000000002000298c       0x58 _build/nrf52832_xxaa/nrf_drv_gpiote.c.o
 .bss.m_cb      0x00000000200029e4       0x48 _build/nrf52832_xxaa/nrf_drv_spi.c.o
 .bss.m_cb      0x0000000020002a2c       0x20 _build/nrf52832_xxaa/nrf_drv_uart.c.o
 .bss.m_cb      0x0000000020002a4c        0xc _build/nrf52832_xxaa/nrf_drv_timer.c.o
 .bss.j         0x0000000020002a58        0x4 _build/nrf52832_xxaa/come_on_spi.c.o
 .bss.st7586_spi_xfer_done
                0x0000000020002a5c        0x1 _build/nrf52832_xxaa/come_on_spi.c.o
 .bss.rx_data   0x0000000020002a5d        0x1 _build/nrf52832_xxaa/come_on_spi.c.o
 *fill*         0x0000000020002a5e        0x2 
 .bss.i         0x0000000020002a60        0x4 _build/nrf52832_xxaa/come_on_spi.c.o
 .bss.APP_SCHED_BUF.10750
                0x0000000020002a64       0x84 _build/nrf52832_xxaa/come_on_ble.c.o
 .bss.p2_time   0x0000000020002ae8        0x1 _build/nrf52832_xxaa/come_on_ble.c.o
                0x0000000020002ae8                p2_time
 .bss.p1_time   0x0000000020002ae9        0x1 _build/nrf52832_xxaa/come_on_ble.c.o
                0x0000000020002ae9                p1_time
 *fill*         0x0000000020002aea        0x2 
 .bss.m_p2_timer_id_data
                0x0000000020002aec       0x20 _build/nrf52832_xxaa/come_on_ble.c.o
 .bss.m_p1_timer_id_data
                0x0000000020002b0c       0x20 _build/nrf52832_xxaa/come_on_ble.c.o
 .bss.m_gatt    0x0000000020002b2c       0x14 _build/nrf52832_xxaa/come_on_ble.c.o
 .bss.m_game_timer_id_data
                0x0000000020002b40       0x20 _build/nrf52832_xxaa/come_on_ble.c.o
 .bss.m_lbs     0x0000000020002b60       0x18 _build/nrf52832_xxaa/come_on_ble.c.o
 .bss.i         0x0000000020002b78        0x4 _build/nrf52832_xxaa/come_on_draw.c.o
 .bss.j         0x0000000020002b7c        0x4 _build/nrf52832_xxaa/come_on_draw.c.o
 .bss.m_conn_params_config
                0x0000000020002b80       0x1c _build/nrf52832_xxaa/ble_conn_params.c.o
 .bss.m_conn_params_instances
                0x0000000020002b9c       0x14 _build/nrf52832_xxaa/ble_conn_params.c.o
 .bss.m_timer_data
                0x0000000020002bb0       0x20 _build/nrf52832_xxaa/ble_conn_params.c.o
 .bss.m_preferred_conn_params
                0x0000000020002bd0        0x8 _build/nrf52832_xxaa/ble_conn_params.c.o
 .bss.m_bcs     0x0000000020002bd8       0xb8 _build/nrf52832_xxaa/ble_conn_state.c.o
 .bss.m_nrf_sdh_enabled
                0x0000000020002c90        0x1 _build/nrf52832_xxaa/nrf_sdh.c.o
 .bss.m_nrf_sdh_continue
                0x0000000020002c91        0x1 _build/nrf52832_xxaa/nrf_sdh.c.o
 .bss.m_nrf_sdh_suspended
                0x0000000020002c92        0x1 _build/nrf52832_xxaa/nrf_sdh.c.o
 *fill*         0x0000000020002c93        0x1 
 .bss._global_atexit0
                0x0000000020002c94       0x8c /usr/lib/gcc/arm-none-eabi/4.9.3/../../../arm-none-eabi/lib/armv7e-m/fpu/libc_nano.a(lib_a-__atexit.o)
 .bss._global_atexit
                0x0000000020002d20        0x4 /usr/lib/gcc/arm-none-eabi/4.9.3/../../../arm-none-eabi/lib/armv7e-m/fpu/libc_nano.a(lib_a-__call_atexit.o)
                0x0000000020002d20                _global_atexit
 *(COMMON)
 COMMON         0x0000000020002d24        0xc _build/nrf52832_xxaa/app_util_platform.c.o
                0x0000000020002d24                nrf_nvic_state
 COMMON         0x0000000020002d30       0x10 _build/nrf52832_xxaa/come_on_game.c.o
                0x0000000020002d30                player
                0x0000000020002d40                . = ALIGN (0x4)
                0x0000000020002d40                __bss_end__ = .

.heap           0x0000000020002d40     0x2000
                0x0000000020002d40                __HeapBase = .
                0x0000000020002d40                __end__ = .
                [!provide]                        PROVIDE (end, .)
 *(.heap*)
 .heap          0x0000000020002d40     0x2000 _build/nrf52832_xxaa/gcc_startup_nrf52.S.o
                0x0000000020004d40                __HeapLimit = .

.stack_dummy    0x0000000020002d40     0x2000
 *(.stack*)
 .stack         0x0000000020002d40     0x2000 _build/nrf52832_xxaa/gcc_startup_nrf52.S.o
                0x0000000020010000                __StackTop = (ORIGIN (RAM) + LENGTH (RAM))
                0x000000002000e000                __StackLimit = (__StackTop - SIZEOF (.stack_dummy))
                0x0000000020010000                PROVIDE (__stack, __StackTop)
                0x0000000000000001                ASSERT ((__StackLimit >= __HeapLimit), region RAM overflowed with stack)
                0x0000000000000140                DataInitFlashUsed = (__bss_start__ - __data_start__)
                0x000000000000a66c                CodeFlashUsed = (__etext - ORIGIN (FLASH))
                0x000000000000a7ac                TotalFlashUsed = (CodeFlashUsed + DataInitFlashUsed)
                0x0000000000000001                ASSERT ((TotalFlashUsed <= LENGTH (FLASH)), region FLASH overflowed with .data and user data)
OUTPUT(_build/nrf52832_xxaa.out elf32-littlearm)

.ARM.attributes
                0x0000000000000000       0x30
 .ARM.attributes
                0x0000000000000000       0x22 /usr/lib/gcc/arm-none-eabi/4.9.3/armv7e-m/fpu/crti.o
 .ARM.attributes
                0x0000000000000022       0x34 /usr/lib/gcc/arm-none-eabi/4.9.3/armv7e-m/fpu/crtbegin.o
 .ARM.attributes
                0x0000000000000056       0x20 /usr/lib/gcc/arm-none-eabi/4.9.3/../../../arm-none-eabi/lib/armv7e-m/fpu/crt0.o
 .ARM.attributes
                0x0000000000000076       0x39 _build/nrf52832_xxaa/nrf_log_backend_serial.c.o
 .ARM.attributes
                0x00000000000000af       0x39 _build/nrf52832_xxaa/nrf_log_backend_uart.c.o
 .ARM.attributes
                0x00000000000000e8       0x39 _build/nrf52832_xxaa/nrf_log_default_backends.c.o
 .ARM.attributes
                0x0000000000000121       0x39 _build/nrf52832_xxaa/nrf_log_frontend.c.o
 .ARM.attributes
                0x000000000000015a       0x39 _build/nrf52832_xxaa/nrf_log_str_formatter.c.o
 .ARM.attributes
                0x0000000000000193       0x39 _build/nrf52832_xxaa/app_button.c.o
 .ARM.attributes
                0x00000000000001cc       0x39 _build/nrf52832_xxaa/app_error.c.o
 .ARM.attributes
                0x0000000000000205       0x39 _build/nrf52832_xxaa/app_error_weak.c.o
 .ARM.attributes
                0x000000000000023e       0x39 _build/nrf52832_xxaa/app_scheduler.c.o
 .ARM.attributes
                0x0000000000000277       0x39 _build/nrf52832_xxaa/app_timer.c.o
 .ARM.attributes
                0x00000000000002b0       0x39 _build/nrf52832_xxaa/app_util_platform.c.o
 .ARM.attributes
                0x00000000000002e9       0x39 _build/nrf52832_xxaa/nrf_balloc.c.o
 .ARM.attributes
                0x0000000000000322       0x39 _build/nrf52832_xxaa/nrf_fprintf.c.o
 .ARM.attributes
                0x000000000000035b       0x39 _build/nrf52832_xxaa/nrf_fprintf_format.c.o
 .ARM.attributes
                0x0000000000000394       0x39 _build/nrf52832_xxaa/nrf_memobj.c.o
 .ARM.attributes
                0x00000000000003cd       0x39 _build/nrf52832_xxaa/nrf_pwr_mgmt.c.o
 .ARM.attributes
                0x0000000000000406       0x39 _build/nrf52832_xxaa/nrf_section_iter.c.o
 .ARM.attributes
                0x000000000000043f       0x39 _build/nrf52832_xxaa/nrf_strerror.c.o
 .ARM.attributes
                0x0000000000000478       0x39 _build/nrf52832_xxaa/sdk_mapped_flags.c.o
 .ARM.attributes
                0x00000000000004b1       0x39 _build/nrf52832_xxaa/boards.c.o
 .ARM.attributes
                0x00000000000004ea       0x39 _build/nrf52832_xxaa/nrf_drv_clock.c.o
 .ARM.attributes
                0x0000000000000523       0x39 _build/nrf52832_xxaa/nrf_drv_common.c.o
 .ARM.attributes
                0x000000000000055c       0x39 _build/nrf52832_xxaa/nrf_drv_gpiote.c.o
 .ARM.attributes
                0x0000000000000595       0x39 _build/nrf52832_xxaa/nrf_drv_spi.c.o
 .ARM.attributes
                0x00000000000005ce       0x39 _build/nrf52832_xxaa/nrf_drv_uart.c.o
 .ARM.attributes
                0x0000000000000607       0x39 _build/nrf52832_xxaa/nrf_drv_timer.c.o
 .ARM.attributes
                0x0000000000000640       0x39 _build/nrf52832_xxaa/main.c.o
 .ARM.attributes
                0x0000000000000679       0x39 _build/nrf52832_xxaa/come_on_spi.c.o
 .ARM.attributes
                0x00000000000006b2       0x39 _build/nrf52832_xxaa/come_on_ble.c.o
 .ARM.attributes
                0x00000000000006eb       0x39 _build/nrf52832_xxaa/come_on_draw.c.o
 .ARM.attributes
                0x0000000000000724       0x39 _build/nrf52832_xxaa/come_on_game.c.o
 .ARM.attributes
                0x000000000000075d       0x39 _build/nrf52832_xxaa/ble_advdata.c.o
 .ARM.attributes
                0x0000000000000796       0x39 _build/nrf52832_xxaa/ble_conn_params.c.o
 .ARM.attributes
                0x00000000000007cf       0x39 _build/nrf52832_xxaa/ble_conn_state.c.o
 .ARM.attributes
                0x0000000000000808       0x39 _build/nrf52832_xxaa/ble_srv_common.c.o
 .ARM.attributes
                0x0000000000000841       0x39 _build/nrf52832_xxaa/nrf_ble_gatt.c.o
 .ARM.attributes
                0x000000000000087a       0x20 _build/nrf52832_xxaa/gcc_startup_nrf52.S.o
 .ARM.attributes
                0x000000000000089a       0x39 _build/nrf52832_xxaa/system_nrf52.c.o
 .ARM.attributes
                0x00000000000008d3       0x39 _build/nrf52832_xxaa/ble_lbs.c.o
 .ARM.attributes
                0x000000000000090c       0x39 _build/nrf52832_xxaa/nrf_sdh.c.o
 .ARM.attributes
                0x0000000000000945       0x39 _build/nrf52832_xxaa/nrf_sdh_ble.c.o
 .ARM.attributes
                0x000000000000097e       0x39 _build/nrf52832_xxaa/nrf_sdh_soc.c.o
 .ARM.attributes
                0x00000000000009b7       0x34 /usr/lib/gcc/arm-none-eabi/4.9.3/../../../arm-none-eabi/lib/armv7e-m/fpu/libc_nano.a(lib_a-atexit.o)
 .ARM.attributes
                0x00000000000009eb       0x34 /usr/lib/gcc/arm-none-eabi/4.9.3/../../../arm-none-eabi/lib/armv7e-m/fpu/libc_nano.a(lib_a-ctype_.o)
 .ARM.attributes
                0x0000000000000a1f       0x34 /usr/lib/gcc/arm-none-eabi/4.9.3/../../../arm-none-eabi/lib/armv7e-m/fpu/libc_nano.a(lib_a-exit.o)
 .ARM.attributes
                0x0000000000000a53       0x34 /usr/lib/gcc/arm-none-eabi/4.9.3/../../../arm-none-eabi/lib/armv7e-m/fpu/libc_nano.a(lib_a-fini.o)
 .ARM.attributes
                0x0000000000000a87       0x34 /usr/lib/gcc/arm-none-eabi/4.9.3/../../../arm-none-eabi/lib/armv7e-m/fpu/libc_nano.a(lib_a-impure.o)
 .ARM.attributes
                0x0000000000000abb       0x34 /usr/lib/gcc/arm-none-eabi/4.9.3/../../../arm-none-eabi/lib/armv7e-m/fpu/libc_nano.a(lib_a-init.o)
 .ARM.attributes
                0x0000000000000aef       0x34 /usr/lib/gcc/arm-none-eabi/4.9.3/../../../arm-none-eabi/lib/armv7e-m/fpu/libc_nano.a(lib_a-memcpy.o)
 .ARM.attributes
                0x0000000000000b23       0x34 /usr/lib/gcc/arm-none-eabi/4.9.3/../../../arm-none-eabi/lib/armv7e-m/fpu/libc_nano.a(lib_a-memset.o)
 .ARM.attributes
                0x0000000000000b57       0x34 /usr/lib/gcc/arm-none-eabi/4.9.3/../../../arm-none-eabi/lib/armv7e-m/fpu/libc_nano.a(lib_a-strlen.o)
 .ARM.attributes
                0x0000000000000b8b       0x34 /usr/lib/gcc/arm-none-eabi/4.9.3/../../../arm-none-eabi/lib/armv7e-m/fpu/libc_nano.a(lib_a-__atexit.o)
 .ARM.attributes
                0x0000000000000bbf       0x34 /usr/lib/gcc/arm-none-eabi/4.9.3/../../../arm-none-eabi/lib/armv7e-m/fpu/libc_nano.a(lib_a-__call_atexit.o)
 .ARM.attributes
                0x0000000000000bf3       0x34 /usr/lib/gcc/arm-none-eabi/4.9.3/../../../arm-none-eabi/lib/armv7e-m/fpu/libnosys.a(_exit.o)
 .ARM.attributes
                0x0000000000000c27       0x34 /usr/lib/gcc/arm-none-eabi/4.9.3/armv7e-m/fpu/crtend.o
 .ARM.attributes
                0x0000000000000c5b       0x22 /usr/lib/gcc/arm-none-eabi/4.9.3/armv7e-m/fpu/crtn.o

.comment        0x0000000000000000       0x70
 .comment       0x0000000000000000       0x38 /usr/lib/gcc/arm-none-eabi/4.9.3/armv7e-m/fpu/crtbegin.o
                                         0x39 (size before relaxing)
 .comment       0x0000000000000038       0x39 _build/nrf52832_xxaa/nrf_log_backend_serial.c.o
 .comment       0x0000000000000038       0x39 _build/nrf52832_xxaa/nrf_log_backend_uart.c.o
 .comment       0x0000000000000038       0x39 _build/nrf52832_xxaa/nrf_log_default_backends.c.o
 .comment       0x0000000000000038       0x39 _build/nrf52832_xxaa/nrf_log_frontend.c.o
 .comment       0x0000000000000038       0x39 _build/nrf52832_xxaa/nrf_log_str_formatter.c.o
 .comment       0x0000000000000038       0x39 _build/nrf52832_xxaa/app_button.c.o
 .comment       0x0000000000000038       0x39 _build/nrf52832_xxaa/app_error.c.o
 .comment       0x0000000000000038       0x39 _build/nrf52832_xxaa/app_error_weak.c.o
 .comment       0x0000000000000038       0x39 _build/nrf52832_xxaa/app_scheduler.c.o
 .comment       0x0000000000000038       0x39 _build/nrf52832_xxaa/app_timer.c.o
 .comment       0x0000000000000038       0x39 _build/nrf52832_xxaa/app_util_platform.c.o
 .comment       0x0000000000000038       0x39 _build/nrf52832_xxaa/nrf_balloc.c.o
 .comment       0x0000000000000038       0x39 _build/nrf52832_xxaa/nrf_fprintf.c.o
 .comment       0x0000000000000038       0x39 _build/nrf52832_xxaa/nrf_fprintf_format.c.o
 .comment       0x0000000000000038       0x39 _build/nrf52832_xxaa/nrf_memobj.c.o
 .comment       0x0000000000000038       0x39 _build/nrf52832_xxaa/nrf_pwr_mgmt.c.o
 .comment       0x0000000000000038       0x39 _build/nrf52832_xxaa/nrf_section_iter.c.o
 .comment       0x0000000000000038       0x39 _build/nrf52832_xxaa/nrf_strerror.c.o
 .comment       0x0000000000000038       0x39 _build/nrf52832_xxaa/sdk_mapped_flags.c.o
 .comment       0x0000000000000038       0x39 _build/nrf52832_xxaa/boards.c.o
 .comment       0x0000000000000038       0x39 _build/nrf52832_xxaa/nrf_drv_clock.c.o
 .comment       0x0000000000000038       0x39 _build/nrf52832_xxaa/nrf_drv_common.c.o
 .comment       0x0000000000000038       0x39 _build/nrf52832_xxaa/nrf_drv_gpiote.c.o
 .comment       0x0000000000000038       0x39 _build/nrf52832_xxaa/nrf_drv_spi.c.o
 .comment       0x0000000000000038       0x39 _build/nrf52832_xxaa/nrf_drv_uart.c.o
 .comment       0x0000000000000038       0x39 _build/nrf52832_xxaa/nrf_drv_timer.c.o
 .comment       0x0000000000000038       0x39 _build/nrf52832_xxaa/main.c.o
 .comment       0x0000000000000038       0x39 _build/nrf52832_xxaa/come_on_spi.c.o
 .comment       0x0000000000000038       0x39 _build/nrf52832_xxaa/come_on_ble.c.o
 .comment       0x0000000000000038       0x39 _build/nrf52832_xxaa/come_on_draw.c.o
 .comment       0x0000000000000038       0x39 _build/nrf52832_xxaa/come_on_game.c.o
 .comment       0x0000000000000038       0x39 _build/nrf52832_xxaa/ble_advdata.c.o
 .comment       0x0000000000000038       0x39 _build/nrf52832_xxaa/ble_conn_params.c.o
 .comment       0x0000000000000038       0x39 _build/nrf52832_xxaa/ble_conn_state.c.o
 .comment       0x0000000000000038       0x39 _build/nrf52832_xxaa/ble_srv_common.c.o
 .comment       0x0000000000000038       0x39 _build/nrf52832_xxaa/nrf_ble_gatt.c.o
 .comment       0x0000000000000038       0x39 _build/nrf52832_xxaa/system_nrf52.c.o
 .comment       0x0000000000000038       0x39 _build/nrf52832_xxaa/ble_lbs.c.o
 .comment       0x0000000000000038       0x39 _build/nrf52832_xxaa/nrf_sdh.c.o
 .comment       0x0000000000000038       0x39 _build/nrf52832_xxaa/nrf_sdh_ble.c.o
 .comment       0x0000000000000038       0x39 _build/nrf52832_xxaa/nrf_sdh_soc.c.o
 .comment       0x0000000000000038       0x38 /usr/lib/gcc/arm-none-eabi/4.9.3/../../../arm-none-eabi/lib/armv7e-m/fpu/libc_nano.a(lib_a-atexit.o)
                                         0x39 (size before relaxing)
 .comment       0x0000000000000070       0x39 /usr/lib/gcc/arm-none-eabi/4.9.3/../../../arm-none-eabi/lib/armv7e-m/fpu/libc_nano.a(lib_a-ctype_.o)
 .comment       0x0000000000000070       0x39 /usr/lib/gcc/arm-none-eabi/4.9.3/../../../arm-none-eabi/lib/armv7e-m/fpu/libc_nano.a(lib_a-exit.o)
 .comment       0x0000000000000070       0x39 /usr/lib/gcc/arm-none-eabi/4.9.3/../../../arm-none-eabi/lib/armv7e-m/fpu/libc_nano.a(lib_a-fini.o)
 .comment       0x0000000000000070       0x39 /usr/lib/gcc/arm-none-eabi/4.9.3/../../../arm-none-eabi/lib/armv7e-m/fpu/libc_nano.a(lib_a-impure.o)
 .comment       0x0000000000000070       0x39 /usr/lib/gcc/arm-none-eabi/4.9.3/../../../arm-none-eabi/lib/armv7e-m/fpu/libc_nano.a(lib_a-init.o)
 .comment       0x0000000000000070       0x39 /usr/lib/gcc/arm-none-eabi/4.9.3/../../../arm-none-eabi/lib/armv7e-m/fpu/libc_nano.a(lib_a-memcpy.o)
 .comment       0x0000000000000070       0x39 /usr/lib/gcc/arm-none-eabi/4.9.3/../../../arm-none-eabi/lib/armv7e-m/fpu/libc_nano.a(lib_a-memset.o)
 .comment       0x0000000000000070       0x39 /usr/lib/gcc/arm-none-eabi/4.9.3/../../../arm-none-eabi/lib/armv7e-m/fpu/libc_nano.a(lib_a-strlen.o)
 .comment       0x0000000000000070       0x39 /usr/lib/gcc/arm-none-eabi/4.9.3/../../../arm-none-eabi/lib/armv7e-m/fpu/libc_nano.a(lib_a-__atexit.o)
 .comment       0x0000000000000070       0x39 /usr/lib/gcc/arm-none-eabi/4.9.3/../../../arm-none-eabi/lib/armv7e-m/fpu/libc_nano.a(lib_a-__call_atexit.o)
 .comment       0x0000000000000070       0x39 /usr/lib/gcc/arm-none-eabi/4.9.3/../../../arm-none-eabi/lib/armv7e-m/fpu/libnosys.a(_exit.o)
 .comment       0x0000000000000070       0x39 /usr/lib/gcc/arm-none-eabi/4.9.3/armv7e-m/fpu/crtend.o

.debug_line     0x0000000000000000    0x156a4
 .debug_line    0x0000000000000000       0x7e /usr/lib/gcc/arm-none-eabi/4.9.3/../../../arm-none-eabi/lib/armv7e-m/fpu/crt0.o
 .debug_line    0x000000000000007e      0x681 _build/nrf52832_xxaa/nrf_log_backend_serial.c.o
 .debug_line    0x00000000000006ff      0x732 _build/nrf52832_xxaa/nrf_log_backend_uart.c.o
 .debug_line    0x0000000000000e31      0x605 _build/nrf52832_xxaa/nrf_log_default_backends.c.o
 .debug_line    0x0000000000001436      0xee7 _build/nrf52832_xxaa/nrf_log_frontend.c.o
 .debug_line    0x000000000000231d      0x6b1 _build/nrf52832_xxaa/nrf_log_str_formatter.c.o
 .debug_line    0x00000000000029ce      0x61c _build/nrf52832_xxaa/app_button.c.o
 .debug_line    0x0000000000002fea      0x407 _build/nrf52832_xxaa/app_error.c.o
 .debug_line    0x00000000000033f1      0x6b7 _build/nrf52832_xxaa/app_error_weak.c.o
 .debug_line    0x0000000000003aa8      0x590 _build/nrf52832_xxaa/app_scheduler.c.o
 .debug_line    0x0000000000004038      0x997 _build/nrf52832_xxaa/app_timer.c.o
 .debug_line    0x00000000000049cf      0x4ff _build/nrf52832_xxaa/app_util_platform.c.o
 .debug_line    0x0000000000004ece      0x60e _build/nrf52832_xxaa/nrf_balloc.c.o
 .debug_line    0x00000000000054dc      0x47a _build/nrf52832_xxaa/nrf_fprintf.c.o
 .debug_line    0x0000000000005956      0x689 _build/nrf52832_xxaa/nrf_fprintf_format.c.o
 .debug_line    0x0000000000005fdf      0x685 _build/nrf52832_xxaa/nrf_memobj.c.o
 .debug_line    0x0000000000006664      0x8a4 _build/nrf52832_xxaa/nrf_pwr_mgmt.c.o
 .debug_line    0x0000000000006f08      0x48d _build/nrf52832_xxaa/nrf_section_iter.c.o
 .debug_line    0x0000000000007395      0x42e _build/nrf52832_xxaa/nrf_strerror.c.o
 .debug_line    0x00000000000077c3      0x3b7 _build/nrf52832_xxaa/sdk_mapped_flags.c.o
 .debug_line    0x0000000000007b7a      0x5eb _build/nrf52832_xxaa/boards.c.o
 .debug_line    0x0000000000008165      0xa1a _build/nrf52832_xxaa/nrf_drv_clock.c.o
 .debug_line    0x0000000000008b7f      0x52f _build/nrf52832_xxaa/nrf_drv_common.c.o
 .debug_line    0x00000000000090ae      0xeaa _build/nrf52832_xxaa/nrf_drv_gpiote.c.o
 .debug_line    0x0000000000009f58      0xadf _build/nrf52832_xxaa/nrf_drv_spi.c.o
 .debug_line    0x000000000000aa37     0x10ea _build/nrf52832_xxaa/nrf_drv_uart.c.o
 .debug_line    0x000000000000bb21      0xa4c _build/nrf52832_xxaa/nrf_drv_timer.c.o
 .debug_line    0x000000000000c56d      0xac6 _build/nrf52832_xxaa/main.c.o
 .debug_line    0x000000000000d033      0xca1 _build/nrf52832_xxaa/come_on_spi.c.o
 .debug_line    0x000000000000dcd4      0xed8 _build/nrf52832_xxaa/come_on_ble.c.o
 .debug_line    0x000000000000ebac      0xeb7 _build/nrf52832_xxaa/come_on_draw.c.o
 .debug_line    0x000000000000fa63      0xb7d _build/nrf52832_xxaa/come_on_game.c.o
 .debug_line    0x00000000000105e0      0x887 _build/nrf52832_xxaa/ble_advdata.c.o
 .debug_line    0x0000000000010e67      0x843 _build/nrf52832_xxaa/ble_conn_params.c.o
 .debug_line    0x00000000000116aa      0x73e _build/nrf52832_xxaa/ble_conn_state.c.o
 .debug_line    0x0000000000011de8      0x672 _build/nrf52832_xxaa/ble_srv_common.c.o
 .debug_line    0x000000000001245a      0x71a _build/nrf52832_xxaa/nrf_ble_gatt.c.o
 .debug_line    0x0000000000012b74       0x85 _build/nrf52832_xxaa/gcc_startup_nrf52.S.o
 .debug_line    0x0000000000012bf9      0x382 _build/nrf52832_xxaa/system_nrf52.c.o
 .debug_line    0x0000000000012f7b      0x6d0 _build/nrf52832_xxaa/ble_lbs.c.o
 .debug_line    0x000000000001364b      0x832 _build/nrf52832_xxaa/nrf_sdh.c.o
 .debug_line    0x0000000000013e7d      0x73e _build/nrf52832_xxaa/nrf_sdh_ble.c.o
 .debug_line    0x00000000000145bb      0x5c9 _build/nrf52832_xxaa/nrf_sdh_soc.c.o
 .debug_line    0x0000000000014b84       0xc4 /usr/lib/gcc/arm-none-eabi/4.9.3/../../../arm-none-eabi/lib/armv7e-m/fpu/libc_nano.a(lib_a-atexit.o)
 .debug_line    0x0000000000014c48       0x72 /usr/lib/gcc/arm-none-eabi/4.9.3/../../../arm-none-eabi/lib/armv7e-m/fpu/libc_nano.a(lib_a-ctype_.o)
 .debug_line    0x0000000000014cba      0x16b /usr/lib/gcc/arm-none-eabi/4.9.3/../../../arm-none-eabi/lib/armv7e-m/fpu/libc_nano.a(lib_a-exit.o)
 .debug_line    0x0000000000014e25       0x9e /usr/lib/gcc/arm-none-eabi/4.9.3/../../../arm-none-eabi/lib/armv7e-m/fpu/libc_nano.a(lib_a-fini.o)
 .debug_line    0x0000000000014ec3       0xf4 /usr/lib/gcc/arm-none-eabi/4.9.3/../../../arm-none-eabi/lib/armv7e-m/fpu/libc_nano.a(lib_a-impure.o)
 .debug_line    0x0000000000014fb7       0xb9 /usr/lib/gcc/arm-none-eabi/4.9.3/../../../arm-none-eabi/lib/armv7e-m/fpu/libc_nano.a(lib_a-init.o)
 .debug_line    0x0000000000015070       0xf0 /usr/lib/gcc/arm-none-eabi/4.9.3/../../../arm-none-eabi/lib/armv7e-m/fpu/libc_nano.a(lib_a-memcpy.o)
 .debug_line    0x0000000000015160       0xf1 /usr/lib/gcc/arm-none-eabi/4.9.3/../../../arm-none-eabi/lib/armv7e-m/fpu/libc_nano.a(lib_a-memset.o)
 .debug_line    0x0000000000015251       0xf8 /usr/lib/gcc/arm-none-eabi/4.9.3/../../../arm-none-eabi/lib/armv7e-m/fpu/libc_nano.a(lib_a-strlen.o)
 .debug_line    0x0000000000015349      0x178 /usr/lib/gcc/arm-none-eabi/4.9.3/../../../arm-none-eabi/lib/armv7e-m/fpu/libc_nano.a(lib_a-__atexit.o)
 .debug_line    0x00000000000154c1      0x183 /usr/lib/gcc/arm-none-eabi/4.9.3/../../../arm-none-eabi/lib/armv7e-m/fpu/libc_nano.a(lib_a-__call_atexit.o)
 .debug_line    0x0000000000015644       0x60 /usr/lib/gcc/arm-none-eabi/4.9.3/../../../arm-none-eabi/lib/armv7e-m/fpu/libnosys.a(_exit.o)

.debug_info     0x0000000000000000    0x34451
 .debug_info    0x0000000000000000       0xb0 /usr/lib/gcc/arm-none-eabi/4.9.3/../../../arm-none-eabi/lib/armv7e-m/fpu/crt0.o
 .debug_info    0x00000000000000b0      0x850 _build/nrf52832_xxaa/nrf_log_backend_serial.c.o
 .debug_info    0x0000000000000900      0xfd4 _build/nrf52832_xxaa/nrf_log_backend_uart.c.o
 .debug_info    0x00000000000018d4      0x33b _build/nrf52832_xxaa/nrf_log_default_backends.c.o
 .debug_info    0x0000000000001c0f     0x3093 _build/nrf52832_xxaa/nrf_log_frontend.c.o
 .debug_info    0x0000000000004ca2      0x80e _build/nrf52832_xxaa/nrf_log_str_formatter.c.o
 .debug_info    0x00000000000054b0      0x6d8 _build/nrf52832_xxaa/app_button.c.o
 .debug_info    0x0000000000005b88      0x345 _build/nrf52832_xxaa/app_error.c.o
 .debug_info    0x0000000000005ecd      0x489 _build/nrf52832_xxaa/app_error_weak.c.o
 .debug_info    0x0000000000006356      0x552 _build/nrf52832_xxaa/app_scheduler.c.o
 .debug_info    0x00000000000068a8     0x1ae6 _build/nrf52832_xxaa/app_timer.c.o
 .debug_info    0x000000000000838e      0x957 _build/nrf52832_xxaa/app_util_platform.c.o
 .debug_info    0x0000000000008ce5      0x4c0 _build/nrf52832_xxaa/nrf_balloc.c.o
 .debug_info    0x00000000000091a5      0x29c _build/nrf52832_xxaa/nrf_fprintf.c.o
 .debug_info    0x0000000000009441      0x959 _build/nrf52832_xxaa/nrf_fprintf_format.c.o
 .debug_info    0x0000000000009d9a      0xa8a _build/nrf52832_xxaa/nrf_memobj.c.o
 .debug_info    0x000000000000a824     0x12bf _build/nrf52832_xxaa/nrf_pwr_mgmt.c.o
 .debug_info    0x000000000000bae3      0x1f2 _build/nrf52832_xxaa/nrf_section_iter.c.o
 .debug_info    0x000000000000bcd5      0x278 _build/nrf52832_xxaa/nrf_strerror.c.o
 .debug_info    0x000000000000bf4d      0x629 _build/nrf52832_xxaa/sdk_mapped_flags.c.o
 .debug_info    0x000000000000c576      0xbe5 _build/nrf52832_xxaa/boards.c.o
 .debug_info    0x000000000000d15b     0x193f _build/nrf52832_xxaa/nrf_drv_clock.c.o
 .debug_info    0x000000000000ea9a      0x697 _build/nrf52832_xxaa/nrf_drv_common.c.o
 .debug_info    0x000000000000f131     0x28a8 _build/nrf52832_xxaa/nrf_drv_gpiote.c.o
 .debug_info    0x00000000000119d9     0x258f _build/nrf52832_xxaa/nrf_drv_spi.c.o
 .debug_info    0x0000000000013f68     0x43cc _build/nrf52832_xxaa/nrf_drv_uart.c.o
 .debug_info    0x0000000000018334     0x16b1 _build/nrf52832_xxaa/nrf_drv_timer.c.o
 .debug_info    0x00000000000199e5      0x2ed _build/nrf52832_xxaa/main.c.o
 .debug_info    0x0000000000019cd2     0x1c37 _build/nrf52832_xxaa/come_on_spi.c.o
 .debug_info    0x000000000001b909     0x4018 _build/nrf52832_xxaa/come_on_ble.c.o
 .debug_info    0x000000000001f921     0x1fb4 _build/nrf52832_xxaa/come_on_draw.c.o
 .debug_info    0x00000000000218d5      0x69b _build/nrf52832_xxaa/come_on_game.c.o
 .debug_info    0x0000000000021f70     0x1afd _build/nrf52832_xxaa/ble_advdata.c.o
 .debug_info    0x0000000000023a6d     0x2677 _build/nrf52832_xxaa/ble_conn_params.c.o
 .debug_info    0x00000000000260e4     0x2264 _build/nrf52832_xxaa/ble_conn_state.c.o
 .debug_info    0x0000000000028348      0xd25 _build/nrf52832_xxaa/ble_srv_common.c.o
 .debug_info    0x000000000002906d     0x24a0 _build/nrf52832_xxaa/nrf_ble_gatt.c.o
 .debug_info    0x000000000002b50d       0xb3 _build/nrf52832_xxaa/gcc_startup_nrf52.S.o
 .debug_info    0x000000000002b5c0     0x110f _build/nrf52832_xxaa/system_nrf52.c.o
 .debug_info    0x000000000002c6cf     0x2056 _build/nrf52832_xxaa/ble_lbs.c.o
 .debug_info    0x000000000002e725     0x16f7 _build/nrf52832_xxaa/nrf_sdh.c.o
 .debug_info    0x000000000002fe1c     0x25f9 _build/nrf52832_xxaa/nrf_sdh_ble.c.o
 .debug_info    0x0000000000032415      0x5de _build/nrf52832_xxaa/nrf_sdh_soc.c.o
 .debug_info    0x00000000000329f3      0x10a /usr/lib/gcc/arm-none-eabi/4.9.3/../../../arm-none-eabi/lib/armv7e-m/fpu/libc_nano.a(lib_a-atexit.o)
 .debug_info    0x0000000000032afd       0x6f /usr/lib/gcc/arm-none-eabi/4.9.3/../../../arm-none-eabi/lib/armv7e-m/fpu/libc_nano.a(lib_a-ctype_.o)
 .debug_info    0x0000000000032b6c      0x7a6 /usr/lib/gcc/arm-none-eabi/4.9.3/../../../arm-none-eabi/lib/armv7e-m/fpu/libc_nano.a(lib_a-exit.o)
 .debug_info    0x0000000000033312       0xef /usr/lib/gcc/arm-none-eabi/4.9.3/../../../arm-none-eabi/lib/armv7e-m/fpu/libc_nano.a(lib_a-fini.o)
 .debug_info    0x0000000000033401      0x7d3 /usr/lib/gcc/arm-none-eabi/4.9.3/../../../arm-none-eabi/lib/armv7e-m/fpu/libc_nano.a(lib_a-impure.o)
 .debug_info    0x0000000000033bd4      0x105 /usr/lib/gcc/arm-none-eabi/4.9.3/../../../arm-none-eabi/lib/armv7e-m/fpu/libc_nano.a(lib_a-init.o)
 .debug_info    0x0000000000033cd9      0x104 /usr/lib/gcc/arm-none-eabi/4.9.3/../../../arm-none-eabi/lib/armv7e-m/fpu/libc_nano.a(lib_a-memcpy.o)
 .debug_info    0x0000000000033ddd       0xd3 /usr/lib/gcc/arm-none-eabi/4.9.3/../../../arm-none-eabi/lib/armv7e-m/fpu/libc_nano.a(lib_a-memset.o)
 .debug_info    0x0000000000033eb0       0xcd /usr/lib/gcc/arm-none-eabi/4.9.3/../../../arm-none-eabi/lib/armv7e-m/fpu/libc_nano.a(lib_a-strlen.o)
 .debug_info    0x0000000000033f7d      0x23b /usr/lib/gcc/arm-none-eabi/4.9.3/../../../arm-none-eabi/lib/armv7e-m/fpu/libc_nano.a(lib_a-__atexit.o)
 .debug_info    0x00000000000341b8      0x241 /usr/lib/gcc/arm-none-eabi/4.9.3/../../../arm-none-eabi/lib/armv7e-m/fpu/libc_nano.a(lib_a-__call_atexit.o)
 .debug_info    0x00000000000343f9       0x58 /usr/lib/gcc/arm-none-eabi/4.9.3/../../../arm-none-eabi/lib/armv7e-m/fpu/libnosys.a(_exit.o)

.debug_abbrev   0x0000000000000000     0x7ed0
 .debug_abbrev  0x0000000000000000       0x14 /usr/lib/gcc/arm-none-eabi/4.9.3/../../../arm-none-eabi/lib/armv7e-m/fpu/crt0.o
 .debug_abbrev  0x0000000000000014      0x20e _build/nrf52832_xxaa/nrf_log_backend_serial.c.o
 .debug_abbrev  0x0000000000000222      0x2d2 _build/nrf52832_xxaa/nrf_log_backend_uart.c.o
 .debug_abbrev  0x00000000000004f4      0x1a2 _build/nrf52832_xxaa/nrf_log_default_backends.c.o
 .debug_abbrev  0x0000000000000696      0x4a5 _build/nrf52832_xxaa/nrf_log_frontend.c.o
 .debug_abbrev  0x0000000000000b3b      0x1fe _build/nrf52832_xxaa/nrf_log_str_formatter.c.o
 .debug_abbrev  0x0000000000000d39      0x21e _build/nrf52832_xxaa/app_button.c.o
 .debug_abbrev  0x0000000000000f57      0x130 _build/nrf52832_xxaa/app_error.c.o
 .debug_abbrev  0x0000000000001087      0x1ad _build/nrf52832_xxaa/app_error_weak.c.o
 .debug_abbrev  0x0000000000001234      0x27c _build/nrf52832_xxaa/app_scheduler.c.o
 .debug_abbrev  0x00000000000014b0      0x415 _build/nrf52832_xxaa/app_timer.c.o
 .debug_abbrev  0x00000000000018c5      0x2a9 _build/nrf52832_xxaa/app_util_platform.c.o
 .debug_abbrev  0x0000000000001b6e      0x237 _build/nrf52832_xxaa/nrf_balloc.c.o
 .debug_abbrev  0x0000000000001da5      0x14a _build/nrf52832_xxaa/nrf_fprintf.c.o
 .debug_abbrev  0x0000000000001eef      0x2bb _build/nrf52832_xxaa/nrf_fprintf_format.c.o
 .debug_abbrev  0x00000000000021aa      0x2e3 _build/nrf52832_xxaa/nrf_memobj.c.o
 .debug_abbrev  0x000000000000248d      0x3d7 _build/nrf52832_xxaa/nrf_pwr_mgmt.c.o
 .debug_abbrev  0x0000000000002864       0xbf _build/nrf52832_xxaa/nrf_section_iter.c.o
 .debug_abbrev  0x0000000000002923      0x149 _build/nrf52832_xxaa/nrf_strerror.c.o
 .debug_abbrev  0x0000000000002a6c      0x236 _build/nrf52832_xxaa/sdk_mapped_flags.c.o
 .debug_abbrev  0x0000000000002ca2      0x274 _build/nrf52832_xxaa/boards.c.o
 .debug_abbrev  0x0000000000002f16      0x4f1 _build/nrf52832_xxaa/nrf_drv_clock.c.o
 .debug_abbrev  0x0000000000003407      0x1ab _build/nrf52832_xxaa/nrf_drv_common.c.o
 .debug_abbrev  0x00000000000035b2      0x453 _build/nrf52832_xxaa/nrf_drv_gpiote.c.o
 .debug_abbrev  0x0000000000003a05      0x3f7 _build/nrf52832_xxaa/nrf_drv_spi.c.o
 .debug_abbrev  0x0000000000003dfc      0x3c0 _build/nrf52832_xxaa/nrf_drv_uart.c.o
 .debug_abbrev  0x00000000000041bc      0x39e _build/nrf52832_xxaa/nrf_drv_timer.c.o
 .debug_abbrev  0x000000000000455a      0x120 _build/nrf52832_xxaa/main.c.o
 .debug_abbrev  0x000000000000467a      0x386 _build/nrf52832_xxaa/come_on_spi.c.o
 .debug_abbrev  0x0000000000004a00      0x515 _build/nrf52832_xxaa/come_on_ble.c.o
 .debug_abbrev  0x0000000000004f15      0x1d1 _build/nrf52832_xxaa/come_on_draw.c.o
 .debug_abbrev  0x00000000000050e6      0x278 _build/nrf52832_xxaa/come_on_game.c.o
 .debug_abbrev  0x000000000000535e      0x37d _build/nrf52832_xxaa/ble_advdata.c.o
 .debug_abbrev  0x00000000000056db      0x470 _build/nrf52832_xxaa/ble_conn_params.c.o
 .debug_abbrev  0x0000000000005b4b      0x407 _build/nrf52832_xxaa/ble_conn_state.c.o
 .debug_abbrev  0x0000000000005f52      0x27f _build/nrf52832_xxaa/ble_srv_common.c.o
 .debug_abbrev  0x00000000000061d1      0x3cf _build/nrf52832_xxaa/nrf_ble_gatt.c.o
 .debug_abbrev  0x00000000000065a0       0x14 _build/nrf52832_xxaa/gcc_startup_nrf52.S.o
 .debug_abbrev  0x00000000000065b4      0x1d5 _build/nrf52832_xxaa/system_nrf52.c.o
 .debug_abbrev  0x0000000000006789      0x325 _build/nrf52832_xxaa/ble_lbs.c.o
 .debug_abbrev  0x0000000000006aae      0x446 _build/nrf52832_xxaa/nrf_sdh.c.o
 .debug_abbrev  0x0000000000006ef4      0x3ad _build/nrf52832_xxaa/nrf_sdh_ble.c.o
 .debug_abbrev  0x00000000000072a1      0x1f1 _build/nrf52832_xxaa/nrf_sdh_soc.c.o
 .debug_abbrev  0x0000000000007492       0xb8 /usr/lib/gcc/arm-none-eabi/4.9.3/../../../arm-none-eabi/lib/armv7e-m/fpu/libc_nano.a(lib_a-atexit.o)
 .debug_abbrev  0x000000000000754a       0x4e /usr/lib/gcc/arm-none-eabi/4.9.3/../../../arm-none-eabi/lib/armv7e-m/fpu/libc_nano.a(lib_a-ctype_.o)
 .debug_abbrev  0x0000000000007598      0x18b /usr/lib/gcc/arm-none-eabi/4.9.3/../../../arm-none-eabi/lib/armv7e-m/fpu/libc_nano.a(lib_a-exit.o)
 .debug_abbrev  0x0000000000007723       0xbd /usr/lib/gcc/arm-none-eabi/4.9.3/../../../arm-none-eabi/lib/armv7e-m/fpu/libc_nano.a(lib_a-fini.o)
 .debug_abbrev  0x00000000000077e0      0x136 /usr/lib/gcc/arm-none-eabi/4.9.3/../../../arm-none-eabi/lib/armv7e-m/fpu/libc_nano.a(lib_a-impure.o)
 .debug_abbrev  0x0000000000007916       0xba /usr/lib/gcc/arm-none-eabi/4.9.3/../../../arm-none-eabi/lib/armv7e-m/fpu/libc_nano.a(lib_a-init.o)
 .debug_abbrev  0x00000000000079d0       0xa4 /usr/lib/gcc/arm-none-eabi/4.9.3/../../../arm-none-eabi/lib/armv7e-m/fpu/libc_nano.a(lib_a-memcpy.o)
 .debug_abbrev  0x0000000000007a74       0x8e /usr/lib/gcc/arm-none-eabi/4.9.3/../../../arm-none-eabi/lib/armv7e-m/fpu/libc_nano.a(lib_a-memset.o)
 .debug_abbrev  0x0000000000007b02       0x8c /usr/lib/gcc/arm-none-eabi/4.9.3/../../../arm-none-eabi/lib/armv7e-m/fpu/libc_nano.a(lib_a-strlen.o)
 .debug_abbrev  0x0000000000007b8e      0x180 /usr/lib/gcc/arm-none-eabi/4.9.3/../../../arm-none-eabi/lib/armv7e-m/fpu/libc_nano.a(lib_a-__atexit.o)
 .debug_abbrev  0x0000000000007d0e      0x16d /usr/lib/gcc/arm-none-eabi/4.9.3/../../../arm-none-eabi/lib/armv7e-m/fpu/libc_nano.a(lib_a-__call_atexit.o)
 .debug_abbrev  0x0000000000007e7b       0x55 /usr/lib/gcc/arm-none-eabi/4.9.3/../../../arm-none-eabi/lib/armv7e-m/fpu/libnosys.a(_exit.o)

.debug_aranges  0x0000000000000000      0xf88
 .debug_aranges
                0x0000000000000000       0x20 /usr/lib/gcc/arm-none-eabi/4.9.3/../../../arm-none-eabi/lib/armv7e-m/fpu/crt0.o
 .debug_aranges