Archive member included to satisfy reference by file (symbol)

/usr/lib/gcc/arm-none-eabi/4.9.3/../../../arm-none-eabi/lib/armv7e-m/fpu/libc_nano.a(lib_a-atexit.o)
                              /usr/lib/gcc/arm-none-eabi/4.9.3/../../../arm-none-eabi/lib/armv7e-m/fpu/crt0.o (atexit)
/usr/lib/gcc/arm-none-eabi/4.9.3/../../../arm-none-eabi/lib/armv7e-m/fpu/libc_nano.a(lib_a-ctype_.o)
                              _build/nrf52832_xxaa/nrf_log_str_formatter.c.o (__ctype_ptr__)
/usr/lib/gcc/arm-none-eabi/4.9.3/../../../arm-none-eabi/lib/armv7e-m/fpu/libc_nano.a(lib_a-exit.o)
                              /usr/lib/gcc/arm-none-eabi/4.9.3/../../../arm-none-eabi/lib/armv7e-m/fpu/crt0.o (exit)
/usr/lib/gcc/arm-none-eabi/4.9.3/../../../arm-none-eabi/lib/armv7e-m/fpu/libc_nano.a(lib_a-fini.o)
                              /usr/lib/gcc/arm-none-eabi/4.9.3/../../../arm-none-eabi/lib/armv7e-m/fpu/crt0.o (__libc_fini_array)
/usr/lib/gcc/arm-none-eabi/4.9.3/../../../arm-none-eabi/lib/armv7e-m/fpu/libc_nano.a(lib_a-impure.o)
                              /usr/lib/gcc/arm-none-eabi/4.9.3/../../../arm-none-eabi/lib/armv7e-m/fpu/libc_nano.a(lib_a-exit.o) (_global_impure_ptr)
/usr/lib/gcc/arm-none-eabi/4.9.3/../../../arm-none-eabi/lib/armv7e-m/fpu/libc_nano.a(lib_a-init.o)
                              /usr/lib/gcc/arm-none-eabi/4.9.3/../../../arm-none-eabi/lib/armv7e-m/fpu/crt0.o (__libc_init_array)
/usr/lib/gcc/arm-none-eabi/4.9.3/../../../arm-none-eabi/lib/armv7e-m/fpu/libc_nano.a(lib_a-memcpy.o)
                              _build/nrf52832_xxaa/nrf_log_frontend.c.o (memcpy)
/usr/lib/gcc/arm-none-eabi/4.9.3/../../../arm-none-eabi/lib/armv7e-m/fpu/libc_nano.a(lib_a-memset.o)
                              /usr/lib/gcc/arm-none-eabi/4.9.3/../../../arm-none-eabi/lib/armv7e-m/fpu/crt0.o (memset)
/usr/lib/gcc/arm-none-eabi/4.9.3/../../../arm-none-eabi/lib/armv7e-m/fpu/libc_nano.a(lib_a-strcpy.o)
                              _build/nrf52832_xxaa/SEGGER_RTT.c.o (strcpy)
/usr/lib/gcc/arm-none-eabi/4.9.3/../../../arm-none-eabi/lib/armv7e-m/fpu/libc_nano.a(lib_a-strlen.o)
                              _build/nrf52832_xxaa/nrf_log_frontend.c.o (strlen)
/usr/lib/gcc/arm-none-eabi/4.9.3/../../../arm-none-eabi/lib/armv7e-m/fpu/libc_nano.a(lib_a-__atexit.o)
                              /usr/lib/gcc/arm-none-eabi/4.9.3/../../../arm-none-eabi/lib/armv7e-m/fpu/libc_nano.a(lib_a-atexit.o) (__register_exitproc)
/usr/lib/gcc/arm-none-eabi/4.9.3/../../../arm-none-eabi/lib/armv7e-m/fpu/libc_nano.a(lib_a-__call_atexit.o)
                              /usr/lib/gcc/arm-none-eabi/4.9.3/../../../arm-none-eabi/lib/armv7e-m/fpu/libc_nano.a(lib_a-__atexit.o) (__call_exitprocs)
/usr/lib/gcc/arm-none-eabi/4.9.3/../../../arm-none-eabi/lib/armv7e-m/fpu/libnosys.a(_exit.o)
                              /usr/lib/gcc/arm-none-eabi/4.9.3/../../../arm-none-eabi/lib/armv7e-m/fpu/libc_nano.a(lib_a-exit.o) (_exit)
/usr/lib/gcc/arm-none-eabi/4.9.3/armv7e-m/fpu/libgcc.a(_aeabi_uldivmod.o)
                              _build/nrf52832_xxaa/bsp.c.o (__aeabi_uldivmod)
/usr/lib/gcc/arm-none-eabi/4.9.3/armv7e-m/fpu/libgcc.a(bpabi.o)
                              /usr/lib/gcc/arm-none-eabi/4.9.3/armv7e-m/fpu/libgcc.a(_aeabi_uldivmod.o) (__gnu_uldivmod_helper)
/usr/lib/gcc/arm-none-eabi/4.9.3/armv7e-m/fpu/libgcc.a(_dvmd_tls.o)
                              /usr/lib/gcc/arm-none-eabi/4.9.3/armv7e-m/fpu/libgcc.a(_aeabi_uldivmod.o) (__aeabi_ldiv0)
/usr/lib/gcc/arm-none-eabi/4.9.3/armv7e-m/fpu/libgcc.a(_divdi3.o)
                              /usr/lib/gcc/arm-none-eabi/4.9.3/armv7e-m/fpu/libgcc.a(bpabi.o) (__divdi3)
/usr/lib/gcc/arm-none-eabi/4.9.3/armv7e-m/fpu/libgcc.a(_udivdi3.o)
                              /usr/lib/gcc/arm-none-eabi/4.9.3/armv7e-m/fpu/libgcc.a(bpabi.o) (__udivdi3)

Allocating common symbols
Common symbol       size              file

nrf_nvic_state      0xc               _build/nrf52832_xxaa/app_util_platform.c.o
_SEGGER_RTT         0x78              _build/nrf52832_xxaa/SEGGER_RTT.c.o

Discarded input sections

 .text          0x0000000000000000        0x0 /usr/lib/gcc/arm-none-eabi/4.9.3/armv7e-m/fpu/crti.o
 .data          0x0000000000000000        0x0 /usr/lib/gcc/arm-none-eabi/4.9.3/armv7e-m/fpu/crti.o
 .bss           0x0000000000000000        0x0 /usr/lib/gcc/arm-none-eabi/4.9.3/armv7e-m/fpu/crti.o
 .data          0x0000000000000000        0x4 /usr/lib/gcc/arm-none-eabi/4.9.3/armv7e-m/fpu/crtbegin.o
 .data          0x0000000000000000        0x0 /usr/lib/gcc/arm-none-eabi/4.9.3/../../../arm-none-eabi/lib/armv7e-m/fpu/crt0.o
 .bss           0x0000000000000000        0x0 /usr/lib/gcc/arm-none-eabi/4.9.3/../../../arm-none-eabi/lib/armv7e-m/fpu/crt0.o
 .ARM.extab     0x0000000000000000        0x0 /usr/lib/gcc/arm-none-eabi/4.9.3/../../../arm-none-eabi/lib/armv7e-m/fpu/crt0.o
 .group         0x0000000000000000        0x8 _build/nrf52832_xxaa/nrf_log_backend_rtt.c.o
 .group         0x0000000000000000        0x8 _build/nrf52832_xxaa/nrf_log_backend_rtt.c.o
[...]
Memory Configuration

Name             Origin             Length             Attributes
FLASH            0x0000000000023000 0x000000000005d000 xr
RAM              0x0000000020002180 0x000000000000de80 xrw
*default*        0x0000000000000000 0xffffffffffffffff

Linker script and memory map


.text           0x0000000000023000     0x3914
 *(.isr_vector)
 .isr_vector    0x0000000000023000      0x200 _build/nrf52832_xxaa/gcc_startup_nrf52.S.o
                0x0000000000023000                __isr_vector
 *(.text*)
 .text          0x0000000000023200       0xa4 /usr/lib/gcc/arm-none-eabi/4.9.3/armv7e-m/fpu/crtbegin.o
 .text          0x00000000000232a4       0x68 /usr/lib/gcc/arm-none-eabi/4.9.3/../../../arm-none-eabi/lib/armv7e-m/fpu/crt0.o
                0x00000000000232a4                _mainCRTStartup
                0x00000000000232a4                _start
 .text.nrf_log_frontend_dequeue
                0x000000000002330c      0x22c _build/nrf52832_xxaa/nrf_log_frontend.c.o
                0x000000000002330c                nrf_log_frontend_dequeue
 .text.nrf_log_frontend_std_0
                0x0000000000023538      0x17c _build/nrf52832_xxaa/nrf_log_frontend.c.o
                0x0000000000023538                nrf_log_frontend_std_0
 .text.nrf_log_frontend_std_1
                0x00000000000236b4      0x18c _build/nrf52832_xxaa/nrf_log_frontend.c.o
                0x00000000000236b4                nrf_log_frontend_std_1
 .text.nrf_log_frontend_std_2
                0x0000000000023840      0x1a0 _build/nrf52832_xxaa/nrf_log_frontend.c.o
                0x0000000000023840                nrf_log_frontend_std_2
 .text.nrf_log_panic
                0x00000000000239e0       0x28 _build/nrf52832_xxaa/nrf_log_frontend.c.o
                0x00000000000239e0                nrf_log_panic
 .text.app_button_enable
                0x0000000000023a08       0x2c _build/nrf52832_xxaa/app_button.c.o
                0x0000000000023a08                app_button_enable
 .text.app_button_disable
                0x0000000000023a34       0x34 _build/nrf52832_xxaa/app_button.c.o
                0x0000000000023a34                app_button_disable
 .text.app_error_handler_bare
                0x0000000000023a68       0x20 _build/nrf52832_xxaa/app_error.c.o
                0x0000000000023a68                app_error_handler_bare
 .text.app_error_fault_handler
                0x0000000000023a88       0x68 _build/nrf52832_xxaa/app_error_weak.c.o
                0x0000000000023a88                app_error_fault_handler
 .text.RTC1_IRQHandler
                0x0000000000023af0       0xa0 _build/nrf52832_xxaa/app_timer.c.o
                0x0000000000023af0                RTC1_IRQHandler
 .text.SWI0_EGU0_IRQHandler
                0x0000000000023b90      0x610 _build/nrf52832_xxaa/app_timer.c.o
                0x0000000000023b90                SWI0_EGU0_IRQHandler
 .text.app_timer_init
                0x00000000000241a0      0x194 _build/nrf52832_xxaa/app_timer.c.o
                0x00000000000241a0                app_timer_init
 .text.app_timer_create
                0x0000000000024334       0x24 _build/nrf52832_xxaa/app_timer.c.o
                0x0000000000024334                app_timer_create
 .text.app_timer_start
                0x0000000000024358       0xb4 _build/nrf52832_xxaa/app_timer.c.o
                0x0000000000024358                app_timer_start
 .text.app_timer_stop
                0x000000000002440c       0x78 _build/nrf52832_xxaa/app_timer.c.o
                0x000000000002440c                app_timer_stop
 .text.app_util_critical_region_enter
                0x0000000000024484       0x50 _build/nrf52832_xxaa/app_util_platform.c.o
                0x0000000000024484                app_util_critical_region_enter
 .text.app_util_critical_region_exit
                0x00000000000244d4       0x30 _build/nrf52832_xxaa/app_util_platform.c.o
                0x00000000000244d4                app_util_critical_region_exit
 .text.nrf_balloc_alloc
                0x0000000000024504       0x50 _build/nrf52832_xxaa/nrf_balloc.c.o
                0x0000000000024504                nrf_balloc_alloc
 .text.nrf_balloc_free
                0x0000000000024554       0x38 _build/nrf52832_xxaa/nrf_balloc.c.o
                0x0000000000024554                nrf_balloc_free
 .text.nrf_memobj_alloc
                0x000000000002458c       0x8c _build/nrf52832_xxaa/nrf_memobj.c.o
                0x000000000002458c                nrf_memobj_alloc
 .text.nrf_memobj_get
                0x0000000000024618       0x20 _build/nrf52832_xxaa/nrf_memobj.c.o
                0x0000000000024618                nrf_memobj_get
 .text.nrf_memobj_put
                0x0000000000024638       0x4c _build/nrf52832_xxaa/nrf_memobj.c.o
                0x0000000000024638                nrf_memobj_put
 .text.nrf_memobj_write
                0x0000000000024684       0x50 _build/nrf52832_xxaa/nrf_memobj.c.o
                0x0000000000024684                nrf_memobj_write
 .text.nrf_section_iter_init
                0x00000000000246d4       0x14 _build/nrf52832_xxaa/nrf_section_iter.c.o
                0x00000000000246d4                nrf_section_iter_init
 .text.nrf_section_iter_next
                0x00000000000246e8       0x18 _build/nrf52832_xxaa/nrf_section_iter.c.o
                0x00000000000246e8                nrf_section_iter_next
 .text.sdk_mapped_flags_first_key_index_get
                0x0000000000024700       0x2c _build/nrf52832_xxaa/sdk_mapped_flags.c.o
                0x0000000000024700                sdk_mapped_flags_first_key_index_get
 .text.sdk_mapped_flags_update_by_key
                0x000000000002472c       0x3c _build/nrf52832_xxaa/sdk_mapped_flags.c.o
                0x000000000002472c                sdk_mapped_flags_update_by_key
 .text.sdk_mapped_flags_bulk_update_by_key
                0x0000000000024768       0x58 _build/nrf52832_xxaa/sdk_mapped_flags.c.o
                0x0000000000024768                sdk_mapped_flags_bulk_update_by_key
 .text.sdk_mapped_flags_key_list_get
                0x00000000000247c0       0x34 _build/nrf52832_xxaa/sdk_mapped_flags.c.o
                0x00000000000247c0                sdk_mapped_flags_key_list_get
 .text.soc_evt_handler
                0x00000000000247f4       0x24 _build/nrf52832_xxaa/nrf_drv_clock.c.o
 .text.sd_state_evt_handler
                0x0000000000024818       0xc0 _build/nrf52832_xxaa/nrf_drv_clock.c.o
 .text.nrf_drv_clock_init
                0x00000000000248d8       0x44 _build/nrf52832_xxaa/nrf_drv_clock.c.o
                0x00000000000248d8                nrf_drv_clock_init
 .text.nrf_drv_clock_lfclk_request
                0x000000000002491c       0x98 _build/nrf52832_xxaa/nrf_drv_clock.c.o
                0x000000000002491c                nrf_drv_clock_lfclk_request
 .text.POWER_CLOCK_IRQHandler
                0x00000000000249b4       0x84 _build/nrf52832_xxaa/nrf_drv_clock.c.o
                0x00000000000249b4                POWER_CLOCK_IRQHandler
 .text.nrf_drv_common_irq_enable
                0x0000000000024a38       0x50 _build/nrf52832_xxaa/nrf_drv_common.c.o
                0x0000000000024a38                nrf_drv_common_irq_enable
 .text.nrf_drv_gpiote_init
                0x0000000000024a88       0x84 _build/nrf52832_xxaa/nrf_drv_gpiote.c.o
                0x0000000000024a88                nrf_drv_gpiote_init
 .text.nrf_drv_gpiote_out_init
                0x0000000000024b0c       0xf0 _build/nrf52832_xxaa/nrf_drv_gpiote.c.o
                0x0000000000024b0c                nrf_drv_gpiote_out_init
 .text.nrf_drv_gpiote_out_set
                0x0000000000024bfc       0x10 _build/nrf52832_xxaa/nrf_drv_gpiote.c.o
                0x0000000000024bfc                nrf_drv_gpiote_out_set
 .text.nrf_drv_gpiote_out_clear
                0x0000000000024c0c       0x10 _build/nrf52832_xxaa/nrf_drv_gpiote.c.o
                0x0000000000024c0c                nrf_drv_gpiote_out_clear
 .text.nrf_drv_gpiote_out_toggle
                0x0000000000024c1c       0x1c _build/nrf52832_xxaa/nrf_drv_gpiote.c.o
                0x0000000000024c1c                nrf_drv_gpiote_out_toggle
 .text.nrf_drv_gpiote_in_init
                0x0000000000024c38      0x194 _build/nrf52832_xxaa/nrf_drv_gpiote.c.o
                0x0000000000024c38                nrf_drv_gpiote_in_init
 .text.nrf_drv_gpiote_in_event_enable
                0x0000000000024dcc       0xc4 _build/nrf52832_xxaa/nrf_drv_gpiote.c.o
                0x0000000000024dcc                nrf_drv_gpiote_in_event_enable
 .text.nrf_drv_gpiote_in_event_disable
                0x0000000000024e90       0x60 _build/nrf52832_xxaa/nrf_drv_gpiote.c.o
                0x0000000000024e90                nrf_drv_gpiote_in_event_disable
 .text.GPIOTE_IRQHandler
                0x0000000000024ef0      0x2c8 _build/nrf52832_xxaa/nrf_drv_gpiote.c.o
                0x0000000000024ef0                GPIOTE_IRQHandler
 .text.SPIM0_SPIS0_TWIM0_TWIS0_SPI0_TWI0_IRQHandler
                0x00000000000251b8       0x50 _build/nrf52832_xxaa/nrf_drv_spi.c.o
                0x00000000000251b8                SPIM0_SPIS0_TWIM0_TWIS0_SPI0_TWI0_IRQHandler
 .text.SPIM1_SPIS1_TWIM1_TWIS1_SPI1_TWI1_IRQHandler
                0x0000000000025208       0x54 _build/nrf52832_xxaa/nrf_drv_spi.c.o
                0x0000000000025208                SPIM1_SPIS1_TWIM1_TWIS1_SPI1_TWI1_IRQHandler
 .text.UARTE0_UART0_IRQHandler
                0x000000000002525c      0x2fc _build/nrf52832_xxaa/nrf_drv_uart.c.o
                0x000000000002525c                UARTE0_UART0_IRQHandler
 .text.timer_handler
                0x0000000000025558       0x28 _build/nrf52832_xxaa/main.c.o
 .text.gpiote_event_handler
                0x0000000000025580       0x5c _build/nrf52832_xxaa/main.c.o
                0x0000000000025580                gpiote_event_handler
 .text.startup.main
                0x00000000000255dc       0xf0 _build/nrf52832_xxaa/main.c.o
                0x00000000000255dc                main
 .text.sd_ble_gap_adv_start
                0x00000000000256cc        0x4 _build/nrf52832_xxaa/come_on_ble.c.o
 .text.sd_ble_gap_disconnect
                0x00000000000256d0        0x4 _build/nrf52832_xxaa/come_on_ble.c.o
 .text.sd_ble_gap_sec_params_reply
                0x00000000000256d4        0x4 _build/nrf52832_xxaa/come_on_ble.c.o
 .text.sd_ble_gap_phy_update
                0x00000000000256d8        0x4 _build/nrf52832_xxaa/come_on_ble.c.o
 .text.sd_ble_gatts_rw_authorize_reply
                0x00000000000256dc        0x4 _build/nrf52832_xxaa/come_on_ble.c.o
 .text.sd_ble_gatts_sys_attr_set
                0x00000000000256e0        0x4 _build/nrf52832_xxaa/come_on_ble.c.o
 .text.sd_ble_user_mem_reply
                0x00000000000256e4        0x4 _build/nrf52832_xxaa/come_on_ble.c.o
 .text.ble_evt_handler
                0x00000000000256e8      0x17c _build/nrf52832_xxaa/come_on_ble.c.o
 .text.ble_evt_handler
                0x0000000000025864      0x200 _build/nrf52832_xxaa/ble_conn_params.c.o
 .text.ble_evt_handler
                0x0000000000025a64      0x110 _build/nrf52832_xxaa/ble_conn_state.c.o
 .text.ble_srv_is_notification_enabled
                0x0000000000025b74        0x8 _build/nrf52832_xxaa/ble_srv_common.c.o
                0x0000000000025b74                ble_srv_is_notification_enabled
 .text.sd_ble_gap_data_length_update
                0x0000000000025b7c        0x4 _build/nrf52832_xxaa/nrf_ble_gatt.c.o
 .text.sd_ble_gattc_exchange_mtu_request
                0x0000000000025b80        0x4 _build/nrf52832_xxaa/nrf_ble_gatt.c.o
 .text.sd_ble_gatts_exchange_mtu_reply
                0x0000000000025b84        0x4 _build/nrf52832_xxaa/nrf_ble_gatt.c.o
 .text.nrf_ble_gatt_on_ble_evt
                0x0000000000025b88      0x210 _build/nrf52832_xxaa/nrf_ble_gatt.c.o
                0x0000000000025b88                nrf_ble_gatt_on_ble_evt
 .text          0x0000000000025d98       0x3c _build/nrf52832_xxaa/gcc_startup_nrf52.S.o
                0x0000000000025d98                Reset_Handler
                0x0000000000025dc0                NMI_Handler
                0x0000000000025dc2                HardFault_Handler
                0x0000000000025dc4                MemoryManagement_Handler
                0x0000000000025dc6                BusFault_Handler
                0x0000000000025dc8                UsageFault_Handler
                0x0000000000025dca                SVC_Handler
                0x0000000000025dcc                DebugMon_Handler
                0x0000000000025dce                PendSV_Handler
                0x0000000000025dd0                SysTick_Handler
                0x0000000000025dd2                TIMER2_IRQHandler
                0x0000000000025dd2                RTC0_IRQHandler
                0x0000000000025dd2                PWM1_IRQHandler
                0x0000000000025dd2                RADIO_IRQHandler
                0x0000000000025dd2                PDM_IRQHandler
                0x0000000000025dd2                TEMP_IRQHandler
                0x0000000000025dd2                QDEC_IRQHandler
                0x0000000000025dd2                TIMER3_IRQHandler
                0x0000000000025dd2                FPU_IRQHandler
                0x0000000000025dd2                TIMER4_IRQHandler
                0x0000000000025dd2                I2S_IRQHandler
                0x0000000000025dd2                SWI4_EGU4_IRQHandler
                0x0000000000025dd2                TIMER0_IRQHandler
                0x0000000000025dd2                TIMER1_IRQHandler
                0x0000000000025dd2                PWM2_IRQHandler
                0x0000000000025dd2                ECB_IRQHandler
                0x0000000000025dd2                Default_Handler
                0x0000000000025dd2                SAADC_IRQHandler
                0x0000000000025dd2                CCM_AAR_IRQHandler
                0x0000000000025dd2                WDT_IRQHandler
                0x0000000000025dd2                SWI5_EGU5_IRQHandler
                0x0000000000025dd2                RNG_IRQHandler
                0x0000000000025dd2                RTC2_IRQHandler
                0x0000000000025dd2                PWM0_IRQHandler
                0x0000000000025dd2                SWI3_EGU3_IRQHandler
                0x0000000000025dd2                SWI1_EGU1_IRQHandler
                0x0000000000025dd2                SPIM2_SPIS2_SPI2_IRQHandler
                0x0000000000025dd2                NFCT_IRQHandler
                0x0000000000025dd2                MWU_IRQHandler
                0x0000000000025dd2                COMP_LPCOMP_IRQHandler
 .text.SystemInit
                0x0000000000025dd4      0x384 _build/nrf52832_xxaa/system_nrf52.c.o
                0x0000000000025dd4                SystemInit
 .text.ble_lbs_on_ble_evt
                0x0000000000026158       0x34 _build/nrf52832_xxaa/ble_lbs.c.o
                0x0000000000026158                ble_lbs_on_ble_evt
 .text.nrf_sdh_is_enabled
                0x000000000002618c        0xc _build/nrf52832_xxaa/nrf_sdh.c.o
                0x000000000002618c                nrf_sdh_is_enabled
 .text.SWI2_EGU2_IRQHandler
                0x0000000000026198       0x2c _build/nrf52832_xxaa/nrf_sdh.c.o
                0x0000000000026198                SWI2_EGU2_IRQHandler
 .text.sd_ble_evt_get
                0x00000000000261c4        0x4 _build/nrf52832_xxaa/nrf_sdh_ble.c.o
 .text.nrf_sdh_ble_evts_poll
                0x00000000000261c8       0x4c _build/nrf52832_xxaa/nrf_sdh_ble.c.o
 .text.sd_evt_get
                0x0000000000026214        0x4 _build/nrf52832_xxaa/nrf_sdh_soc.c.o
 .text.nrf_sdh_soc_evts_poll
                0x0000000000026218       0x4c _build/nrf52832_xxaa/nrf_sdh_soc.c.o
 .text.atexit   0x0000000000026264        0xc /usr/lib/gcc/arm-none-eabi/4.9.3/../../../arm-none-eabi/lib/armv7e-m/fpu/libc_nano.a(lib_a-atexit.o)
                0x0000000000026264                atexit
 .text.exit     0x0000000000026270       0x28 /usr/lib/gcc/arm-none-eabi/4.9.3/../../../arm-none-eabi/lib/armv7e-m/fpu/libc_nano.a(lib_a-exit.o)
                0x0000000000026270                exit
 .text.__libc_fini_array
                0x0000000000026298       0x28 /usr/lib/gcc/arm-none-eabi/4.9.3/../../../arm-none-eabi/lib/armv7e-m/fpu/libc_nano.a(lib_a-fini.o)
                0x0000000000026298                __libc_fini_array
 .text.__libc_init_array
                0x00000000000262c0       0x4c /usr/lib/gcc/arm-none-eabi/4.9.3/../../../arm-none-eabi/lib/armv7e-m/fpu/libc_nano.a(lib_a-init.o)
                0x00000000000262c0                __libc_init_array
 .text.memcpy   0x000000000002630c       0x16 /usr/lib/gcc/arm-none-eabi/4.9.3/../../../arm-none-eabi/lib/armv7e-m/fpu/libc_nano.a(lib_a-memcpy.o)
                0x000000000002630c                memcpy
 .text.memset   0x0000000000026322       0x10 /usr/lib/gcc/arm-none-eabi/4.9.3/../../../arm-none-eabi/lib/armv7e-m/fpu/libc_nano.a(lib_a-memset.o)
                0x0000000000026322                memset
 *fill*         0x0000000000026332        0x2 
 .text.__register_exitproc
                0x0000000000026334       0xb8 /usr/lib/gcc/arm-none-eabi/4.9.3/../../../arm-none-eabi/lib/armv7e-m/fpu/libc_nano.a(lib_a-__atexit.o)
                0x0000000000026334                __register_exitproc
 .text.__call_exitprocs
                0x00000000000263ec       0xd4 /usr/lib/gcc/arm-none-eabi/4.9.3/../../../arm-none-eabi/lib/armv7e-m/fpu/libc_nano.a(lib_a-__call_atexit.o)
                0x00000000000263ec                __call_exitprocs
 .text._exit    0x00000000000264c0        0x4 /usr/lib/gcc/arm-none-eabi/4.9.3/../../../arm-none-eabi/lib/armv7e-m/fpu/libnosys.a(_exit.o)
                0x00000000000264c0                _exit
 *(.init)
 .init          0x00000000000264c4        0x4 /usr/lib/gcc/arm-none-eabi/4.9.3/armv7e-m/fpu/crti.o
                0x00000000000264c4                _init
 .init          0x00000000000264c8        0x8 /usr/lib/gcc/arm-none-eabi/4.9.3/armv7e-m/fpu/crtn.o
 *(.fini)
 .fini          0x00000000000264d0        0x4 /usr/lib/gcc/arm-none-eabi/4.9.3/armv7e-m/fpu/crti.o
                0x00000000000264d0                _fini
 .fini          0x00000000000264d4        0x8 /usr/lib/gcc/arm-none-eabi/4.9.3/armv7e-m/fpu/crtn.o
 *crtbegin.o(.ctors)
 *crtbegin?.o(.ctors)
 *(EXCLUDE_FILE(*crtend.o *crtend?.o) .ctors)
 *(SORT(.ctors.*))
 *(.ctors)
 *crtbegin.o(.dtors)
 *crtbegin?.o(.dtors)
 *(EXCLUDE_FILE(*crtend.o *crtend?.o) .dtors)
 *(SORT(.dtors.*))
 *(.dtors)
 *(.rodata*)
 .rodata.str1.4
                0x00000000000264dc        0x4 _build/nrf52832_xxaa/nrf_log_frontend.c.o
 .rodata.mempool
                0x00000000000264e0       0x14 _build/nrf52832_xxaa/nrf_log_frontend.c.o
 .rodata.str1.4
                0x00000000000264f4       0x19 _build/nrf52832_xxaa/app_error_weak.c.o
 *fill*         0x000000000002650d        0x3 
 .rodata.str1.4
                0x0000000000026510        0x7 _build/nrf52832_xxaa/nrf_balloc.c.o
 *fill*         0x0000000000026517        0x1 
 .rodata.str1.4
                0x0000000000026518        0x9 _build/nrf52832_xxaa/nrf_pwr_mgmt.c.o
 *fill*         0x0000000000026521        0x3 
 .rodata.str1.4
                0x0000000000026524        0x6 _build/nrf52832_xxaa/nrf_drv_clock.c.o
 *fill*         0x000000000002652a        0x2 
 .rodata.str1.4
                0x000000000002652c        0x7 _build/nrf52832_xxaa/nrf_drv_gpiote.c.o
 *fill*         0x0000000000026533        0x1 
 .rodata.str1.4
                0x0000000000026534        0x4 _build/nrf52832_xxaa/nrf_drv_spi.c.o
 .rodata.str1.4
                0x0000000000026538        0x5 _build/nrf52832_xxaa/nrf_drv_uart.c.o
 *fill*         0x000000000002653d        0x3 
 .rodata        0x0000000000026540        0x4 _build/nrf52832_xxaa/main.c.o
 .rodata.m_led_a_timer_id
                0x0000000000026544        0x4 _build/nrf52832_xxaa/main.c.o
 .rodata.str1.4
                0x0000000000026548       0x41 _build/nrf52832_xxaa/come_on_ble.c.o
 *fill*         0x0000000000026589        0x3 
 .rodata.str1.4
                0x000000000002658c      0x139 _build/nrf52832_xxaa/nrf_ble_gatt.c.o
 *fill*         0x00000000000266c5        0x3 
 .rodata.str1.4
                0x00000000000266c8        0x8 _build/nrf52832_xxaa/nrf_sdh.c.o
 .rodata.sdh_stack_observers
                0x00000000000266d0        0xc _build/nrf52832_xxaa/nrf_sdh.c.o
 .rodata.sdh_ble_observers
                0x00000000000266dc        0xc _build/nrf52832_xxaa/nrf_sdh_ble.c.o
 .rodata.str1.4
                0x00000000000266e8      0x208 _build/nrf52832_xxaa/nrf_sdh_ble.c.o
 .rodata.sdh_soc_observers
                0x00000000000268f0        0xc _build/nrf52832_xxaa/nrf_sdh_soc.c.o
 .rodata.str1.4
                0x00000000000268fc        0xc _build/nrf52832_xxaa/nrf_sdh_soc.c.o
 .rodata.str1.1
                0x0000000000026908        0x2 /usr/lib/gcc/arm-none-eabi/4.9.3/../../../arm-none-eabi/lib/armv7e-m/fpu/libc_nano.a(lib_a-impure.o)
 *fill*         0x000000000002690a        0x2 
 .rodata._global_impure_ptr
                0x000000000002690c        0x4 /usr/lib/gcc/arm-none-eabi/4.9.3/../../../arm-none-eabi/lib/armv7e-m/fpu/libc_nano.a(lib_a-impure.o)
                0x000000000002690c                _global_impure_ptr
 *(.eh_frame*)
 .eh_frame      0x0000000000026910        0x0 /usr/lib/gcc/arm-none-eabi/4.9.3/armv7e-m/fpu/crtbegin.o
 .eh_frame      0x0000000000026910        0x4 /usr/lib/gcc/arm-none-eabi/4.9.3/armv7e-m/fpu/crtend.o

.glue_7         0x0000000000026914        0x0
 .glue_7        0x0000000000026914        0x0 linker stubs

.glue_7t        0x0000000000026914        0x0
 .glue_7t       0x0000000000026914        0x0 linker stubs

.vfp11_veneer   0x0000000000026914        0x0
 .vfp11_veneer  0x0000000000026914        0x0 linker stubs

.v4_bx          0x0000000000026914        0x0
 .v4_bx         0x0000000000026914        0x0 linker stubs

.iplt           0x0000000000026914        0x0
 .iplt          0x0000000000026914        0x0 /usr/lib/gcc/arm-none-eabi/4.9.3/armv7e-m/fpu/crtbegin.o

.mem_section_dummy_rom

.sdh_soc_observers
                0x0000000000026914        0x8
                0x0000000000026914                PROVIDE (__start_sdh_soc_observers, .)
 *(SORT(.sdh_soc_observers*))
 .sdh_soc_observers0
                0x0000000000026914        0x8 _build/nrf52832_xxaa/nrf_drv_clock.c.o
                0x000000000002691c                PROVIDE (__stop_sdh_soc_observers, .)

.pwr_mgmt_data  0x000000000002691c        0x0
                0x000000000002691c                PROVIDE (__start_pwr_mgmt_data, .)
 *(SORT(.pwr_mgmt_data*))
                0x000000000002691c                PROVIDE (__stop_pwr_mgmt_data, .)

.sdh_ble_observers
                0x000000000002691c       0x28
                0x000000000002691c                PROVIDE (__start_sdh_ble_observers, .)
 *(SORT(.sdh_ble_observers*))
 .sdh_ble_observers0
                0x000000000002691c        0x8 _build/nrf52832_xxaa/ble_conn_state.c.o
 .sdh_ble_observers1
                0x0000000000026924        0x8 _build/nrf52832_xxaa/come_on_ble.c.o
 .sdh_ble_observers1
                0x000000000002692c        0x8 _build/nrf52832_xxaa/ble_conn_params.c.o
 .sdh_ble_observers2
                0x0000000000026934        0x8 _build/nrf52832_xxaa/come_on_ble.c.o
 .sdh_ble_observers3
                0x000000000002693c        0x8 _build/nrf52832_xxaa/come_on_ble.c.o
                0x0000000000026944                PROVIDE (__stop_sdh_ble_observers, .)

.log_const_data
                0x0000000000026944       0x58
                0x0000000000026944                PROVIDE (__start_log_const_data, .)
 *(SORT(.log_const_data*))
 .log_const_data_app
                0x0000000000026944        0x8 _build/nrf52832_xxaa/nrf_log_frontend.c.o
                0x0000000000026944                m_nrf_log_app_logs_data_const
 .log_const_data_balloc
                0x000000000002694c        0x8 _build/nrf52832_xxaa/nrf_balloc.c.o
                0x000000000002694c                m_nrf_log_balloc_logs_data_const
 .log_const_data_ble_gatt
                0x0000000000026954        0x8 _build/nrf52832_xxaa/nrf_ble_gatt.c.o
                0x0000000000026954                m_nrf_log_ble_gatt_logs_data_const
 .log_const_data_clock
                0x000000000002695c        0x8 _build/nrf52832_xxaa/nrf_drv_clock.c.o
                0x000000000002695c                m_nrf_log_clock_logs_data_const
 .log_const_data_gpiote
                0x0000000000026964        0x8 _build/nrf52832_xxaa/nrf_drv_gpiote.c.o
                0x0000000000026964                m_nrf_log_gpiote_logs_data_const
 .log_const_data_nrf_sdh
                0x000000000002696c        0x8 _build/nrf52832_xxaa/nrf_sdh.c.o
                0x000000000002696c                m_nrf_log_nrf_sdh_logs_data_const
 .log_const_data_nrf_sdh_ble
                0x0000000000026974        0x8 _build/nrf52832_xxaa/nrf_sdh_ble.c.o
                0x0000000000026974                m_nrf_log_nrf_sdh_ble_logs_data_const
 .log_const_data_nrf_sdh_soc
                0x000000000002697c        0x8 _build/nrf52832_xxaa/nrf_sdh_soc.c.o
                0x000000000002697c                m_nrf_log_nrf_sdh_soc_logs_data_const
 .log_const_data_pwr_mgmt
                0x0000000000026984        0x8 _build/nrf52832_xxaa/nrf_pwr_mgmt.c.o
                0x0000000000026984                m_nrf_log_pwr_mgmt_logs_data_const
 .log_const_data_spi
                0x000000000002698c        0x8 _build/nrf52832_xxaa/nrf_drv_spi.c.o
                0x000000000002698c                m_nrf_log_spi_logs_data_const
 .log_const_data_uart
                0x0000000000026994        0x8 _build/nrf52832_xxaa/nrf_drv_uart.c.o
                0x0000000000026994                m_nrf_log_uart_logs_data_const
                0x000000000002699c                PROVIDE (__stop_log_const_data, .)

.sdh_req_observers
                0x000000000002699c        0x0
                0x000000000002699c                PROVIDE (__start_sdh_req_observers, .)
 *(SORT(.sdh_req_observers*))
                0x000000000002699c                PROVIDE (__stop_sdh_req_observers, .)

.sdh_state_observers
                0x000000000002699c        0x8
                0x000000000002699c                PROVIDE (__start_sdh_state_observers, .)
 *(SORT(.sdh_state_observers*))
 .sdh_state_observers0
                0x000000000002699c        0x8 _build/nrf52832_xxaa/nrf_drv_clock.c.o
                0x00000000000269a4                PROVIDE (__stop_sdh_state_observers, .)

.sdh_stack_observers
                0x00000000000269a4       0x10
                0x00000000000269a4                PROVIDE (__start_sdh_stack_observers, .)
 *(SORT(.sdh_stack_observers*))
 .sdh_stack_observers0
                0x00000000000269a4        0x8 _build/nrf52832_xxaa/nrf_sdh_ble.c.o
 .sdh_stack_observers0
                0x00000000000269ac        0x8 _build/nrf52832_xxaa/nrf_sdh_soc.c.o
                0x00000000000269b4                PROVIDE (__stop_sdh_stack_observers, .)

.cli_command    0x00000000000269b4        0x0
                [!provide]                        PROVIDE (__start_cli_command, .)
 *(.cli_command)
                [!provide]                        PROVIDE (__stop_cli_command, .)

.ARM.extab
 *(.ARM.extab* .gnu.linkonce.armextab.*)
                0x00000000000269b4                __exidx_start = .

.ARM.exidx      0x00000000000269b4        0x8
 *(.ARM.exidx* .gnu.linkonce.armexidx.*)
 .ARM.exidx     0x00000000000269b4        0x8 /usr/lib/gcc/arm-none-eabi/4.9.3/../../../arm-none-eabi/lib/armv7e-m/fpu/crt0.o
                0x00000000000269bc                __exidx_end = .
                0x00000000000269bc                __etext = .

.rel.dyn        0x00000000000269bc        0x0
 .rel.iplt      0x00000000000269bc        0x0 /usr/lib/gcc/arm-none-eabi/4.9.3/armv7e-m/fpu/crtbegin.o

.data           0x0000000020002180       0x74 load address 0x00000000000269bc
                0x0000000020002180                __data_start__ = .
 *(vtable)
 *(.data*)
 .data.m_conn_handle
                0x0000000020002180        0x2 _build/nrf52832_xxaa/come_on_ble.c.o
 *fill*         0x0000000020002182        0x2 
 .data.SystemCoreClock
                0x0000000020002184        0x4 _build/nrf52832_xxaa/system_nrf52.c.o
                0x0000000020002184                SystemCoreClock
 .data.impure_data
                0x0000000020002188       0x60 /usr/lib/gcc/arm-none-eabi/4.9.3/../../../arm-none-eabi/lib/armv7e-m/fpu/libc_nano.a(lib_a-impure.o)
                0x00000000200021e8                . = ALIGN (0x4)
                0x00000000200021e8                PROVIDE (__preinit_array_start, .)
 *(.preinit_array)
                0x00000000200021e8                PROVIDE (__preinit_array_end, .)
                0x00000000200021e8                . = ALIGN (0x4)
                0x00000000200021e8                PROVIDE (__init_array_start, .)
 *(SORT(.init_array.*))
 *(.init_array)
 .init_array    0x00000000200021e8        0x4 /usr/lib/gcc/arm-none-eabi/4.9.3/armv7e-m/fpu/crtbegin.o
                0x00000000200021ec                PROVIDE (__init_array_end, .)
                0x00000000200021ec                . = ALIGN (0x4)
                0x00000000200021ec                PROVIDE (__fini_array_start, .)
 *(SORT(.fini_array.*))
 *(.fini_array)
 .fini_array    0x00000000200021ec        0x4 /usr/lib/gcc/arm-none-eabi/4.9.3/armv7e-m/fpu/crtbegin.o
                0x00000000200021f0                PROVIDE (__fini_array_end, .)
 *(.jcr*)
 .jcr           0x00000000200021f0        0x0 /usr/lib/gcc/arm-none-eabi/4.9.3/armv7e-m/fpu/crtbegin.o
 .jcr           0x00000000200021f0        0x4 /usr/lib/gcc/arm-none-eabi/4.9.3/armv7e-m/fpu/crtend.o
                0x00000000200021f4                . = ALIGN (0x4)
                0x00000000200021f4                __data_end__ = .
LOAD /usr/lib/gcc/arm-none-eabi/4.9.3/armv7e-m/fpu/crti.o
LOAD /usr/lib/gcc/arm-none-eabi/4.9.3/armv7e-m/fpu/crtbegin.o
LOAD /usr/lib/gcc/arm-none-eabi/4.9.3/../../../arm-none-eabi/lib/armv7e-m/fpu/crt0.o
LOAD _build/nrf52832_xxaa/nrf_log_backend_rtt.c.o
LOAD _build/nrf52832_xxaa/nrf_log_backend_serial.c.o
LOAD _build/nrf52832_xxaa/nrf_log_backend_uart.c.o
LOAD _build/nrf52832_xxaa/nrf_log_default_backends.c.o
LOAD _build/nrf52832_xxaa/nrf_log_frontend.c.o
LOAD _build/nrf52832_xxaa/nrf_log_str_formatter.c.o
LOAD _build/nrf52832_xxaa/app_button.c.o
LOAD _build/nrf52832_xxaa/app_error.c.o
LOAD _build/nrf52832_xxaa/app_error_weak.c.o
LOAD _build/nrf52832_xxaa/app_scheduler.c.o
LOAD _build/nrf52832_xxaa/app_timer.c.o
LOAD _build/nrf52832_xxaa/app_util_platform.c.o
LOAD _build/nrf52832_xxaa/hardfault_implementation.c.o
LOAD _build/nrf52832_xxaa/nrf_assert.c.o
LOAD _build/nrf52832_xxaa/nrf_atfifo.c.o
LOAD _build/nrf52832_xxaa/nrf_balloc.c.o
LOAD _build/nrf52832_xxaa/nrf_fprintf.c.o
LOAD _build/nrf52832_xxaa/nrf_fprintf_format.c.o
LOAD _build/nrf52832_xxaa/nrf_memobj.c.o
LOAD _build/nrf52832_xxaa/nrf_pwr_mgmt.c.o
LOAD _build/nrf52832_xxaa/nrf_section_iter.c.o
LOAD _build/nrf52832_xxaa/nrf_strerror.c.o
LOAD _build/nrf52832_xxaa/sdk_mapped_flags.c.o
LOAD _build/nrf52832_xxaa/boards.c.o
LOAD _build/nrf52832_xxaa/nrf_drv_clock.c.o
LOAD _build/nrf52832_xxaa/nrf_drv_common.c.o
LOAD _build/nrf52832_xxaa/nrf_drv_gpiote.c.o
LOAD _build/nrf52832_xxaa/nrf_drv_spi.c.o
LOAD _build/nrf52832_xxaa/nrf_drv_uart.c.o
LOAD _build/nrf52832_xxaa/bsp.c.o
LOAD _build/nrf52832_xxaa/bsp_nfc.c.o
LOAD _build/nrf52832_xxaa/main.c.o
LOAD _build/nrf52832_xxaa/come_on_spi.c.o
LOAD _build/nrf52832_xxaa/come_on_ble.c.o
LOAD _build/nrf52832_xxaa/come_on_draw.c.o
LOAD _build/nrf52832_xxaa/come_on.c.o
LOAD _build/nrf52832_xxaa/SEGGER_RTT.c.o
LOAD _build/nrf52832_xxaa/SEGGER_RTT_Syscalls_GCC.c.o
LOAD _build/nrf52832_xxaa/SEGGER_RTT_printf.c.o
LOAD _build/nrf52832_xxaa/ble_advdata.c.o
LOAD _build/nrf52832_xxaa/ble_conn_params.c.o
LOAD _build/nrf52832_xxaa/ble_conn_state.c.o
LOAD _build/nrf52832_xxaa/ble_srv_common.c.o
LOAD _build/nrf52832_xxaa/nrf_ble_gatt.c.o
LOAD _build/nrf52832_xxaa/gcc_startup_nrf52.S.o
LOAD _build/nrf52832_xxaa/system_nrf52.c.o
LOAD _build/nrf52832_xxaa/ble_lbs.c.o
LOAD _build/nrf52832_xxaa/nrf_sdh.c.o
LOAD _build/nrf52832_xxaa/nrf_sdh_ble.c.o
LOAD _build/nrf52832_xxaa/nrf_sdh_soc.c.o
LOAD /usr/lib/gcc/arm-none-eabi/4.9.3/../../../arm-none-eabi/lib/armv7e-m/fpu/libc_nano.a
LOAD /usr/lib/gcc/arm-none-eabi/4.9.3/../../../arm-none-eabi/lib/armv7e-m/fpu/libnosys.a
LOAD /usr/lib/gcc/arm-none-eabi/4.9.3/../../../arm-none-eabi/lib/armv7e-m/fpu/libm.a
START GROUP
LOAD /usr/lib/gcc/arm-none-eabi/4.9.3/armv7e-m/fpu/libgcc.a
LOAD /usr/lib/gcc/arm-none-eabi/4.9.3/../../../arm-none-eabi/lib/armv7e-m/fpu/libg_nano.a
LOAD /usr/lib/gcc/arm-none-eabi/4.9.3/../../../arm-none-eabi/lib/armv7e-m/fpu/libc_nano.a
END GROUP
START GROUP
LOAD /usr/lib/gcc/arm-none-eabi/4.9.3/armv7e-m/fpu/libgcc.a
LOAD /usr/lib/gcc/arm-none-eabi/4.9.3/../../../arm-none-eabi/lib/armv7e-m/fpu/libc_nano.a
END GROUP
LOAD /usr/lib/gcc/arm-none-eabi/4.9.3/armv7e-m/fpu/crtend.o
LOAD /usr/lib/gcc/arm-none-eabi/4.9.3/armv7e-m/fpu/crtn.o
START GROUP
LOAD /usr/lib/gcc/arm-none-eabi/4.9.3/armv7e-m/fpu/libgcc.a
LOAD /usr/lib/gcc/arm-none-eabi/4.9.3/../../../arm-none-eabi/lib/armv7e-m/fpu/libc.a
LOAD /usr/lib/gcc/arm-none-eabi/4.9.3/../../../arm-none-eabi/lib/armv7e-m/fpu/libnosys.a
END GROUP

.tm_clone_table
                0x00000000200021f4        0x0 load address 0x0000000000026a30
 .tm_clone_table
                0x00000000200021f4        0x0 /usr/lib/gcc/arm-none-eabi/4.9.3/armv7e-m/fpu/crtbegin.o
 .tm_clone_table
                0x00000000200021f4        0x0 /usr/lib/gcc/arm-none-eabi/4.9.3/armv7e-m/fpu/crtend.o

.igot.plt       0x00000000200021f4        0x0 load address 0x0000000000026a30
 .igot.plt      0x00000000200021f4        0x0 /usr/lib/gcc/arm-none-eabi/4.9.3/armv7e-m/fpu/crtbegin.o
                0x00000000200021f4                . = ALIGN (0x4)

.mem_section_dummy_ram

.log_dynamic_data
                0x00000000200021f4       0x84 load address 0x0000000000026a30
                0x00000000200021f4                PROVIDE (__start_log_dynamic_data, .)
 *(SORT(.log_dynamic_data*))
 .log_dynamic_data_app
                0x00000000200021f4        0xc _build/nrf52832_xxaa/nrf_log_frontend.c.o
                0x00000000200021f4                m_nrf_log_app_logs_data_dynamic
 .log_dynamic_data_balloc
                0x0000000020002200        0xc _build/nrf52832_xxaa/nrf_balloc.c.o
                0x0000000020002200                m_nrf_log_balloc_logs_data_dynamic
 .log_dynamic_data_ble_gatt
                0x000000002000220c        0xc _build/nrf52832_xxaa/nrf_ble_gatt.c.o
                0x000000002000220c                m_nrf_log_ble_gatt_logs_data_dynamic
 .log_dynamic_data_clock
                0x0000000020002218        0xc _build/nrf52832_xxaa/nrf_drv_clock.c.o
                0x0000000020002218                m_nrf_log_clock_logs_data_dynamic
 .log_dynamic_data_gpiote
                0x0000000020002224        0xc _build/nrf52832_xxaa/nrf_drv_gpiote.c.o
                0x0000000020002224                m_nrf_log_gpiote_logs_data_dynamic
 .log_dynamic_data_nrf_sdh
                0x0000000020002230        0xc _build/nrf52832_xxaa/nrf_sdh.c.o
                0x0000000020002230                m_nrf_log_nrf_sdh_logs_data_dynamic
 .log_dynamic_data_nrf_sdh_ble
                0x000000002000223c        0xc _build/nrf52832_xxaa/nrf_sdh_ble.c.o
                0x000000002000223c                m_nrf_log_nrf_sdh_ble_logs_data_dynamic
 .log_dynamic_data_nrf_sdh_soc
                0x0000000020002248        0xc _build/nrf52832_xxaa/nrf_sdh_soc.c.o
                0x0000000020002248                m_nrf_log_nrf_sdh_soc_logs_data_dynamic
 .log_dynamic_data_pwr_mgmt
                0x0000000020002254        0xc _build/nrf52832_xxaa/nrf_pwr_mgmt.c.o
                0x0000000020002254                m_nrf_log_pwr_mgmt_logs_data_dynamic
 .log_dynamic_data_spi
                0x0000000020002260        0xc _build/nrf52832_xxaa/nrf_drv_spi.c.o
                0x0000000020002260                m_nrf_log_spi_logs_data_dynamic
 .log_dynamic_data_uart
                0x000000002000226c        0xc _build/nrf52832_xxaa/nrf_drv_uart.c.o
                0x000000002000226c                m_nrf_log_uart_logs_data_dynamic
                [!provide]                        PROVIDE (__stop_log_dynamic_data, .)

.cli_sorted_cmd_ptrs
                0x0000000020002278        0x0
                [!provide]                        PROVIDE (__start_cli_sorted_cmd_ptrs, .)
 *(.cli_sorted_cmd_ptrs)
                [!provide]                        PROVIDE (__stop_cli_sorted_cmd_ptrs, .)

.fs_data        0x0000000020002278        0x0
                [!provide]                        PROVIDE (__start_fs_data, .)
 *(.fs_data)
                [!provide]                        PROVIDE (__stop_fs_data, .)

.bss            0x0000000020002278      0x908 load address 0x0000000000026ab4
                0x0000000020002278                . = ALIGN (0x4)
                0x0000000020002278                __bss_start__ = .
 *(.bss*)
 .bss           0x0000000020002278       0x1c /usr/lib/gcc/arm-none-eabi/4.9.3/armv7e-m/fpu/crtbegin.o
 .bss.m_log_data
                0x0000000020002294      0x420 _build/nrf52832_xxaa/nrf_log_frontend.c.o
 .bss.mempool_nrf_balloc_cb
                0x00000000200026b4        0x8 _build/nrf52832_xxaa/nrf_log_frontend.c.o
 .bss.mempool_nrf_balloc_pool_stack
                0x00000000200026bc        0x8 _build/nrf52832_xxaa/nrf_log_frontend.c.o
 .bss.mempool_nrf_balloc_pool_mem
                0x00000000200026c4       0xc0 _build/nrf52832_xxaa/nrf_log_frontend.c.o
 .bss.mp_buttons
                0x0000000020002784        0x4 _build/nrf52832_xxaa/app_button.c.o
 .bss.m_button_count
                0x0000000020002788        0x1 _build/nrf52832_xxaa/app_button.c.o
 *fill*         0x0000000020002789        0x3 
 .bss.m_detection_delay_timer_id_data
                0x000000002000278c       0x20 _build/nrf52832_xxaa/app_button.c.o
 .bss.m_ticks_latest
                0x00000000200027ac        0x4 _build/nrf52832_xxaa/app_timer.c.o
 .bss.mp_timer_id_head
                0x00000000200027b0        0x4 _build/nrf52832_xxaa/app_timer.c.o
 .bss.m_ticks_elapsed_q_read_ind
                0x00000000200027b4        0x1 _build/nrf52832_xxaa/app_timer.c.o
 .bss.m_ticks_elapsed_q_write_ind
                0x00000000200027b5        0x1 _build/nrf52832_xxaa/app_timer.c.o
 .bss.m_rtc1_reset
                0x00000000200027b6        0x1 _build/nrf52832_xxaa/app_timer.c.o
 *fill*         0x00000000200027b7        0x1 
 .bss.m_op_queue
                0x00000000200027b8      0x10c _build/nrf52832_xxaa/app_timer.c.o
 .bss.m_ticks_elapsed
                0x00000000200028c4        0x8 _build/nrf52832_xxaa/app_timer.c.o
 .bss.m_rtc1_running
                0x00000000200028cc        0x1 _build/nrf52832_xxaa/app_timer.c.o
 *fill*         0x00000000200028cd        0x3 
 .bss.m_clock_cb
                0x00000000200028d0       0x14 _build/nrf52832_xxaa/nrf_drv_clock.c.o
 .bss.m_cb      0x00000000200028e4       0x58 _build/nrf52832_xxaa/nrf_drv_gpiote.c.o
 .bss.m_cb      0x000000002000293c       0x48 _build/nrf52832_xxaa/nrf_drv_spi.c.o
 .bss.m_cb      0x0000000020002984       0x20 _build/nrf52832_xxaa/nrf_drv_uart.c.o
 .bss.m_led_a_timer_id_data
                0x00000000200029a4       0x20 _build/nrf52832_xxaa/main.c.o
 .bss.m_lbs     0x00000000200029c4       0x18 _build/nrf52832_xxaa/come_on_ble.c.o
 .bss.m_gatt    0x00000000200029dc       0x14 _build/nrf52832_xxaa/come_on_ble.c.o
 .bss.m_conn_params_config
                0x00000000200029f0       0x1c _build/nrf52832_xxaa/ble_conn_params.c.o
 .bss.m_conn_params_instances
                0x0000000020002a0c       0x14 _build/nrf52832_xxaa/ble_conn_params.c.o
 .bss.m_preferred_conn_params
                0x0000000020002a20        0x8 _build/nrf52832_xxaa/ble_conn_params.c.o
 .bss.m_bcs     0x0000000020002a28       0xb8 _build/nrf52832_xxaa/ble_conn_state.c.o
 .bss.m_nrf_sdh_enabled
                0x0000000020002ae0        0x1 _build/nrf52832_xxaa/nrf_sdh.c.o
 *fill*         0x0000000020002ae1        0x3 
 .bss._global_atexit0
                0x0000000020002ae4       0x8c /usr/lib/gcc/arm-none-eabi/4.9.3/../../../arm-none-eabi/lib/armv7e-m/fpu/libc_nano.a(lib_a-__atexit.o)
 .bss._global_atexit
                0x0000000020002b70        0x4 /usr/lib/gcc/arm-none-eabi/4.9.3/../../../arm-none-eabi/lib/armv7e-m/fpu/libc_nano.a(lib_a-__call_atexit.o)
                0x0000000020002b70                _global_atexit
 *(COMMON)
 COMMON         0x0000000020002b74        0xc _build/nrf52832_xxaa/app_util_platform.c.o
                0x0000000020002b74                nrf_nvic_state
                0x0000000020002b80                . = ALIGN (0x4)
                0x0000000020002b80                __bss_end__ = .

.heap           0x0000000020002b80     0x2000
                0x0000000020002b80                __HeapBase = .
                0x0000000020002b80                __end__ = .
                [!provide]                        PROVIDE (end, .)
 *(.heap*)
 .heap          0x0000000020002b80     0x2000 _build/nrf52832_xxaa/gcc_startup_nrf52.S.o
                0x0000000020004b80                __HeapLimit = .

.stack_dummy    0x0000000020002b80     0x2000
 *(.stack*)
 .stack         0x0000000020002b80     0x2000 _build/nrf52832_xxaa/gcc_startup_nrf52.S.o
                0x0000000020010000                __StackTop = (ORIGIN (RAM) + LENGTH (RAM))
                0x000000002000e000                __StackLimit = (__StackTop - SIZEOF (.stack_dummy))
                0x0000000020010000                PROVIDE (__stack, __StackTop)
                0x0000000000000001                ASSERT ((__StackLimit >= __HeapLimit), region RAM overflowed with stack)
                0x00000000000000f8                DataInitFlashUsed = (__bss_start__ - __data_start__)
                0x00000000000039bc                CodeFlashUsed = (__etext - ORIGIN (FLASH))
                0x0000000000003ab4                TotalFlashUsed = (CodeFlashUsed + DataInitFlashUsed)
                0x0000000000000001                ASSERT ((TotalFlashUsed <= LENGTH (FLASH)), region FLASH overflowed with .data and user data)
OUTPUT(_build/nrf52832_xxaa.out elf32-littlearm)

.ARM.attributes
                0x0000000000000000       0x30
 .ARM.attributes
                0x0000000000000000       0x22 /usr/lib/gcc/arm-none-eabi/4.9.3/armv7e-m/fpu/crti.o
 .ARM.attributes
                0x0000000000000022       0x34 /usr/lib/gcc/arm-none-eabi/4.9.3/armv7e-m/fpu/crtbegin.o
 .ARM.attributes
                0x0000000000000056       0x20 /usr/lib/gcc/arm-none-eabi/4.9.3/../../../arm-none-eabi/lib/armv7e-m/fpu/crt0.o
 .ARM.attributes
                0x0000000000000076       0x39 _build/nrf52832_xxaa/nrf_log_frontend.c.o
 .ARM.attributes
                0x00000000000000af       0x39 _build/nrf52832_xxaa/app_button.c.o
 .ARM.attributes
                0x00000000000000e8       0x39 _build/nrf52832_xxaa/app_error.c.o
 .ARM.attributes
                0x0000000000000121       0x39 _build/nrf52832_xxaa/app_error_weak.c.o
 .ARM.attributes
                0x000000000000015a       0x39 _build/nrf52832_xxaa/app_timer.c.o
 .ARM.attributes
                0x0000000000000193       0x39 _build/nrf52832_xxaa/app_util_platform.c.o
 .ARM.attributes
                0x00000000000001cc       0x39 _build/nrf52832_xxaa/nrf_balloc.c.o
 .ARM.attributes
                0x0000000000000205       0x39 _build/nrf52832_xxaa/nrf_memobj.c.o
 .ARM.attributes
                0x000000000000023e       0x39 _build/nrf52832_xxaa/nrf_pwr_mgmt.c.o
 .ARM.attributes
                0x0000000000000277       0x39 _build/nrf52832_xxaa/nrf_section_iter.c.o
 .ARM.attributes
                0x00000000000002b0       0x39 _build/nrf52832_xxaa/sdk_mapped_flags.c.o
 .ARM.attributes
                0x00000000000002e9       0x39 _build/nrf52832_xxaa/nrf_drv_clock.c.o
 .ARM.attributes
                0x0000000000000322       0x39 _build/nrf52832_xxaa/nrf_drv_common.c.o
 .ARM.attributes
                0x000000000000035b       0x39 _build/nrf52832_xxaa/nrf_drv_gpiote.c.o
 .ARM.attributes
                0x0000000000000394       0x39 _build/nrf52832_xxaa/nrf_drv_spi.c.o
 .ARM.attributes
                0x00000000000003cd       0x39 _build/nrf52832_xxaa/nrf_drv_uart.c.o
 .ARM.attributes
                0x0000000000000406       0x39 _build/nrf52832_xxaa/main.c.o
 .ARM.attributes
                0x000000000000043f       0x39 _build/nrf52832_xxaa/come_on_ble.c.o
 .ARM.attributes
                0x0000000000000478       0x39 _build/nrf52832_xxaa/ble_conn_params.c.o
 .ARM.attributes
                0x00000000000004b1       0x39 _build/nrf52832_xxaa/ble_conn_state.c.o
 .ARM.attributes
                0x00000000000004ea       0x39 _build/nrf52832_xxaa/ble_srv_common.c.o
 .ARM.attributes
                0x0000000000000523       0x39 _build/nrf52832_xxaa/nrf_ble_gatt.c.o
 .ARM.attributes
                0x000000000000055c       0x20 _build/nrf52832_xxaa/gcc_startup_nrf52.S.o
 .ARM.attributes
                0x000000000000057c       0x39 _build/nrf52832_xxaa/system_nrf52.c.o
 .ARM.attributes
                0x00000000000005b5       0x39 _build/nrf52832_xxaa/ble_lbs.c.o
 .ARM.attributes
                0x00000000000005ee       0x39 _build/nrf52832_xxaa/nrf_sdh.c.o
 .ARM.attributes
                0x0000000000000627       0x39 _build/nrf52832_xxaa/nrf_sdh_ble.c.o
 .ARM.attributes
                0x0000000000000660       0x39 _build/nrf52832_xxaa/nrf_sdh_soc.c.o
 .ARM.attributes
                0x0000000000000699       0x34 /usr/lib/gcc/arm-none-eabi/4.9.3/../../../arm-none-eabi/lib/armv7e-m/fpu/libc_nano.a(lib_a-atexit.o)
 .ARM.attributes
                0x00000000000006cd       0x34 /usr/lib/gcc/arm-none-eabi/4.9.3/../../../arm-none-eabi/lib/armv7e-m/fpu/libc_nano.a(lib_a-exit.o)
 .ARM.attributes
                0x0000000000000701       0x34 /usr/lib/gcc/arm-none-eabi/4.9.3/../../../arm-none-eabi/lib/armv7e-m/fpu/libc_nano.a(lib_a-fini.o)
 .ARM.attributes
                0x0000000000000735       0x34 /usr/lib/gcc/arm-none-eabi/4.9.3/../../../arm-none-eabi/lib/armv7e-m/fpu/libc_nano.a(lib_a-impure.o)
 .ARM.attributes
                0x0000000000000769       0x34 /usr/lib/gcc/arm-none-eabi/4.9.3/../../../arm-none-eabi/lib/armv7e-m/fpu/libc_nano.a(lib_a-init.o)
 .ARM.attributes
                0x000000000000079d       0x34 /usr/lib/gcc/arm-none-eabi/4.9.3/../../../arm-none-eabi/lib/armv7e-m/fpu/libc_nano.a(lib_a-memcpy.o)
 .ARM.attributes
                0x00000000000007d1       0x34 /usr/lib/gcc/arm-none-eabi/4.9.3/../../../arm-none-eabi/lib/armv7e-m/fpu/libc_nano.a(lib_a-memset.o)
 .ARM.attributes
                0x0000000000000805       0x34 /usr/lib/gcc/arm-none-eabi/4.9.3/../../../arm-none-eabi/lib/armv7e-m/fpu/libc_nano.a(lib_a-__atexit.o)
 .ARM.attributes
                0x0000000000000839       0x34 /usr/lib/gcc/arm-none-eabi/4.9.3/../../../arm-none-eabi/lib/armv7e-m/fpu/libc_nano.a(lib_a-__call_atexit.o)
 .ARM.attributes
                0x000000000000086d       0x34 /usr/lib/gcc/arm-none-eabi/4.9.3/../../../arm-none-eabi/lib/armv7e-m/fpu/libnosys.a(_exit.o)
 .ARM.attributes
                0x00000000000008a1       0x34 /usr/lib/gcc/arm-none-eabi/4.9.3/armv7e-m/fpu/crtend.o
 .ARM.attributes
                0x00000000000008d5       0x22 /usr/lib/gcc/arm-none-eabi/4.9.3/armv7e-m/fpu/crtn.o

.comment        0x0000000000000000       0x70
 .comment       0x0000000000000000       0x38 /usr/lib/gcc/arm-none-eabi/4.9.3/armv7e-m/fpu/crtbegin.o
                                         0x39 (size before relaxing)
 .comment       0x0000000000000038       0x39 _build/nrf52832_xxaa/nrf_log_frontend.c.o
 .comment       0x0000000000000038       0x39 _build/nrf52832_xxaa/app_button.c.o
 .comment       0x0000000000000038       0x39 _build/nrf52832_xxaa/app_error.c.o
 .comment       0x0000000000000038       0x39 _build/nrf52832_xxaa/app_error_weak.c.o
 .comment       0x0000000000000038       0x39 _build/nrf52832_xxaa/app_timer.c.o
 .comment       0x0000000000000038       0x39 _build/nrf52832_xxaa/app_util_platform.c.o
 .comment       0x0000000000000038       0x39 _build/nrf52832_xxaa/nrf_balloc.c.o
 .comment       0x0000000000000038       0x39 _build/nrf52832_xxaa/nrf_memobj.c.o
 .comment       0x0000000000000038       0x39 _build/nrf52832_xxaa/nrf_pwr_mgmt.c.o
 .comment       0x0000000000000038       0x39 _build/nrf52832_xxaa/nrf_section_iter.c.o
 .comment       0x0000000000000038       0x39 _build/nrf52832_xxaa/sdk_mapped_flags.c.o
 .comment       0x0000000000000038       0x39 _build/nrf52832_xxaa/nrf_drv_clock.c.o
 .comment       0x0000000000000038       0x39 _build/nrf52832_xxaa/nrf_drv_common.c.o
 .comment       0x0000000000000038       0x39 _build/nrf52832_xxaa/nrf_drv_gpiote.c.o
 .comment       0x0000000000000038       0x39 _build/nrf52832_xxaa/nrf_drv_spi.c.o
 .comment       0x0000000000000038       0x39 _build/nrf52832_xxaa/nrf_drv_uart.c.o
 .comment       0x0000000000000038       0x39 _build/nrf52832_xxaa/main.c.o
 .comment       0x0000000000000038       0x39 _build/nrf52832_xxaa/come_on_ble.c.o
 .comment       0x0000000000000038       0x39 _build/nrf52832_xxaa/ble_conn_params.c.o
 .comment       0x0000000000000038       0x39 _build/nrf52832_xxaa/ble_conn_state.c.o
 .comment       0x0000000000000038       0x39 _build/nrf52832_xxaa/ble_srv_common.c.o
 .comment       0x0000000000000038       0x39 _build/nrf52832_xxaa/nrf_ble_gatt.c.o
 .comment       0x0000000000000038       0x39 _build/nrf52832_xxaa/system_nrf52.c.o
 .comment       0x0000000000000038       0x39 _build/nrf52832_xxaa/ble_lbs.c.o
 .comment       0x0000000000000038       0x39 _build/nrf52832_xxaa/nrf_sdh.c.o
 .comment       0x0000000000000038       0x39 _build/nrf52832_xxaa/nrf_sdh_ble.c.o
 .comment       0x0000000000000038       0x39 _build/nrf52832_xxaa/nrf_sdh_soc.c.o
 .comment       0x0000000000000038       0x38 /usr/lib/gcc/arm-none-eabi/4.9.3/../../../arm-none-eabi/lib/armv7e-m/fpu/libc_nano.a(lib_a-atexit.o)
                                         0x39 (size before relaxing)
 .comment       0x0000000000000070       0x39 /usr/lib/gcc/arm-none-eabi/4.9.3/../../../arm-none-eabi/lib/armv7e-m/fpu/libc_nano.a(lib_a-exit.o)
 .comment       0x0000000000000070       0x39 /usr/lib/gcc/arm-none-eabi/4.9.3/../../../arm-none-eabi/lib/armv7e-m/fpu/libc_nano.a(lib_a-fini.o)
 .comment       0x0000000000000070       0x39 /usr/lib/gcc/arm-none-eabi/4.9.3/../../../arm-none-eabi/lib/armv7e-m/fpu/libc_nano.a(lib_a-impure.o)
 .comment       0x0000000000000070       0x39 /usr/lib/gcc/arm-none-eabi/4.9.3/../../../arm-none-eabi/lib/armv7e-m/fpu/libc_nano.a(lib_a-init.o)
 .comment       0x0000000000000070       0x39 /usr/lib/gcc/arm-none-eabi/4.9.3/../../../arm-none-eabi/lib/armv7e-m/fpu/libc_nano.a(lib_a-memcpy.o)
 .comment       0x0000000000000070       0x39 /usr/lib/gcc/arm-none-eabi/4.9.3/../../../arm-none-eabi/lib/armv7e-m/fpu/libc_nano.a(lib_a-memset.o)
 .comment       0x0000000000000070       0x39 /usr/lib/gcc/arm-none-eabi/4.9.3/../../../arm-none-eabi/lib/armv7e-m/fpu/libc_nano.a(lib_a-__atexit.o)
 .comment       0x0000000000000070       0x39 /usr/lib/gcc/arm-none-eabi/4.9.3/../../../arm-none-eabi/lib/armv7e-m/fpu/libc_nano.a(lib_a-__call_atexit.o)
 .comment       0x0000000000000070       0x39 /usr/lib/gcc/arm-none-eabi/4.9.3/../../../arm-none-eabi/lib/armv7e-m/fpu/libnosys.a(_exit.o)
 .comment       0x0000000000000070       0x39 /usr/lib/gcc/arm-none-eabi/4.9.3/armv7e-m/fpu/crtend.o

.debug_line     0x0000000000000000     0xdfd8
 .debug_line    0x0000000000000000       0x7e /usr/lib/gcc/arm-none-eabi/4.9.3/../../../arm-none-eabi/lib/armv7e-m/fpu/crt0.o
 .debug_line    0x000000000000007e      0xee7 _build/nrf52832_xxaa/nrf_log_frontend.c.o
 .debug_line    0x0000000000000f65      0x61c _build/nrf52832_xxaa/app_button.c.o
 .debug_line    0x0000000000001581      0x407 _build/nrf52832_xxaa/app_error.c.o
 .debug_line    0x0000000000001988      0x6b7 _build/nrf52832_xxaa/app_error_weak.c.o
 .debug_line    0x000000000000203f      0x997 _build/nrf52832_xxaa/app_timer.c.o
 .debug_line    0x00000000000029d6      0x4ff _build/nrf52832_xxaa/app_util_platform.c.o
 .debug_line    0x0000000000002ed5      0x60e _build/nrf52832_xxaa/nrf_balloc.c.o
 .debug_line    0x00000000000034e3      0x685 _build/nrf52832_xxaa/nrf_memobj.c.o
 .debug_line    0x0000000000003b68      0x8a4 _build/nrf52832_xxaa/nrf_pwr_mgmt.c.o
 .debug_line    0x000000000000440c      0x48d _build/nrf52832_xxaa/nrf_section_iter.c.o
 .debug_line    0x0000000000004899      0x3b7 _build/nrf52832_xxaa/sdk_mapped_flags.c.o
 .debug_line    0x0000000000004c50      0xa1a _build/nrf52832_xxaa/nrf_drv_clock.c.o
 .debug_line    0x000000000000566a      0x52f _build/nrf52832_xxaa/nrf_drv_common.c.o
 .debug_line    0x0000000000005b99      0xeaa _build/nrf52832_xxaa/nrf_drv_gpiote.c.o
 .debug_line    0x0000000000006a43      0xadf _build/nrf52832_xxaa/nrf_drv_spi.c.o
 .debug_line    0x0000000000007522     0x10ea _build/nrf52832_xxaa/nrf_drv_uart.c.o
 .debug_line    0x000000000000860c      0x6ff _build/nrf52832_xxaa/main.c.o
 .debug_line    0x0000000000008d0b      0xbfa _build/nrf52832_xxaa/come_on_ble.c.o
 .debug_line    0x0000000000009905      0x843 _build/nrf52832_xxaa/ble_conn_params.c.o
 .debug_line    0x000000000000a148      0x73e _build/nrf52832_xxaa/ble_conn_state.c.o
 .debug_line    0x000000000000a886      0x672 _build/nrf52832_xxaa/ble_srv_common.c.o
 .debug_line    0x000000000000aef8      0x71a _build/nrf52832_xxaa/nrf_ble_gatt.c.o
 .debug_line    0x000000000000b612       0x85 _build/nrf52832_xxaa/gcc_startup_nrf52.S.o
 .debug_line    0x000000000000b697      0x382 _build/nrf52832_xxaa/system_nrf52.c.o
 .debug_line    0x000000000000ba19      0x6d0 _build/nrf52832_xxaa/ble_lbs.c.o
 .debug_line    0x000000000000c0e9      0x832 _build/nrf52832_xxaa/nrf_sdh.c.o
 .debug_line    0x000000000000c91b      0x73e _build/nrf52832_xxaa/nrf_sdh_ble.c.o
 .debug_line    0x000000000000d059      0x5c9 _build/nrf52832_xxaa/nrf_sdh_soc.c.o
 .debug_line    0x000000000000d622       0xc4 /usr/lib/gcc/arm-none-eabi/4.9.3/../../../arm-none-eabi/lib/armv7e-m/fpu/libc_nano.a(lib_a-atexit.o)
 .debug_line    0x000000000000d6e6      0x16b /usr/lib/gcc/arm-none-eabi/4.9.3/../../../arm-none-eabi/lib/armv7e-m/fpu/libc_nano.a(lib_a-exit.o)
 .debug_line    0x000000000000d851       0x9e /usr/lib/gcc/arm-none-eabi/4.9.3/../../../arm-none-eabi/lib/armv7e-m/fpu/libc_nano.a(lib_a-fini.o)
 .debug_line    0x000000000000d8ef       0xf4 /usr/lib/gcc/arm-none-eabi/4.9.3/../../../arm-none-eabi/lib/armv7e-m/fpu/libc_nano.a(lib_a-impure.o)
 .debug_line    0x000000000000d9e3       0xb9 /usr/lib/gcc/arm-none-eabi/4.9.3/../../../arm-none-eabi/lib/armv7e-m/fpu/libc_nano.a(lib_a-init.o)
 .debug_line    0x000000000000da9c       0xf0 /usr/lib/gcc/arm-none-eabi/4.9.3/../../../arm-none-eabi/lib/armv7e-m/fpu/libc_nano.a(lib_a-memcpy.o)
 .debug_line    0x000000000000db8c       0xf1 /usr/lib/gcc/arm-none-eabi/4.9.3/../../../arm-none-eabi/lib/armv7e-m/fpu/libc_nano.a(lib_a-memset.o)
 .debug_line    0x000000000000dc7d      0x178 /usr/lib/gcc/arm-none-eabi/4.9.3/../../../arm-none-eabi/lib/armv7e-m/fpu/libc_nano.a(lib_a-__atexit.o)
 .debug_line    0x000000000000ddf5      0x183 /usr/lib/gcc/arm-none-eabi/4.9.3/../../../arm-none-eabi/lib/armv7e-m/fpu/libc_nano.a(lib_a-__call_atexit.o)
 .debug_line    0x000000000000df78       0x60 /usr/lib/gcc/arm-none-eabi/4.9.3/../../../arm-none-eabi/lib/armv7e-m/fpu/libnosys.a(_exit.o)

.debug_info     0x0000000000000000    0x28c74
 .debug_info    0x0000000000000000       0xb0 /usr/lib/gcc/arm-none-eabi/4.9.3/../../../arm-none-eabi/lib/armv7e-m/fpu/crt0.o
 .debug_info    0x00000000000000b0     0x3093 _build/nrf52832_xxaa/nrf_log_frontend.c.o
 .debug_info    0x0000000000003143      0x6d8 _build/nrf52832_xxaa/app_button.c.o
 .debug_info    0x000000000000381b      0x345 _build/nrf52832_xxaa/app_error.c.o
 .debug_info    0x0000000000003b60      0x489 _build/nrf52832_xxaa/app_error_weak.c.o
 .debug_info    0x0000000000003fe9     0x1ae6 _build/nrf52832_xxaa/app_timer.c.o
 .debug_info    0x0000000000005acf      0x957 _build/nrf52832_xxaa/app_util_platform.c.o
 .debug_info    0x0000000000006426      0x4c0 _build/nrf52832_xxaa/nrf_balloc.c.o
 .debug_info    0x00000000000068e6      0xa8a _build/nrf52832_xxaa/nrf_memobj.c.o
 .debug_info    0x0000000000007370     0x12bf _build/nrf52832_xxaa/nrf_pwr_mgmt.c.o
 .debug_info    0x000000000000862f      0x1f2 _build/nrf52832_xxaa/nrf_section_iter.c.o
 .debug_info    0x0000000000008821      0x629 _build/nrf52832_xxaa/sdk_mapped_flags.c.o
 .debug_info    0x0000000000008e4a     0x193f _build/nrf52832_xxaa/nrf_drv_clock.c.o
 .debug_info    0x000000000000a789      0x697 _build/nrf52832_xxaa/nrf_drv_common.c.o
 .debug_info    0x000000000000ae20     0x28a8 _build/nrf52832_xxaa/nrf_drv_gpiote.c.o
 .debug_info    0x000000000000d6c8     0x258f _build/nrf52832_xxaa/nrf_drv_spi.c.o
 .debug_info    0x000000000000fc57     0x43cc _build/nrf52832_xxaa/nrf_drv_uart.c.o
 .debug_info    0x0000000000014023      0xbc6 _build/nrf52832_xxaa/main.c.o
 .debug_info    0x0000000000014be9     0x37e3 _build/nrf52832_xxaa/come_on_ble.c.o
 .debug_info    0x00000000000183cc     0x2677 _build/nrf52832_xxaa/ble_conn_params.c.o
 .debug_info    0x000000000001aa43     0x2264 _build/nrf52832_xxaa/ble_conn_state.c.o
 .debug_info    0x000000000001cca7      0xd25 _build/nrf52832_xxaa/ble_srv_common.c.o
 .debug_info    0x000000000001d9cc     0x24a0 _build/nrf52832_xxaa/nrf_ble_gatt.c.o
 .debug_info    0x000000000001fe6c       0xb3 _build/nrf52832_xxaa/gcc_startup_nrf52.S.o
 .debug_info    0x000000000001ff1f     0x110f _build/nrf52832_xxaa/system_nrf52.c.o
 .debug_info    0x000000000002102e     0x2056 _build/nrf52832_xxaa/ble_lbs.c.o
 .debug_info    0x0000000000023084     0x16f7 _build/nrf52832_xxaa/nrf_sdh.c.o
 .debug_info    0x000000000002477b     0x25f9 _build/nrf52832_xxaa/nrf_sdh_ble.c.o
 .debug_info    0x0000000000026d74      0x5de _build/nrf52832_xxaa/nrf_sdh_soc.c.o
 .debug_info    0x0000000000027352      0x10a /usr/lib/gcc/arm-none-eabi/4.9.3/../../../arm-none-eabi/lib/armv7e-m/fpu/libc_nano.a(lib_a-atexit.o)
 .debug_info    0x000000000002745c      0x7a6 /usr/lib/gcc/arm-none-eabi/4.9.3/../../../arm-none-eabi/lib/armv7e-m/fpu/libc_nano.a(lib_a-exit.o)
 .debug_info    0x0000000000027c02       0xef /usr/lib/gcc/arm-none-eabi/4.9.3/../../../arm-none-eabi/lib/armv7e-m/fpu/libc_nano.a(lib_a-fini.o)
 .debug_info    0x0000000000027cf1      0x7d3 /usr/lib/gcc/arm-none-eabi/4.9.3/../../../arm-none-eabi/lib/armv7e-m/fpu/libc_nano.a(lib_a-impure.o)
 .debug_info    0x00000000000284c4      0x105 /usr/lib/gcc/arm-none-eabi/4.9.3/../../../arm-none-eabi/lib/armv7e-m/fpu/libc_nano.a(lib_a-init.o)
 .debug_info    0x00000000000285c9      0x104 /usr/lib/gcc/arm-none-eabi/4.9.3/../../../arm-none-eabi/lib/armv7e-m/fpu/libc_nano.a(lib_a-memcpy.o)
 .debug_info    0x00000000000286cd       0xd3 /usr/lib/gcc/arm-none-eabi/4.9.3/../../../arm-none-eabi/lib/armv7e-m/fpu/libc_nano.a(lib_a-memset.o)
 .debug_info    0x00000000000287a0      0x23b /usr/lib/gcc/arm-none-eabi/4.9.3/../../../arm-none-eabi/lib/armv7e-m/fpu/libc_nano.a(lib_a-__atexit.o)
 .debug_info    0x00000000000289db      0x241 /usr/lib/gcc/arm-none-eabi/4.9.3/../../../arm-none-eabi/lib/armv7e-m/fpu/libc_nano.a(lib_a-__call_atexit.o)
 .debug_info    0x0000000000028c1c       0x58 /usr/lib/gcc/arm-none-eabi/4.9.3/../../../arm-none-eabi/lib/armv7e-m/fpu/libnosys.a(_exit.o)

.debug_abbrev   0x0000000000000000     0x5de5
 .debug_abbrev  0x0000000000000000       0x14 /usr/lib/gcc/arm-none-eabi/4.9.3/../../../arm-none-eabi/lib/armv7e-m/fpu/crt0.o
 .debug_abbrev  0x0000000000000014      0x4a5 _build/nrf52832_xxaa/nrf_log_frontend.c.o
 .debug_abbrev  0x00000000000004b9      0x21e _build/nrf52832_xxaa/app_button.c.o
 .debug_abbrev  0x00000000000006d7      0x130 _build/nrf52832_xxaa/app_error.c.o
 .debug_abbrev  0x0000000000000807      0x1ad _build/nrf52832_xxaa/app_error_weak.c.o
 .debug_abbrev  0x00000000000009b4      0x415 _build/nrf52832_xxaa/app_timer.c.o
 .debug_abbrev  0x0000000000000dc9      0x2a9 _build/nrf52832_xxaa/app_util_platform.c.o
 .debug_abbrev  0x0000000000001072      0x237 _build/nrf52832_xxaa/nrf_balloc.c.o
 .debug_abbrev  0x00000000000012a9      0x2e3 _build/nrf52832_xxaa/nrf_memobj.c.o
 .debug_abbrev  0x000000000000158c      0x3d7 _build/nrf52832_xxaa/nrf_pwr_mgmt.c.o
 .debug_abbrev  0x0000000000001963       0xbf _build/nrf52832_xxaa/nrf_section_iter.c.o
 .debug_abbrev  0x0000000000001a22      0x236 _build/nrf52832_xxaa/sdk_mapped_flags.c.o
 .debug_abbrev  0x0000000000001c58      0x4f1 _build/nrf52832_xxaa/nrf_drv_clock.c.o
 .debug_abbrev  0x0000000000002149      0x1ab _build/nrf52832_xxaa/nrf_drv_common.c.o
 .debug_abbrev  0x00000000000022f4      0x453 _build/nrf52832_xxaa/nrf_drv_gpiote.c.o
 .debug_abbrev  0x0000000000002747      0x3f7 _build/nrf52832_xxaa/nrf_drv_spi.c.o
 .debug_abbrev  0x0000000000002b3e      0x3c0 _build/nrf52832_xxaa/nrf_drv_uart.c.o
 .debug_abbrev  0x0000000000002efe      0x33f _build/nrf52832_xxaa/main.c.o
 .debug_abbrev  0x000000000000323d      0x48d _build/nrf52832_xxaa/come_on_ble.c.o
 .debug_abbrev  0x00000000000036ca      0x470 _build/nrf52832_xxaa/ble_conn_params.c.o
 .debug_abbrev  0x0000000000003b3a      0x407 _build/nrf52832_xxaa/ble_conn_state.c.o
 .debug_abbrev  0x0000000000003f41      0x27f _build/nrf52832_xxaa/ble_srv_common.c.o
 .debug_abbrev  0x00000000000041c0      0x3cf _build/nrf52832_xxaa/nrf_ble_gatt.c.o
 .debug_abbrev  0x000000000000458f       0x14 _build/nrf52832_xxaa/gcc_startup_nrf52.S.o
 .debug_abbrev  0x00000000000045a3      0x1d5 _build/nrf52832_xxaa/system_nrf52.c.o
 .debug_abbrev  0x0000000000004778      0x325 _build/nrf52832_xxaa/ble_lbs.c.o
 .debug_abbrev  0x0000000000004a9d      0x446 _build/nrf52832_xxaa/nrf_sdh.c.o
 .debug_abbrev  0x0000000000004ee3      0x3ad _build/nrf52832_xxaa/nrf_sdh_ble.c.o
 .debug_abbrev  0x0000000000005290      0x1f1 _build/nrf52832_xxaa/nrf_sdh_soc.c.o
 .debug_abbrev  0x0000000000005481       0xb8 /usr/lib/gcc/arm-none-eabi/4.9.3/../../../arm-none-eabi/lib/armv7e-m/fpu/libc_nano.a(lib_a-atexit.o)
 .debug_abbrev  0x0000000000005539      0x18b /usr/lib/gcc/arm-none-eabi/4.9.3/../../../arm-none-eabi/lib/armv7e-m/fpu/libc_nano.a(lib_a-exit.o)
 .debug_abbrev  0x00000000000056c4       0xbd /usr/lib/gcc/arm-none-eabi/4.9.3/../../../arm-none-eabi/lib/armv7e-m/fpu/libc_nano.a(lib_a-fini.o)
 .debug_abbrev  0x0000000000005781      0x136 /usr/lib/gcc/arm-none-eabi/4.9.3/../../../arm-none-eabi/lib/armv7e-m/fpu/libc_nano.a(lib_a-impure.o)
 .debug_abbrev  0x00000000000058b7       0xba /usr/lib/gcc/arm-none-eabi/4.9.3/../../../arm-none-eabi/lib/armv7e-m/fpu/libc_nano.a(lib_a-init.o)
 .debug_abbrev  0x0000000000005971       0xa4 /usr/lib/gcc/arm-none-eabi/4.9.3/../../../arm-none-eabi/lib/armv7e-m/fpu/libc_nano.a(lib_a-memcpy.o)
 .debug_abbrev  0x0000000000005a15       0x8e /usr/lib/gcc/arm-none-eabi/4.9.3/../../../arm-none-eabi/lib/armv7e-m/fpu/libc_nano.a(lib_a-memset.o)
 .debug_abbrev  0x0000000000005aa3      0x180 /usr/lib/gcc/arm-none-eabi/4.9.3/../../../arm-none-eabi/lib/armv7e-m/fpu/libc_nano.a(lib_a-__atexit.o)
 .debug_abbrev  0x0000000000005c23      0x16d /usr/lib/gcc/arm-none-eabi/4.9.3/../../../arm-none-eabi/lib/armv7e-m/fpu/libc_nano.a(lib_a-__call_atexit.o)
 .debug_abbrev  0x0000000000005d90       0x55 /usr/lib/gcc/arm-none-eabi/4.9.3/../../../arm-none-eabi/lib/armv7e-m/fpu/libnosys.a(_exit.o)

.debug_aranges  0x0000000000000000      0xb50
 .debug_aranges
                0x0000000000000000       0x20 /usr/lib/gcc/arm-none-eabi/4.9.3/../../../arm-none-eabi/lib/armv7e-m/fpu/crt0.o
 .debug_aranges
                0x0000000000000020       0xb8 _build/nrf52832_xxaa/nrf_log_frontend.c.o
 .debug_aranges
                0x00000000000000d8       0x48 _build/nrf52832_xxaa/app_button.c.o
 .debug_aranges
                0x0000000000000120       0x30 _build/nrf52832_xxaa/app_error.c.o
 .debug_aranges
                0x0000000000000150       0x20 _build/nrf52832_xxaa/app_error_weak.c.o
 .debug_aranges
                0x0000000000000170       0x70 _build/nrf52832_xxaa/app_timer.c.o
 .debug_aranges
                0x00000000000001e0       0x48 _build/nrf52832_xxaa/app_util_platform.c.o
 .debug_aranges
                0x0000000000000228       0x30 _build/nrf52832_xxaa/nrf_balloc.c.o
 .debug_aranges
                0x0000000000000258       0x50 _build/nrf52832_xxaa/nrf_memobj.c.o
 .debug_aranges
                0x00000000000002a8       0x48 _build/nrf52832_xxaa/nrf_pwr_mgmt.c.o
 .debug_aranges
                0x00000000000002f0       0x28 _build/nrf52832_xxaa/nrf_section_iter.c.o
 .debug_aranges
                0x0000000000000318       0x50 _build/nrf52832_xxaa/sdk_mapped_flags.c.o
 .debug_aranges
                0x0000000000000368       0xa8 _build/nrf52832_xxaa/nrf_drv_clock.c.o
 .debug_aranges
                0x0000000000000410       0x28 _build/nrf52832_xxaa/nrf_drv_common.c.o
 .debug_aranges
                0x0000000000000438       0xd8 _build/nrf52832_xxaa/nrf_drv_gpiote.c.o
 .debug_aranges
                0x0000000000000510       0x60 _build/nrf52832_xxaa/nrf_drv_spi.c.o
 .debug_aranges
                0x0000000000000570       0x78 _build/nrf52832_xxaa/nrf_drv_uart.c.o
 .debug_aranges
                0x00000000000005e8       0x40 _build/nrf52832_xxaa/main.c.o
 .debug_aranges
                0x0000000000000628       0xa0 _build/nrf52832_xxaa/come_on_ble.c.o
 .debug_aranges
                0x00000000000006c8       0x60 _build/nrf52832_xxaa/ble_conn_params.c.o
 .debug_aranges
                0x0000000000000728       0xb0 _build/nrf52832_xxaa/ble_conn_state.c.o
 .debug_aranges
                0x00000000000007d8       0x58 _build/nrf52832_xxaa/ble_srv_common.c.o
 .debug_aranges
                0x0000000000000830       0x68 _build/nrf52832_xxaa/nrf_ble_gatt.c.o
 .debug_aranges
                0x0000000000000898       0x20 _build/nrf52832_xxaa/gcc_startup_nrf52.S.o
 .debug_aranges
                0x00000000000008b8       0x28 _build/nrf52832_xxaa/system_nrf52.c.o
 .debug_aranges
                0x00000000000008e0       0x50 _build/nrf52832_xxaa/ble_lbs.c.o
 .debug_aranges
                0x0000000000000930       0x70 _build/nrf52832_xxaa/nrf_sdh.c.o
 .debug_aranges
                0x00000000000009a0       0x50 _build/nrf52832_xxaa/nrf_sdh_ble.c.o
 .debug_aranges
                0x00000000000009f0       0x28 _build/nrf52832_xxaa/nrf_sdh_soc.c.o
 .debug_aranges
                0x0000000000000a18       0x20 /usr/lib/gcc/arm-none-eabi/4.9.3/../../../arm-none-eabi/lib/armv7e-m/fpu/libc_nano.a(lib_a-atexit.o)
 .debug_aranges
                0x0000000000000a38       0x20 /usr/lib/gcc/arm-none-eabi/4.9.3/../../../arm-none-eabi/lib/armv7e-m/fpu/libc_nano.a(lib_a-exit.o)
 .debug_aranges
                0x0000000000000a58       0x20 /usr/lib/gcc/arm-none-eabi/4.9.3/../../../arm-none-eabi/lib/armv7e-m/fpu/libc_nano.a(lib_a-fini.o)
 .debug_aranges
                0x0000000000000a78       0x18 /usr/lib/gcc/arm-none-eabi/4.9.3/../../../arm-none-eabi/lib/armv7e-m/fpu/libc_nano.a(lib_a-impure.o)
 .debug_aranges
                0x0000000000000a90       0x20 /usr/lib/gcc/arm-none-eabi/4.9.3/../../../arm-none-eabi/lib/armv7e-m/fpu/libc_nano.a(lib_a-init.o)
 .debug_aranges
                0x0000000000000ab0       0x20 /usr/lib/gcc/arm-none-eabi/4.9.3/../../../arm-none-eabi/lib/armv7e-m/fpu/libc_nano.a(lib_a-memcpy.o)
 .debug_aranges
                0x0000000000000ad0       0x20 /usr/lib/gcc/arm-none-eabi/4.9.3/../../../arm-none-eabi/lib/armv7e-m/fpu/libc_nano.a(lib_a-memset.o)
 .debug_aranges
                0x0000000000000af0       0x20 /usr/lib/gcc/arm-none-eabi/4.9.3/../../../arm-none-eabi/lib/armv7e-m/fpu/libc_nano.a(lib_a-__atexit.o)
 .debug_aranges
                0x0000000000000b10       0x20 /usr/lib/gcc/arm-none-eabi/4.9.3/../../../arm-none-eabi/lib/armv7e-m/fpu/libc_nano.a(lib_a-__call_atexit.o)
 .debug_aranges
                0x0000000000000b30       0x20 /usr/lib/gcc/arm-none-eabi/4.9.3/../../../arm-none-eabi/lib/armv7e-m/fpu/libnosys.a(_exit.o)

.debug_loc      0x0000000000000000     0xf6bd
 .debug_loc     0x0000000000000000     0x325d _build/nrf52832_xxaa/nrf_log_frontend.c.o
 .debug_loc     0x000000000000325d      0x3ab _build/nrf52832_xxaa/app_button.c.o
 .debug_loc     0x0000000000003608      0x145 _build/nrf52832_xxaa/app_error.c.o
 .debug_loc     0x000000000000374d       0x63 _build/nrf52832_xxaa/app_error_weak.c.o
 .debug_loc     0x00000000000037b0      0xe8c _build/nrf52832_xxaa/app_timer.c.o
 .debug_loc     0x000000000000463c       0xe4 _build/nrf52832_xxaa/app_util_platform.c.o
 .debug_loc     0x0000000000004720      0x1a6 _build/nrf52832_xxaa/nrf_balloc.c.o
 .debug_loc     0x00000000000048c6      0xace _build/nrf52832_xxaa/nrf_memobj.c.o
 .debug_loc     0x0000000000005394       0xac _build/nrf52832_xxaa/nrf_pwr_mgmt.c.o
 .debug_loc     0x0000000000005440      0x4c8 _build/nrf52832_xxaa/sdk_mapped_flags.c.o
 .debug_loc     0x0000000000005908      0x4b7 _build/nrf52832_xxaa/nrf_drv_clock.c.o
 .debug_loc     0x0000000000005dbf       0xd6 _build/nrf52832_xxaa/nrf_drv_common.c.o
 .debug_loc     0x0000000000005e95     0x1e5d _build/nrf52832_xxaa/nrf_drv_gpiote.c.o
 .debug_loc     0x0000000000007cf2     0x107f _build/nrf52832_xxaa/nrf_drv_spi.c.o
 .debug_loc     0x0000000000008d71     0x2bcc _build/nrf52832_xxaa/nrf_drv_uart.c.o
 .debug_loc     0x000000000000b93d      0x378 _build/nrf52832_xxaa/main.c.o
 .debug_loc     0x000000000000bcb5      0x8b6 _build/nrf52832_xxaa/come_on_ble.c.o
 .debug_loc     0x000000000000c56b      0xdca _build/nrf52832_xxaa/ble_conn_params.c.o
 .debug_loc     0x000000000000d335      0x52f _build/nrf52832_xxaa/ble_conn_state.c.o
 .debug_loc     0x000000000000d864      0x5ad _build/nrf52832_xxaa/ble_srv_common.c.o
 .debug_loc     0x000000000000de11      0xb60 _build/nrf52832_xxaa/nrf_ble_gatt.c.o
 .debug_loc     0x000000000000e971      0x2ff _build/nrf52832_xxaa/ble_lbs.c.o
 .debug_loc     0x000000000000ec70      0x272 _build/nrf52832_xxaa/nrf_sdh.c.o
 .debug_loc     0x000000000000eee2      0x29f _build/nrf52832_xxaa/nrf_sdh_ble.c.o
 .debug_loc     0x000000000000f181       0x74 _build/nrf52832_xxaa/nrf_sdh_soc.c.o
 .debug_loc     0x000000000000f1f5       0x2c /usr/lib/gcc/arm-none-eabi/4.9.3/../../../arm-none-eabi/lib/armv7e-m/fpu/libc_nano.a(lib_a-atexit.o)
 .debug_loc     0x000000000000f221       0x1e /usr/lib/gcc/arm-none-eabi/4.9.3/../../../arm-none-eabi/lib/armv7e-m/fpu/libc_nano.a(lib_a-exit.o)
 .debug_loc     0x000000000000f23f       0x3e /usr/lib/gcc/arm-none-eabi/4.9.3/../../../arm-none-eabi/lib/armv7e-m/fpu/libc_nano.a(lib_a-fini.o)
 .debug_loc     0x000000000000f27d       0x54 /usr/lib/gcc/arm-none-eabi/4.9.3/../../../arm-none-eabi/lib/armv7e-m/fpu/libc_nano.a(lib_a-init.o)
 .debug_loc     0x000000000000f2d1       0x87 /usr/lib/gcc/arm-none-eabi/4.9.3/../../../arm-none-eabi/lib/armv7e-m/fpu/libc_nano.a(lib_a-memcpy.o)
 .debug_loc     0x000000000000f358       0x57 /usr/lib/gcc/arm-none-eabi/4.9.3/../../../arm-none-eabi/lib/armv7e-m/fpu/libc_nano.a(lib_a-memset.o)
 .debug_loc     0x000000000000f3af      0x1a2 /usr/lib/gcc/arm-none-eabi/4.9.3/../../../arm-none-eabi/lib/armv7e-m/fpu/libc_nano.a(lib_a-__atexit.o)
 .debug_loc     0x000000000000f551      0x16c /usr/lib/gcc/arm-none-eabi/4.9.3/../../../arm-none-eabi/lib/armv7e-m/fpu/libc_nano.a(lib_a-__call_atexit.o)

.debug_ranges   0x0000000000000000     0x3930
 .debug_ranges  0x0000000000000000      0x980 _build/nrf52832_xxaa/nrf_log_frontend.c.o
 .debug_ranges  0x0000000000000980       0xa0 _build/nrf52832_xxaa/app_button.c.o
 .debug_ranges  0x0000000000000a20       0x20 _build/nrf52832_xxaa/app_error.c.o
 .debug_ranges  0x0000000000000a40       0x10 _build/nrf52832_xxaa/app_error_weak.c.o
 .debug_ranges  0x0000000000000a50      0x4f0 _build/nrf52832_xxaa/app_timer.c.o
 .debug_ranges  0x0000000000000f40       0x80 _build/nrf52832_xxaa/app_util_platform.c.o
 .debug_ranges  0x0000000000000fc0       0x70 _build/nrf52832_xxaa/nrf_balloc.c.o
 .debug_ranges  0x0000000000001030       0x78 _build/nrf52832_xxaa/nrf_memobj.c.o
 .debug_ranges  0x00000000000010a8       0x80 _build/nrf52832_xxaa/nrf_pwr_mgmt.c.o
 .debug_ranges  0x0000000000001128       0x18 _build/nrf52832_xxaa/nrf_section_iter.c.o
 .debug_ranges  0x0000000000001140      0x120 _build/nrf52832_xxaa/sdk_mapped_flags.c.o
 .debug_ranges  0x0000000000001260      0x3b0 _build/nrf52832_xxaa/nrf_drv_clock.c.o
 .debug_ranges  0x0000000000001610       0x38 _build/nrf52832_xxaa/nrf_drv_common.c.o
 .debug_ranges  0x0000000000001648      0x8b8 _build/nrf52832_xxaa/nrf_drv_gpiote.c.o
 .debug_ranges  0x0000000000001f00      0x420 _build/nrf52832_xxaa/nrf_drv_spi.c.o
 .debug_ranges  0x0000000000002320      0x858 _build/nrf52832_xxaa/nrf_drv_uart.c.o
 .debug_ranges  0x0000000000002b78      0x200 _build/nrf52832_xxaa/main.c.o
 .debug_ranges  0x0000000000002d78      0x1b0 _build/nrf52832_xxaa/come_on_ble.c.o
 .debug_ranges  0x0000000000002f28      0x228 _build/nrf52832_xxaa/ble_conn_params.c.o
 .debug_ranges  0x0000000000003150      0x108 _build/nrf52832_xxaa/ble_conn_state.c.o
 .debug_ranges  0x0000000000003258      0x160 _build/nrf52832_xxaa/ble_srv_common.c.o
 .debug_ranges  0x00000000000033b8       0xe0 _build/nrf52832_xxaa/nrf_ble_gatt.c.o
 .debug_ranges  0x0000000000003498      0x148 _build/nrf52832_xxaa/system_nrf52.c.o
 .debug_ranges  0x00000000000035e0       0x60 _build/nrf52832_xxaa/ble_lbs.c.o
 .debug_ranges  0x0000000000003640      0x1a8 _build/nrf52832_xxaa/nrf_sdh.c.o
 .debug_ranges  0x00000000000037e8       0xa0 _build/nrf52832_xxaa/nrf_sdh_ble.c.o
 .debug_ranges  0x0000000000003888       0x18 _build/nrf52832_xxaa/nrf_sdh_soc.c.o
 .debug_ranges  0x00000000000038a0       0x10 /usr/lib/gcc/arm-none-eabi/4.9.3/../../../arm-none-eabi/lib/armv7e-m/fpu/libc_nano.a(lib_a-atexit.o)
 .debug_ranges  0x00000000000038b0       0x10 /usr/lib/gcc/arm-none-eabi/4.9.3/../../../arm-none-eabi/lib/armv7e-m/fpu/libc_nano.a(lib_a-exit.o)
 .debug_ranges  0x00000000000038c0       0x10 /usr/lib/gcc/arm-none-eabi/4.9.3/../../../arm-none-eabi/lib/armv7e-m/fpu/libc_nano.a(lib_a-fini.o)
 .debug_ranges  0x00000000000038d0       0x10 /usr/lib/gcc/arm-none-eabi/4.9.3/../../../arm-none-eabi/lib/armv7e-m/fpu/libc_nano.a(lib_a-init.o)
 .debug_ranges  0x00000000000038e0       0x10 /usr/lib/gcc/arm-none-eabi/4.9.3/../../../arm-none-eabi/lib/armv7e-m/fpu/libc_nano.a(lib_a-memcpy.o)
 .debug_ranges  0x00000000000038f0       0x10 /usr/lib/gcc/arm-none-eabi/4.9.3/../../../arm-none-eabi/lib/armv7e-m/fpu/libc_nano.a(lib_a-memset.o)
 .debug_ranges  0x0000000000003900       0x10 /usr/lib/gcc/arm-none-eabi/4.9.3/../../../arm-none-eabi/lib/armv7e-m/fpu/libc_nano.a(lib_a-__atexit.o)
 .debug_ranges  0x0000000000003910       0x10 /usr/lib/gcc/arm-none-eabi/4.9.3/../../../arm-none-eabi/lib/armv7e-m/fpu/libc_nano.a(lib_a-__call_atexit.o)
 .debug_ranges  0x0000000000003920       0x10 /usr/lib/gcc/arm-none-eabi/4.9.3/../../../arm-none-eabi/lib/armv7e-m/fpu/libnosys.a(_exit.o)

.debug_macro    0x0000000000000000     0x632a
 .debug_macro   0x0000000000000000      0x38f _build/nrf52832_xxaa/nrf_log_frontend.c.o
 .debug_macro   0x000000000000038f       0x31 _build/nrf52832_xxaa/nrf_log_frontend.c.o
 .debug_macro   0x00000000000003c0       0x10 _build/nrf52832_xxaa/nrf_log_frontend.c.o
 .debug_macro   0x00000000000003d0       0x76 _build/nrf52832_xxaa/nrf_log_frontend.c.o
 .debug_macro   0x0000000000000446       0x92 _build/nrf52832_xxaa/nrf_log_frontend.c.o
 .debug_macro   0x00000000000004d8       0x16 _build/nrf52832_xxaa/nrf_log_frontend.c.o
 .debug_macro   0x00000000000004ee       0x3b _build/nrf52832_xxaa/nrf_log_frontend.c.o
 .debug_macro   0x0000000000000529      0x2f6 _build/nrf52832_xxaa/app_button.c.o
 .debug_macro   0x000000000000081f       0x16 _build/nrf52832_xxaa/app_button.c.o
 .debug_macro   0x0000000000000835       0x1c _build/nrf52832_xxaa/app_button.c.o
 .debug_macro   0x0000000000000851       0x28 _build/nrf52832_xxaa/app_button.c.o
 .debug_macro   0x0000000000000879       0x1f _build/nrf52832_xxaa/app_button.c.o
 .debug_macro   0x0000000000000898       0x30 _build/nrf52832_xxaa/app_button.c.o
 .debug_macro   0x00000000000008c8      0x206 _build/nrf52832_xxaa/app_error.c.o
 .debug_macro   0x0000000000000ace       0x35 _build/nrf52832_xxaa/app_error.c.o
 .debug_macro   0x0000000000000b03       0x22 _build/nrf52832_xxaa/app_error.c.o
 .debug_macro   0x0000000000000b25       0x16 _build/nrf52832_xxaa/app_error.c.o
 .debug_macro   0x0000000000000b3b       0x97 _build/nrf52832_xxaa/app_error.c.o
 .debug_macro   0x0000000000000bd2       0xef _build/nrf52832_xxaa/app_error.c.o
 .debug_macro   0x0000000000000cc1      0x365 _build/nrf52832_xxaa/app_error_weak.c.o
 .debug_macro   0x0000000000001026       0x16 _build/nrf52832_xxaa/app_error_weak.c.o
 .debug_macro   0x000000000000103c      0x167 _build/nrf52832_xxaa/app_error_weak.c.o
 .debug_macro   0x00000000000011a3       0x16 _build/nrf52832_xxaa/app_error_weak.c.o
 .debug_macro   0x00000000000011b9       0x1c _build/nrf52832_xxaa/app_error_weak.c.o
 .debug_macro   0x00000000000011d5      0x10d _build/nrf52832_xxaa/app_error_weak.c.o
 .debug_macro   0x00000000000012e2      0x322 _build/nrf52832_xxaa/app_timer.c.o
 .debug_macro   0x0000000000001604       0x16 _build/nrf52832_xxaa/app_timer.c.o
 .debug_macro   0x000000000000161a      0x256 _build/nrf52832_xxaa/app_util_platform.c.o
 .debug_macro   0x0000000000001870      0x318 _build/nrf52832_xxaa/nrf_balloc.c.o
 .debug_macro   0x0000000000001b88      0x167 _build/nrf52832_xxaa/nrf_balloc.c.o
 .debug_macro   0x0000000000001cef      0x303 _build/nrf52832_xxaa/nrf_memobj.c.o
 .debug_macro   0x0000000000001ff2      0x10e _build/nrf52832_xxaa/nrf_memobj.c.o
 .debug_macro   0x0000000000002100       0x7f _build/nrf52832_xxaa/nrf_memobj.c.o
 .debug_macro   0x000000000000217f       0x10 _build/nrf52832_xxaa/nrf_memobj.c.o
 .debug_macro   0x000000000000218f      0x438 _build/nrf52832_xxaa/nrf_pwr_mgmt.c.o
 .debug_macro   0x00000000000025c7       0x11 _build/nrf52832_xxaa/nrf_pwr_mgmt.c.o
 .debug_macro   0x00000000000025d8       0x10 _build/nrf52832_xxaa/nrf_pwr_mgmt.c.o
 .debug_macro   0x00000000000025e8       0x22 _build/nrf52832_xxaa/nrf_pwr_mgmt.c.o
 .debug_macro   0x000000000000260a       0x30 _build/nrf52832_xxaa/nrf_pwr_mgmt.c.o
 .debug_macro   0x000000000000263a      0x283 _build/nrf52832_xxaa/nrf_section_iter.c.o
 .debug_macro   0x00000000000028bd      0x114 _build/nrf52832_xxaa/sdk_mapped_flags.c.o
 .debug_macro   0x00000000000029d1       0x16 _build/nrf52832_xxaa/sdk_mapped_flags.c.o
 .debug_macro   0x00000000000029e7      0x377 _build/nrf52832_xxaa/nrf_drv_clock.c.o
 .debug_macro   0x0000000000002d5e       0x10 _build/nrf52832_xxaa/nrf_drv_clock.c.o
 .debug_macro   0x0000000000002d6e       0x28 _build/nrf52832_xxaa/nrf_drv_clock.c.o
 .debug_macro   0x0000000000002d96       0x2a _build/nrf52832_xxaa/nrf_drv_clock.c.o
 .debug_macro   0x0000000000002dc0       0x1c _build/nrf52832_xxaa/nrf_drv_clock.c.o
 .debug_macro   0x0000000000002ddc      0x2ca _build/nrf52832_xxaa/nrf_drv_common.c.o
 .debug_macro   0x00000000000030a6       0x22 _build/nrf52832_xxaa/nrf_drv_common.c.o
 .debug_macro   0x00000000000030c8      0x3b2 _build/nrf52832_xxaa/nrf_drv_gpiote.c.o
 .debug_macro   0x000000000000347a       0x16 _build/nrf52832_xxaa/nrf_drv_gpiote.c.o
 .debug_macro   0x0000000000003490      0x161 _build/nrf52832_xxaa/nrf_drv_gpiote.c.o
 .debug_macro   0x00000000000035f1      0x3ee _build/nrf52832_xxaa/nrf_drv_spi.c.o
 .debug_macro   0x00000000000039df       0x22 _build/nrf52832_xxaa/nrf_drv_spi.c.o
 .debug_macro   0x0000000000003a01       0x9e _build/nrf52832_xxaa/nrf_drv_spi.c.o
 .debug_macro   0x0000000000003a9f       0x37 _build/nrf52832_xxaa/nrf_drv_spi.c.o
 .debug_macro   0x0000000000003ad6      0x3a9 _build/nrf52832_xxaa/nrf_drv_uart.c.o
 .debug_macro   0x0000000000003e7f      0x34f _build/nrf52832_xxaa/main.c.o
 .debug_macro   0x00000000000041ce      0x55a _build/nrf52832_xxaa/come_on_ble.c.o
 .debug_macro   0x0000000000004728      0x39a _build/nrf52832_xxaa/ble_conn_params.c.o
 .debug_macro   0x0000000000004ac2       0x1c _build/nrf52832_xxaa/ble_conn_params.c.o
 .debug_macro   0x0000000000004ade       0x10 _build/nrf52832_xxaa/ble_conn_params.c.o
 .debug_macro   0x0000000000004aee       0x1c _build/nrf52832_xxaa/ble_conn_params.c.o
 .debug_macro   0x0000000000004b0a      0x324 _build/nrf52832_xxaa/ble_conn_state.c.o
 .debug_macro   0x0000000000004e2e      0x2c3 _build/nrf52832_xxaa/ble_srv_common.c.o
 .debug_macro   0x00000000000050f1      0x2b8 _build/nrf52832_xxaa/nrf_ble_gatt.c.o
 .debug_macro   0x00000000000053a9       0x10 _build/nrf52832_xxaa/nrf_ble_gatt.c.o
 .debug_macro   0x00000000000053b9       0xe6 _build/nrf52832_xxaa/system_nrf52.c.o
 .debug_macro   0x000000000000549f      0x336 _build/nrf52832_xxaa/ble_lbs.c.o
 .debug_macro   0x00000000000057d5       0x22 _build/nrf52832_xxaa/ble_lbs.c.o
 .debug_macro   0x00000000000057f7      0x341 _build/nrf52832_xxaa/nrf_sdh.c.o
 .debug_macro   0x0000000000005b38      0x15b _build/nrf52832_xxaa/nrf_sdh.c.o
 .debug_macro   0x0000000000005c93      0x369 _build/nrf52832_xxaa/nrf_sdh_ble.c.o
 .debug_macro   0x0000000000005ffc      0x318 _build/nrf52832_xxaa/nrf_sdh_soc.c.o
 .debug_macro   0x0000000000006314       0x16 _build/nrf52832_xxaa/nrf_sdh_soc.c.o

.debug_str      0x0000000000000000    0x81a82
 .debug_str     0x0000000000000000    0x6b3cf _build/nrf52832_xxaa/nrf_log_frontend.c.o
                                      0x6c198 (size before relaxing)
 .debug_str     0x000000000006b3cf     0x15c7 _build/nrf52832_xxaa/app_button.c.o
                                      0x68e66 (size before relaxing)
 .debug_str     0x000000000006c996      0x114 _build/nrf52832_xxaa/app_error.c.o
                                      0x63254 (size before relaxing)
 .debug_str     0x000000000006caaa      0xa21 _build/nrf52832_xxaa/app_error_weak.c.o
                                      0x6bacb (size before relaxing)
 .debug_str     0x000000000006d4cb      0xa33 _build/nrf52832_xxaa/app_timer.c.o
                                      0x69217 (size before relaxing)
 .debug_str     0x000000000006defe      0x245 _build/nrf52832_xxaa/app_util_platform.c.o
                                      0x64326 (size before relaxing)
 .debug_str     0x000000000006e143      0x195 _build/nrf52832_xxaa/nrf_balloc.c.o
                                      0x6af29 (size before relaxing)
 .debug_str     0x000000000006e2d8      0x1be _build/nrf52832_xxaa/nrf_memobj.c.o
                                      0x6973a (size before relaxing)
 .debug_str     0x000000000006e496     0x1701 _build/nrf52832_xxaa/nrf_pwr_mgmt.c.o
                                      0x6cff8 (size before relaxing)
 .debug_str     0x000000000006fb97       0x4b _build/nrf52832_xxaa/nrf_section_iter.c.o
                                      0x67cc4 (size before relaxing)
 .debug_str     0x000000000006fbe2      0x259 _build/nrf52832_xxaa/sdk_mapped_flags.c.o
                                      0x6006a (size before relaxing)
 .debug_str     0x000000000006fe3b     0x1108 _build/nrf52832_xxaa/nrf_drv_clock.c.o
                                      0x6bf8c (size before relaxing)
 .debug_str     0x0000000000070f43       0x53 _build/nrf52832_xxaa/nrf_drv_common.c.o
                                      0x691cf (size before relaxing)
 .debug_str     0x0000000000070f96     0x11ca _build/nrf52832_xxaa/nrf_drv_gpiote.c.o
                                      0x6ca5c (size before relaxing)
 .debug_str     0x0000000000072160     0x15cb _build/nrf52832_xxaa/nrf_drv_spi.c.o
                                      0x6cb6f (size before relaxing)
 .debug_str     0x000000000007372b     0x178b _build/nrf52832_xxaa/nrf_drv_uart.c.o
                                      0x6cd7d (size before relaxing)
 .debug_str     0x0000000000074eb6      0xfee _build/nrf52832_xxaa/main.c.o
                                      0x6a001 (size before relaxing)
 .debug_str     0x0000000000075ea4     0x8dcb _build/nrf52832_xxaa/come_on_ble.c.o
                                      0x76ef9 (size before relaxing)
 .debug_str     0x000000000007ec6f      0x34e _build/nrf52832_xxaa/ble_conn_params.c.o
                                      0x6fc7f (size before relaxing)
 .debug_str     0x000000000007efbd      0x730 _build/nrf52832_xxaa/ble_conn_state.c.o
                                      0x6dd85 (size before relaxing)
 .debug_str     0x000000000007f6ed      0x483 _build/nrf52832_xxaa/ble_srv_common.c.o
                                      0x6d3ff (size before relaxing)
 .debug_str     0x000000000007fb70      0x48d _build/nrf52832_xxaa/nrf_ble_gatt.c.o
                                      0x6ef3d (size before relaxing)
 .debug_str     0x000000000007fffd      0x25b _build/nrf52832_xxaa/system_nrf52.c.o
                                      0x5b969 (size before relaxing)
 .debug_str     0x0000000000080258      0x10f _build/nrf52832_xxaa/ble_lbs.c.o
                                      0x6f028 (size before relaxing)
 .debug_str     0x0000000000080367      0x521 _build/nrf52832_xxaa/nrf_sdh.c.o
                                      0x6bb4f (size before relaxing)
 .debug_str     0x0000000000080888      0x635 _build/nrf52832_xxaa/nrf_sdh_ble.c.o
                                      0x6fe28 (size before relaxing)
 .debug_str     0x0000000000080ebd      0x17b _build/nrf52832_xxaa/nrf_sdh_soc.c.o
                                      0x6abde (size before relaxing)
 .debug_str     0x0000000000081038      0x1c6 /usr/lib/gcc/arm-none-eabi/4.9.3/../../../arm-none-eabi/lib/armv7e-m/fpu/libc_nano.a(lib_a-atexit.o)
                                        0x25f (size before relaxing)
 .debug_str     0x00000000000811fe      0x32a /usr/lib/gcc/arm-none-eabi/4.9.3/../../../arm-none-eabi/lib/armv7e-m/fpu/libc_nano.a(lib_a-exit.o)
                                        0x594 (size before relaxing)
 .debug_str     0x0000000000081528       0xd6 /usr/lib/gcc/arm-none-eabi/4.9.3/../../../arm-none-eabi/lib/armv7e-m/fpu/libc_nano.a(lib_a-fini.o)
                                        0x257 (size before relaxing)
 .debug_str     0x00000000000815fe       0xe9 /usr/lib/gcc/arm-none-eabi/4.9.3/../../../arm-none-eabi/lib/armv7e-m/fpu/libc_nano.a(lib_a-impure.o)
                                        0x5ca (size before relaxing)
 .debug_str     0x00000000000816e7       0x8d /usr/lib/gcc/arm-none-eabi/4.9.3/../../../arm-none-eabi/lib/armv7e-m/fpu/libc_nano.a(lib_a-init.o)
                                        0x281 (size before relaxing)
 .debug_str     0x0000000000081774       0xaf /usr/lib/gcc/arm-none-eabi/4.9.3/../../../arm-none-eabi/lib/armv7e-m/fpu/libc_nano.a(lib_a-memcpy.o)
                                        0x236 (size before relaxing)
 .debug_str     0x0000000000081823       0x31 /usr/lib/gcc/arm-none-eabi/4.9.3/../../../arm-none-eabi/lib/armv7e-m/fpu/libc_nano.a(lib_a-memset.o)
                                        0x222 (size before relaxing)
 .debug_str     0x0000000000081854       0xb2 /usr/lib/gcc/arm-none-eabi/4.9.3/../../../arm-none-eabi/lib/armv7e-m/fpu/libc_nano.a(lib_a-__atexit.o)
                                        0x305 (size before relaxing)
 .debug_str     0x0000000000081906       0x54 /usr/lib/gcc/arm-none-eabi/4.9.3/../../../arm-none-eabi/lib/armv7e-m/fpu/libc_nano.a(lib_a-__call_atexit.o)
                                        0x2cb (size before relaxing)
 .debug_str     0x000000000008195a      0x128 /usr/lib/gcc/arm-none-eabi/4.9.3/../../../arm-none-eabi/lib/armv7e-m/fpu/libnosys.a(_exit.o)
                                        0x12e (size before relaxing)

.debug_frame    0x0000000000000000     0x1c84
 .debug_frame   0x0000000000000000      0x2f0 _build/nrf52832_xxaa/nrf_log_frontend.c.o
 .debug_frame   0x00000000000002f0       0xe0 _build/nrf52832_xxaa/app_button.c.o
 .debug_frame   0x00000000000003d0       0x70 _build/nrf52832_xxaa/app_error.c.o
 .debug_frame   0x0000000000000440       0x28 _build/nrf52832_xxaa/app_error_weak.c.o
 .debug_frame   0x0000000000000468      0x14c _build/nrf52832_xxaa/app_timer.c.o
 .debug_frame   0x00000000000005b4       0x94 _build/nrf52832_xxaa/app_util_platform.c.o
 .debug_frame   0x0000000000000648       0x70 _build/nrf52832_xxaa/nrf_balloc.c.o
 .debug_frame   0x00000000000006b8       0xdc _build/nrf52832_xxaa/nrf_memobj.c.o
 .debug_frame   0x0000000000000794       0x98 _build/nrf52832_xxaa/nrf_pwr_mgmt.c.o
 .debug_frame   0x000000000000082c       0x30 _build/nrf52832_xxaa/nrf_section_iter.c.o
 .debug_frame   0x000000000000085c      0x10c _build/nrf52832_xxaa/sdk_mapped_flags.c.o
 .debug_frame   0x0000000000000968      0x1ec _build/nrf52832_xxaa/nrf_drv_clock.c.o
 .debug_frame   0x0000000000000b54       0x3c _build/nrf52832_xxaa/nrf_drv_common.c.o
 .debug_frame   0x0000000000000b90      0x25c _build/nrf52832_xxaa/nrf_drv_gpiote.c.o
 .debug_frame   0x0000000000000dec      0x124 _build/nrf52832_xxaa/nrf_drv_spi.c.o
 .debug_frame   0x0000000000000f10      0x1ac _build/nrf52832_xxaa/nrf_drv_uart.c.o
 .debug_frame   0x00000000000010bc       0xac _build/nrf52832_xxaa/main.c.o
 .debug_frame   0x0000000000001168      0x178 _build/nrf52832_xxaa/come_on_ble.c.o
 .debug_frame   0x00000000000012e0      0x11c _build/nrf52832_xxaa/ble_conn_params.c.o
 .debug_frame   0x00000000000013fc      0x220 _build/nrf52832_xxaa/ble_conn_state.c.o
 .debug_frame   0x000000000000161c       0xd0 _build/nrf52832_xxaa/ble_srv_common.c.o
 .debug_frame   0x00000000000016ec       0xf4 _build/nrf52832_xxaa/nrf_ble_gatt.c.o
 .debug_frame   0x00000000000017e0       0x48 _build/nrf52832_xxaa/system_nrf52.c.o
 .debug_frame   0x0000000000001828       0xbc _build/nrf52832_xxaa/ble_lbs.c.o
 .debug_frame   0x00000000000018e4      0x120 _build/nrf52832_xxaa/nrf_sdh.c.o
 .debug_frame   0x0000000000001a04       0xc4 _build/nrf52832_xxaa/nrf_sdh_ble.c.o
 .debug_frame   0x0000000000001ac8       0x3c _build/nrf52832_xxaa/nrf_sdh_soc.c.o
 .debug_frame   0x0000000000001b04       0x20 /usr/lib/gcc/arm-none-eabi/4.9.3/../../../arm-none-eabi/lib/armv7e-m/fpu/libc_nano.a(lib_a-atexit.o)
 .debug_frame   0x0000000000001b24       0x28 /usr/lib/gcc/arm-none-eabi/4.9.3/../../../arm-none-eabi/lib/armv7e-m/fpu/libc_nano.a(lib_a-exit.o)
 .debug_frame   0x0000000000001b4c       0x34 /usr/lib/gcc/arm-none-eabi/4.9.3/../../../arm-none-eabi/lib/armv7e-m/fpu/libc_nano.a(lib_a-fini.o)
 .debug_frame   0x0000000000001b80       0x2c /usr/lib/gcc/arm-none-eabi/4.9.3/../../../arm-none-eabi/lib/armv7e-m/fpu/libc_nano.a(lib_a-init.o)
 .debug_frame   0x0000000000001bac       0x28 /usr/lib/gcc/arm-none-eabi/4.9.3/../../../arm-none-eabi/lib/armv7e-m/fpu/libc_nano.a(lib_a-memcpy.o)
 .debug_frame   0x0000000000001bd4       0x20 /usr/lib/gcc/arm-none-eabi/4.9.3/../../../arm-none-eabi/lib/armv7e-m/fpu/libc_nano.a(lib_a-memset.o)
 .debug_frame   0x0000000000001bf4       0x34 /usr/lib/gcc/arm-none-eabi/4.9.3/../../../arm-none-eabi/lib/armv7e-m/fpu/libc_nano.a(lib_a-__atexit.o)
 .debug_frame   0x0000000000001c28       0x3c /usr/lib/gcc/arm-none-eabi/4.9.3/../../../arm-none-eabi/lib/armv7e-m/fpu/libc_nano.a(lib_a-__call_atexit.o)
 .debug_frame   0x0000000000001c64       0x20 /usr/lib/gcc/arm-none-eabi/4.9.3/../../../arm-none-eabi/lib/armv7e-m/fpu/libnosys.a(_exit.o)
